http://cloudyfiles.com/qtdn6wj5m7di
http://cloudyfiles.com/m4tada30j9g6
http://cloudyfiles.com/lrp1krobo6x0
http://cloudyfiles.com/ls8u09u4diyl
http://cloudyfiles.com/7sxqhkk66akr
http://cloudyfiles.com/hog9jt058zkj
http://cloudyfiles.com/kxaonx3iov91
http://cloudyfiles.com/edg08tr7gimj
http://cloudyfiles.com/g003oan5mtha
http://cloudyfiles.com/mod60svbvqxw
http://cloudyfiles.com/5eai6q3h1u60
http://cloudyfiles.com/3qlymyp8jf9v
http://cloudyfiles.com/yl4luufx5xwf
http://cloudyfiles.com/nd5qufpt6rvr
http://cloudyfiles.com/jik9vo4s5noq
http://cloudyfiles.com/43pjd87g5q7o
http://cloudyfiles.com/f1ouz8hvhqw9
http://cloudyfiles.com/da7349a74axo
http://cloudyfiles.com/kpap89jvnkbr
http://cloudyfiles.com/rqt3cqbz4wzl
http://cloudyfiles.com/dsxg60qyg8pj
http://cloudyfiles.com/nccbni169gpv
http://cloudyfiles.com/bnqoqskzyv7l
http://cloudyfiles.com/t2ca3jsbx00f
http://cloudyfiles.com/56uvtec2hm6n
http://cloudyfiles.com/uo7e1n5f1rb6
http://cloudyfiles.com/38dwg31ywaul
http://cloudyfiles.com/990v2x6jq5qu
http://cloudyfiles.com/12jd25aeibx4
http://cloudyfiles.com/ar02uez55fwm
http://cloudyfiles.com/o5nm7yt8td37
http://cloudyfiles.com/exv9rv4e5hbn
http://cloudyfiles.com/lgwscoxpq13b
http://cloudyfiles.com/h03g11qw8goq
http://cloudyfiles.com/v87urq786bd0
http://cloudyfiles.com/74q15g17e81x
http://cloudyfiles.com/cgr5fmtdjpup
http://cloudyfiles.com/1qz2uflb32cx
http://cloudyfiles.com/fh4q5zgdlwlu
http://cloudyfiles.com/btmw3o7a3yuz
http://cloudyfiles.com/9snm8cru8ymw
http://cloudyfiles.com/zulkms99b7pp
http://cloudyfiles.com/5c7a1anmcyr9
http://cloudyfiles.com/3tso1f7n2n5j
http://cloudyfiles.com/fh5ggh8wmmkp
http://cloudyfiles.com/1q12s5ndikvd
http://cloudyfiles.com/bvm2yi23s6za
http://cloudyfiles.com/gjrpq3nuyr22
http://cloudyfiles.com/4galodeiqos7
http://cloudyfiles.com/qqed3lvacis6
http://cloudyfiles.com/7zjjg7no58dp
http://cloudyfiles.com/8fmfgfaiess9
http://cloudyfiles.com/i0vvtmg59xa8
http://cloudyfiles.com/4n2ketwaplps
http://cloudyfiles.com/dqfgyl5cpsxf
http://cloudyfiles.com/2dmyn85assvo
http://cloudyfiles.com/chndu2gnka3w
http://cloudyfiles.com/jp23fjuukqqo
http://cloudyfiles.com/3nq62x90mz4w
http://cloudyfiles.com/t8e97pbn9din
http://cloudyfiles.com/rvlk393rm7iw
http://cloudyfiles.com/8xupvombxzen
http://cloudyfiles.com/hatq2ta59b12
http://cloudyfiles.com/dpckyqkyekss
http://cloudyfiles.com/8d4g78pxk1xo
http://cloudyfiles.com/azfstamb8aw0
http://cloudyfiles.com/7jwkjh98x8bl
http://cloudyfiles.com/izn1ope6792x
http://cloudyfiles.com/dvim94hpzs1b
http://cloudyfiles.com/kdc5nrp60922
http://cloudyfiles.com/g81pr26y9asa
http://cloudyfiles.com/29ptfvlqb769
http://cloudyfiles.com/r3gsek99hn7c
http://cloudyfiles.com/da1vf7mafnqh
http://cloudyfiles.com/4ezucyxke2bn
http://cloudyfiles.com/8q46yhuo66tn
http://cloudyfiles.com/v12gm3ue5w77
http://cloudyfiles.com/kih370jdnrad
http://cloudyfiles.com/engnwrv9chzd
http://cloudyfiles.com/f3tfkrbzdig5
http://cloudyfiles.com/95ddwphdj1hf
http://cloudyfiles.com/rzi1ul9wrk87
http://cloudyfiles.com/pw3cd6cnp1m6
http://cloudyfiles.com/pqgck07oh1fo
http://cloudyfiles.com/i7o0x18ccee3
http://cloudyfiles.com/1yq23wd34uwa
http://cloudyfiles.com/mgbvaechf2iv
http://cloudyfiles.com/vghg72g6s0nx
http://cloudyfiles.com/47lv9cp4d8fp
http://cloudyfiles.com/7i8r1ngicv4y
http://cloudyfiles.com/7p68wkdynwzf
http://cloudyfiles.com/f8vuotp5qp59
http://cloudyfiles.com/xxe7da3hn5m0
http://cloudyfiles.com/tr3l41q3vj04
http://cloudyfiles.com/59vi4kw4g39c
http://cloudyfiles.com/pwlb4npkg567
http://cloudyfiles.com/k6tl8n21072w
http://cloudyfiles.com/hnsx2ched9di
http://cloudyfiles.com/ec8db7d7o6gr
http://cloudyfiles.com/it39e68mun9f
http://cloudyfiles.com/qtdn6wj5m7di