http://drfile.net/6ms6od767gyv
http://drfile.net/h5y4iktxwfx3
http://drfile.net/hbexlm6nry33
http://drfile.net/pexj22ep57fz
http://drfile.net/7vcwjy035g8k
http://drfile.net/yl6dwko5yvj5
http://drfile.net/z11fp2j6g25b
http://drfile.net/q4vge135ubac
http://drfile.net/krs7gfa76jsk
http://drfile.net/dj2st3a4soci
http://drfile.net/0jlilop9g041
http://drfile.net/cm408q5rmxks
http://drfile.net/a056eg0trn02
http://drfile.net/c0we3vn4fog0
http://drfile.net/qcb7xwbtmyp5
http://drfile.net/nx3kx72p7027
http://drfile.net/i3a71m8bcpkr
http://drfile.net/u8g8cxsjnic7
http://drfile.net/58lncs7wejsf
http://drfile.net/uzmu2ubzf580
http://drfile.net/7yngkjsy2nom
http://drfile.net/d2i37nh6nvbu
http://drfile.net/ecf6us5ilwvy
http://drfile.net/e86thb0bfa36
http://drfile.net/k38kueyaitcw
http://drfile.net/yjga6h616t5w
http://drfile.net/h2c9udhz1pvf
http://drfile.net/2gaqx06sl230
http://drfile.net/tf4mice3k58m
http://drfile.net/9ahhztw5ce3c
http://drfile.net/ajjirb73bv3b
http://drfile.net/p2lps0byrc3f
http://drfile.net/gqbrtw86pg6s
http://drfile.net/7f5qr88mahog
http://drfile.net/pd64bp49y2tj
http://drfile.net/5dkua095hrg5
http://drfile.net/jg3233b7e2e7
http://drfile.net/2uh3mp6d7axk
http://drfile.net/ofis7fdjsqo9
http://drfile.net/pelli877lwkm
http://drfile.net/to6t67kf64jn
http://drfile.net/hh5q4qtdbtb1
http://drfile.net/h1s0xobcfj6y
http://drfile.net/ik1ovukxxcci
http://drfile.net/nqq5e8wv57z9
http://drfile.net/f3cbcf2zx3fj
http://drfile.net/ipvdk6dwvnr6
http://drfile.net/36dt7tgycq5d
http://drfile.net/uon9j3uveh6x
http://drfile.net/dnqjgop8b96w
http://drfile.net/ds28b9g3jvgi
http://drfile.net/yrbg36r7ejl9
http://drfile.net/h14i4tct513j
http://drfile.net/6oa2qns350p5
http://drfile.net/ntb30eoxcb6t
http://drfile.net/79ab9mpunj4s
http://drfile.net/yvoi8y3c1c9f
http://drfile.net/etlx3h689pif
http://drfile.net/459i4630laik
http://drfile.net/miqe7zppfda1
http://drfile.net/jchyfsv1dd2i
http://drfile.net/04iihfs8jakx
http://drfile.net/jypu67beaz1t
http://drfile.net/reuf92efitfw
http://drfile.net/k7wpr1zldano
http://drfile.net/z1f5584s2ka4
http://drfile.net/3jdo22kqpqxd
http://drfile.net/gjum7vyirkhb
http://drfile.net/ieyel105k2sv
http://drfile.net/378bwgjpp8ma
http://drfile.net/icysij0nzsec
http://drfile.net/acoyr9aa7lah
http://drfile.net/86sinhdoqa60
http://drfile.net/y0zf18qqaiu0
http://drfile.net/arnpu4pvt5ok
http://drfile.net/h7qupnjri393
http://drfile.net/itswf8xsje9u
http://drfile.net/djwk1aoa3dxv
http://drfile.net/wx92euk56l7q
http://drfile.net/2mvtew31akrm
http://drfile.net/4n5ggz31mis3
http://drfile.net/ysyzdb68bacl
http://drfile.net/pygymramun62
http://drfile.net/wiptkyzix58c
http://drfile.net/2eqe3tp54ry8
http://drfile.net/yi8m9mri9cwl
http://drfile.net/yv81spmm5jed
http://drfile.net/9wmvhrghof3r
http://drfile.net/rk5zjp81ebac
http://drfile.net/qe5pqbaofzlk
http://drfile.net/74rjxw62uc02
http://drfile.net/s72hs93mc0go
http://drfile.net/s4jev1vb4xlv
http://drfile.net/xi7zh5cq2iv9
http://drfile.net/tneihzulhjld
http://drfile.net/fjhzbh7p4rfl
http://drfile.net/xi8gi1e2nal6
http://drfile.net/ixuiomykc9y6
http://drfile.net/jxa6lrochtgg
http://drfile.net/w12ofukcy187
http://drfile.net/6ms6od767gyv