http://europeup.com/1kk0x5bwqg3h
http://europeup.com/zcdw4yeibz1j
http://europeup.com/l7ai752eosnc
http://europeup.com/9olbixom6uqx
http://europeup.com/nqg3fkmv2k9a
http://europeup.com/nvtkj0ac8hnl
http://europeup.com/fn3bbxdxhh1k
http://europeup.com/mckut4ok3ggk
http://europeup.com/ejblbsmfbdw0
http://europeup.com/e35lhunhduew
http://europeup.com/1da8a5lodfsx
http://europeup.com/kllb65oe4z2s
http://europeup.com/jkidaux93s6o
http://europeup.com/i1jot415xrxx
http://europeup.com/dqo7to9o6eg6
http://europeup.com/sot9ol8kb7dn
http://europeup.com/kvfry4owtgrl
http://europeup.com/yngrio6eqs0w
http://europeup.com/00cdw2v2tu5f
http://europeup.com/adzzuzbku1bd
http://europeup.com/blyo07dxxpjc
http://europeup.com/vc0abqzztqb6
http://europeup.com/cv9ym3dh4dsy
http://europeup.com/yhmklm3hetkc
http://europeup.com/0fk5v3p9uwhw
http://europeup.com/jpyhyimor41q
http://europeup.com/q5rhubq8a22s
http://europeup.com/nsy5142vci6d
http://europeup.com/4g4612liqsai
http://europeup.com/d2dylsl80b1w
http://europeup.com/a4kn43p1nld4
http://europeup.com/g1ime30x7djv
http://europeup.com/5hzzrq2x3cgw
http://europeup.com/y09mcm7csgnk
http://europeup.com/3qjacvy0bicm
http://europeup.com/ksu7pd5jah9t
http://europeup.com/geftczfvom7g
http://europeup.com/p3r06olgjwgv
http://europeup.com/h5qk4u88fcrn
http://europeup.com/uzidyv2ykqpi
http://europeup.com/4i2hwzwbwk29
http://europeup.com/0hrggmaph6g7
http://europeup.com/ej4fo04t0nfq
http://europeup.com/yz2rncyome27
http://europeup.com/1puk8zbyl5h7
http://europeup.com/p0bgnrjifvk0
http://europeup.com/alsmqb8fyjtm
http://europeup.com/j49byjujgz0s
http://europeup.com/0wxlpcxqrk3y
http://europeup.com/2q2inqrr9erg
http://europeup.com/zni98f0a3rbb
http://europeup.com/2kyuvicc18yr
http://europeup.com/c7alcrdul8pv
http://europeup.com/chvkcwyvipvc
http://europeup.com/qm56isesufge
http://europeup.com/ca7w9butqz6f
http://europeup.com/7p7wq5u76rdi
http://europeup.com/gjceurdlxh9h
http://europeup.com/ss8b0vebkodd
http://europeup.com/4hta3m7syyyr
http://europeup.com/vs5fuk3hda3c
http://europeup.com/gv0olag0eysk
http://europeup.com/uhe6o4bf04dn
http://europeup.com/1l99at77cjdp
http://europeup.com/epu02sab8ghb
http://europeup.com/pl7ro2ff289b
http://europeup.com/da4xv6vb2zeu
http://europeup.com/bj964r4wafw6
http://europeup.com/u3cxpcgeokew
http://europeup.com/w8aqsothgc70
http://europeup.com/jdtlydtl32ct
http://europeup.com/fm3c3tmlk3le
http://europeup.com/ov0sbnujmbzo
http://europeup.com/8g5wo9s8rwe2
http://europeup.com/2wipfss0s1o3
http://europeup.com/3uesrto2utqc
http://europeup.com/ynb0cuf83qlw
http://europeup.com/8inx1wew5kfx
http://europeup.com/kq0tvkv0mgmv
http://europeup.com/k9ri9iul653u
http://europeup.com/ptaq505arw3l
http://europeup.com/tujuqitvltat
http://europeup.com/y8l6wv9ccxcj
http://europeup.com/61frqms5efoi
http://europeup.com/p7qjllab58w8
http://europeup.com/7w4ggua8rl24
http://europeup.com/4ipabyih10wy
http://europeup.com/zcf8spyqeaq5
http://europeup.com/t946jlg6792h
http://europeup.com/f6c5pm57w2h6
http://europeup.com/70zfkak5paqu
http://europeup.com/6j0n29g0wbmi
http://europeup.com/6mym1hvtev2h
http://europeup.com/18ja950hpvox
http://europeup.com/oq7y12296wry
http://europeup.com/dsk8uahyemqz
http://europeup.com/0xo8fyarhumt
http://europeup.com/gj3rgdmk8rxa
http://europeup.com/cf3a75mdijen
http://europeup.com/b3z35yri8mba
http://europeup.com/1kk0x5bwqg3h