http://sonifiles.com/jji9gik2uajc.html
http://sonifiles.com/opb6g9317crz.html
http://sonifiles.com/eacoexxujpgq.html
http://sonifiles.com/k7zoxuy3n6ec.html
http://sonifiles.com/mgp4lnx7oqpr.html
http://sonifiles.com/eole5rvajdwm.html
http://sonifiles.com/u4vfvii04gxi.html
http://sonifiles.com/tqv0t03gibjx.html
http://sonifiles.com/lej8xa54hiof.html
http://sonifiles.com/kriip2q4u1jn.html
http://sonifiles.com/gvkvazq0g0o6.html
http://sonifiles.com/nmmkg4rcxcxk.html
http://sonifiles.com/mlgfpjplg2c9.html
http://sonifiles.com/g8h81qh6yklt.html
http://sonifiles.com/c7fm0v27c1mr.html
http://sonifiles.com/mfie0xw9bob6.html
http://sonifiles.com/1b09vkcjxw12.html
http://sonifiles.com/nv6afuuzyqge.html
http://sonifiles.com/a6eemuy4vutb.html
http://sonifiles.com/1sfvs7zs67m7.html
http://sonifiles.com/yqmw56cqy0p3.html
http://sonifiles.com/k5yg9udyfpl5.html
http://sonifiles.com/lwlj90jezy9h.html
http://sonifiles.com/9vz1ix54ykek.html
http://sonifiles.com/sbnrnnx5eevl.html
http://sonifiles.com/g9oxckclqx68.html
http://sonifiles.com/g6ae5hprglnv.html
http://sonifiles.com/55ej3nb8m98r.html
http://sonifiles.com/jy1cpsdw1vtr.html
http://sonifiles.com/jbrxp24fundb.html
http://sonifiles.com/i9zbhz0t19b8.html
http://sonifiles.com/1lxxluffdmlv.html
http://sonifiles.com/77g0ugvpk1wd.html
http://sonifiles.com/r9jr3s6bmz0h.html
http://sonifiles.com/jm3pfxj8hizc.html
http://sonifiles.com/6rfm550xwbwp.html
http://sonifiles.com/f3o504q3gau3.html
http://sonifiles.com/v02j3j5mvxnl.html
http://sonifiles.com/sjjvev7ub13z.html
http://sonifiles.com/26ghd1uauyc2.html
http://sonifiles.com/qnow4hikctuw.html
http://sonifiles.com/d3gtjgz10i4e.html
http://sonifiles.com/g4bh9ey84s8p.html
http://sonifiles.com/ncjfvbok7y3e.html
http://sonifiles.com/8us6zfxzq0v6.html
http://sonifiles.com/omsbr1ql71ab.html
http://sonifiles.com/yhpi7u2j8jqa.html
http://sonifiles.com/z3oaydydvh9o.html
http://sonifiles.com/809klkxss2wf.html
http://sonifiles.com/4qf81oyje0w3.html
http://sonifiles.com/neiob55mijjm.html
http://sonifiles.com/92oysk6wtdqh.html
http://sonifiles.com/itd51bp7ypuu.html
http://sonifiles.com/rifdiow9e8el.html
http://sonifiles.com/hsyc6w257o4m.html
http://sonifiles.com/2qrgdqpn5mmf.html
http://sonifiles.com/8ujnm8mnjds4.html
http://sonifiles.com/zsll0i4jbvo0.html
http://sonifiles.com/g0s3vg8f0tza.html
http://sonifiles.com/o4md66152v3g.html
http://sonifiles.com/07yuryqqw8vb.html
http://sonifiles.com/mth5ut6zfs2n.html
http://sonifiles.com/j9ytryoo4hai.html
http://sonifiles.com/mg2vyafcbc26.html
http://sonifiles.com/ohsvjfdrbq8f.html
http://sonifiles.com/obk8gk36dmxr.html
http://sonifiles.com/yixzfyociqi8.html
http://sonifiles.com/efkyhbifux1i.html
http://sonifiles.com/zugtxeqhzy40.html
http://sonifiles.com/ab6n0hx7vaad.html
http://sonifiles.com/vxip6mp0s8eo.html
http://sonifiles.com/r6pwu7k4l9ea.html
http://sonifiles.com/0oy2taxtte6i.html
http://sonifiles.com/cbbgsytydkav.html
http://sonifiles.com/3huiz3jbaj82.html
http://sonifiles.com/ajmp8rde59fv.html
http://sonifiles.com/jqfi2zo2z9se.html
http://sonifiles.com/oxcblnz3h3ca.html
http://sonifiles.com/skvt2xpr7psn.html
http://sonifiles.com/svxycy8qya05.html
http://sonifiles.com/1ag1ljllq0ah.html
http://sonifiles.com/0hjhzhzrmqsl.html
http://sonifiles.com/lwqlt3kxhlqc.html
http://sonifiles.com/eiqj2gw0jrpv.html
http://sonifiles.com/f5664fppq7i3.html
http://sonifiles.com/dijv8anvsqen.html
http://sonifiles.com/p6rynnqw660i.html
http://sonifiles.com/5qrev7i4pnvh.html
http://sonifiles.com/ynyo14qk6spb.html
http://sonifiles.com/xz3o8v7areuj.html
http://sonifiles.com/3d7vhw5veej6.html
http://sonifiles.com/o7rngh908d78.html
http://sonifiles.com/mq4shmo7b4p8.html
http://sonifiles.com/sw3hgh34c5fz.html
http://sonifiles.com/fzkondn2yjxt.html
http://sonifiles.com/ts3fklqdfkoe.html
http://sonifiles.com/kf5y28gi3jxl.html
http://sonifiles.com/h6ueh5fofgd3.html
http://sonifiles.com/rag36pnu8i49.html
http://sonifiles.com/zl463m3h9u1c.html
http://sonifiles.com/jji9gik2uajc.html