http://suprafiles.net/aoiseu6mqkjx
http://suprafiles.net/t99zdhvcjajy
http://suprafiles.net/wugv9a1zzb76
http://suprafiles.net/im6e9udms8vm
http://suprafiles.net/jedkmiju39qy
http://suprafiles.net/nrhwv55u3t6x
http://suprafiles.net/lcxivzbgwf7g
http://suprafiles.net/it1nsoaosqa3
http://suprafiles.net/8txmrc48y98g
http://suprafiles.net/m9wkslxh10tc
http://suprafiles.net/z22qo8fow7ts
http://suprafiles.net/obhocq9i0nae
http://suprafiles.net/hkk43gg5sxex
http://suprafiles.net/a1glnjyfdhb4
http://suprafiles.net/t2fseyd2em7l
http://suprafiles.net/spao0rbqgec2
http://suprafiles.net/493jkuwct46y
http://suprafiles.net/ig53lvtxxmxs
http://suprafiles.net/re2ml5egl743
http://suprafiles.net/gyv4fxd6z56v
http://suprafiles.net/vyc0yf640u6t
http://suprafiles.net/lmvvctvj2f0w
http://suprafiles.net/8l070gxfyi7d
http://suprafiles.net/q7vdruvlbzyq
http://suprafiles.net/gbwtu8lvxwiv
http://suprafiles.net/d7vzdly103zc
http://suprafiles.net/qdfrmyoi5fzi
http://suprafiles.net/zdra9aov8f1z
http://suprafiles.net/abl8a8actegf
http://suprafiles.net/x1rhj3annkya
http://suprafiles.net/mji01r75rv89
http://suprafiles.net/n6nb4ecgjnqi
http://suprafiles.net/3vpbgmjab19p
http://suprafiles.net/xjv4r15fehpp
http://suprafiles.net/kyiuecefoses
http://suprafiles.net/f6pz8j01ynbv
http://suprafiles.net/zxjqyznowrcw
http://suprafiles.net/p0qvlt1y0ouz
http://suprafiles.net/ptzkixykuaav
http://suprafiles.net/qz3jj0zqvyar
http://suprafiles.net/nz0w2w9wcsht
http://suprafiles.net/wlzkcvy73sq3
http://suprafiles.net/c7hwm38hc74h
http://suprafiles.net/ojm778jga1ww
http://suprafiles.net/80h3s7hvsdzd
http://suprafiles.net/a5m8ath1a40w
http://suprafiles.net/d89ftya6jn2u
http://suprafiles.net/njls73cehfjy
http://suprafiles.net/4ehfc77gfsly
http://suprafiles.net/1ucpnkxn3ct6
http://suprafiles.net/i2a4ssfwycjf
http://suprafiles.net/tq0s1z587o3t
http://suprafiles.net/xyw8fnay9jcx
http://suprafiles.net/loh0wq3cq9l4
http://suprafiles.net/n9gflzy90i1d
http://suprafiles.net/jojhaje6oqjd
http://suprafiles.net/d49ed5m20dvo
http://suprafiles.net/icssad1ygws0
http://suprafiles.net/c4juy5ef2rs2
http://suprafiles.net/92qiatghi179
http://suprafiles.net/kgqdgo3s6xbj
http://suprafiles.net/111er4bc66q2
http://suprafiles.net/d8xbp8qijqdi
http://suprafiles.net/5xvvgnr9xbs2
http://suprafiles.net/59jkcye14sza
http://suprafiles.net/wx5hedjh43ye
http://suprafiles.net/lhgqmufjn60f
http://suprafiles.net/ybg0tbntxy9x
http://suprafiles.net/6g4lmg9uppe7
http://suprafiles.net/c89fflyjvn0x
http://suprafiles.net/6mkmhx43hypa
http://suprafiles.net/lv71u97a0tu1
http://suprafiles.net/in0lka0cu8bt
http://suprafiles.net/cgzp36mfhaw6
http://suprafiles.net/wcagnyuz9gpg
http://suprafiles.net/sd2b9nty9dra
http://suprafiles.net/4n6gd7u633za
http://suprafiles.net/utj8zod8ujt7
http://suprafiles.net/smv6fly2dqvy
http://suprafiles.net/977lpipjkhwv
http://suprafiles.net/2tw95nzyoirh
http://suprafiles.net/8dev1s2y7hz9
http://suprafiles.net/vgu3g05wsty6
http://suprafiles.net/4x39031d2c64
http://suprafiles.net/u07pmpfo3sgb
http://suprafiles.net/0d8ejj46vphc
http://suprafiles.net/fbzopx3kvhwg
http://suprafiles.net/hsp78ji33nnw
http://suprafiles.net/oot7zsq3m26d
http://suprafiles.net/qipfg933xfab
http://suprafiles.net/l97hbuvj3ry7
http://suprafiles.net/2jl628j6hoys
http://suprafiles.net/664lyzvg6859
http://suprafiles.net/jvqgsxxkbv3x
http://suprafiles.net/a8rmv7auiu8a
http://suprafiles.net/77zing0z8v97
http://suprafiles.net/dy7k9ax07tqf
http://suprafiles.net/f5s1k5l3ib2l
http://suprafiles.net/9m7ktovlt34b
http://suprafiles.net/rad9ielphtwp