http://file.up09.com/jha695s22xe2
http://file.up09.com/8hxy4204rf4p
http://file.up09.com/ln9d1kvt4vep
http://file.up09.com/mzf6f5ui8p63
http://file.up09.com/zakoeynjbjqz
http://file.up09.com/78yz5cr88izw
http://file.up09.com/6d6rg5afsjqc
http://file.up09.com/jms1udpaq9ao
http://file.up09.com/cblh1ryqdn6s
http://file.up09.com/gqxjlf3tc0h3
http://file.up09.com/hq8zqwhkoxc6
http://file.up09.com/07df24cm1g5r
http://file.up09.com/v3i53a1yc9p1
http://file.up09.com/lo7x1q7uwj5w
http://file.up09.com/ggznnu7eeiwr
http://file.up09.com/yrdt4cnnbj38
http://file.up09.com/mrmx6kdmfdhn
http://file.up09.com/qu71tl6d05hw
http://file.up09.com/a2g7r3or6vn6
http://file.up09.com/d9wnoyduxehw
http://file.up09.com/fx34e5wvtwyb
http://file.up09.com/l1svt8im8vxn
http://file.up09.com/6od39q852r0n
http://file.up09.com/g7t8zophbexx
http://file.up09.com/00ptefzfd1ya
http://file.up09.com/103oe125vkov
http://file.up09.com/0esu7xg10qu1
http://file.up09.com/52uf1qk30fmj
http://file.up09.com/kg7g7muy398l
http://file.up09.com/93q2ae75q8i2
http://file.up09.com/yh84z8tqt447
http://file.up09.com/00wspx2widfz
http://file.up09.com/6x7jq7pcwkln
http://file.up09.com/6wup6zsa6r2q
http://file.up09.com/xq4uqwi3bv8z
http://file.up09.com/ywgapgcyuelk
http://file.up09.com/8cyz2no5l266
http://file.up09.com/05lbagoqevrt
http://file.up09.com/kgtdidg11so2
http://file.up09.com/tddqx24fo17c
http://file.up09.com/j0q1uc76sb1s
http://file.up09.com/gwgis5eknm15
http://file.up09.com/f0r3q19fd6bx
http://file.up09.com/7whn9n21di3i
http://file.up09.com/xm4svj4raua0
http://file.up09.com/6pf9pcxi5ppy
http://file.up09.com/ki7wcd0wnep3
http://file.up09.com/bqu0c2zggwqv
http://file.up09.com/wkwbo9txyz0b
http://file.up09.com/yaxggps9fr31
http://file.up09.com/66l0laaop0b8
http://file.up09.com/qbkpsawsnh1p
http://file.up09.com/kccoljo7v2c1
http://file.up09.com/d0coo6clk3f6
http://file.up09.com/t663g2yvg1z8
http://file.up09.com/n6pzr8m7fbqs
http://file.up09.com/duzhsk0z900v
http://file.up09.com/fip6qsuctf0d
http://file.up09.com/zim0rhn7el7j
http://file.up09.com/0she42qlksqu
http://file.up09.com/5onfnjl840fl
http://file.up09.com/tefdjwe4an40
http://file.up09.com/lvd6m660r2vd
http://file.up09.com/5exo18pju09l
http://file.up09.com/7mczxmo137cw
http://file.up09.com/zanr2fmd1abn
http://file.up09.com/fg2k9qijhby2
http://file.up09.com/y8i4y56w1297
http://file.up09.com/1xr8lew1i2xk
http://file.up09.com/eomqnlmylewq
http://file.up09.com/68sij6gcnn5a
http://file.up09.com/774uw0715qpb
http://file.up09.com/k1s6vadd3d58
http://file.up09.com/t8bkqomjy99c
http://file.up09.com/xihvxq0vy8mg
http://file.up09.com/9psa5knodabi
http://file.up09.com/qg2dhi5ykcvw
http://file.up09.com/84wzvuthymgt
http://file.up09.com/67hh2vlbu4kk
http://file.up09.com/g80fdck2y1xo
http://file.up09.com/zzztx4srs51b
http://file.up09.com/yabv6lbgqglf
http://file.up09.com/n2k4etd235tf
http://file.up09.com/zlceb2qh6uc7
http://file.up09.com/hvz15pus2hvl
http://file.up09.com/813024ioana9
http://file.up09.com/je6hz133vyru
http://file.up09.com/gz7622ziysse
http://file.up09.com/2an5umcweoz5
http://file.up09.com/eqodjfpmh5w3
http://file.up09.com/jlmatlr76yap
http://file.up09.com/s17bhg86jb5x
http://file.up09.com/dp06kspekltj
http://file.up09.com/qiubw9r5jn6n
http://file.up09.com/s1iawodt5xxa
http://file.up09.com/nextdxap66n0
http://file.up09.com/9ameed1t9rt6
http://file.up09.com/bsk3fv8ksx9o
http://file.up09.com/mj3oz90ylbw3
http://file.up09.com/0756wfd4fdi6
http://file.up09.com/zccw1q23yi56
http://file.up09.com/n4zg8yur726v
http://file.up09.com/bujn6d969xbi
http://file.up09.com/h3iduonn5vyr
http://file.up09.com/8hw1adan0hua
http://file.up09.com/vt3ryybpkga6
http://file.up09.com/eh8y8f3zok40
http://file.up09.com/5rj0o06vszdo
http://file.up09.com/79q4of3k6m78
http://file.up09.com/2gmezaznkym0
http://file.up09.com/hco2psx1697q
http://file.up09.com/nv4cjpnlvjev
http://file.up09.com/0yxvbc00o09r
http://file.up09.com/3e1i6a3vgf8q
http://file.up09.com/13cdp9pn71xh
http://file.up09.com/5ew4jsrsgeuk
http://file.up09.com/425ulsgldudv
http://file.up09.com/fc90238j2ydl
http://file.up09.com/96wp121sf2bg
http://file.up09.com/2mk18mbws9dn
http://file.up09.com/nw1issfl93po
http://file.up09.com/x4rwz3pu4sxn
http://file.up09.com/bs72h4m48rjb
http://file.up09.com/8e1djdn0hpvo
http://file.up09.com/52mp5kkdw3uc
http://file.up09.com/0us1x0prg2hz
http://file.up09.com/nn3vusji8dgp
http://file.up09.com/51n0y3cau0p0
http://file.up09.com/okun0dix4lao
http://file.up09.com/hzwmylatfqh3
http://file.up09.com/svssgk22uotg
http://file.up09.com/wnmci2zwk43l
http://file.up09.com/5sld7p8cekfv
http://file.up09.com/joe1i4ve15f0
http://file.up09.com/rna5kyp6jc9t
http://file.up09.com/9vrc9cfq0mzy
http://file.up09.com/ircogpm2evio
http://file.up09.com/f52o91dsf4ym
http://file.up09.com/wq3foevtwi6w
http://file.up09.com/cftybsc3apw8
http://file.up09.com/p8hz3xnc8lxs
http://file.up09.com/xvmuenzqqgdm
http://file.up09.com/12kar8i71c3o
http://file.up09.com/p118qkqno3f5
http://file.up09.com/1880cknp280b
http://file.up09.com/8dy5koa03jrk
http://file.up09.com/l667sklwjln3
http://file.up09.com/126sk2wppu14
http://file.up09.com/kj6xnox24r3c
http://file.up09.com/wbt6pzk7wrgz
http://file.up09.com/bxpgg6i9prid
http://file.up09.com/3w9oa2z9o16l
http://file.up09.com/xz1pvnsonwst
http://file.up09.com/oc7br342w4iw
http://file.up09.com/ed46jtzdmxg9
http://file.up09.com/cek8612dwn4q
http://file.up09.com/29r25wbqpz59
http://file.up09.com/d8xyhxyquqpd
http://file.up09.com/drypgpf4tm9n
http://file.up09.com/2r6lnjk84eqd
http://file.up09.com/802sng27rdqk
http://file.up09.com/m3fzqyhgcugz
http://file.up09.com/qvjqsojpq83x
http://file.up09.com/jdohfs2gtzzh
http://file.up09.com/ggw8t1am54zb
http://file.up09.com/fg0swlh73aw6
http://file.up09.com/rr1pumjvifkt
http://file.up09.com/n5c5p3o6i4wp
http://file.up09.com/607saio00cst
http://file.up09.com/cfgz49jffwwd
http://file.up09.com/6he9gzaqv6qx
http://file.up09.com/ldyt841vnncl
http://file.up09.com/epx4pkyrx5vx
http://file.up09.com/qwcp4rt9jdlg
http://file.up09.com/nlinxuwix32j
http://file.up09.com/b3gma2eymh8s
http://file.up09.com/k4af0c9lc12n
http://file.up09.com/sjyxtllphlkc
http://file.up09.com/vvz68nf7pozg
http://file.up09.com/wnn9s1cllmng
http://file.up09.com/s2qms0bffgcv
http://file.up09.com/nkv8bpz2c4wo
http://file.up09.com/unfl5adeziv9
http://file.up09.com/z3dyv5f2psdg
http://file.up09.com/pz8a4p8kh5jh
http://file.up09.com/jjud1w12p3w5
http://file.up09.com/sy0xr3g0sww2
http://file.up09.com/kgp0l8uqx2gb
http://file.up09.com/jhqii0zbid83
http://file.up09.com/35ocu9kbzstl
http://file.up09.com/r1gdwj0uiaiu
http://file.up09.com/m0642gwj95d2
http://file.up09.com/vf3rjg4hbz47
http://file.up09.com/b10hpy4j1rnx
http://file.up09.com/9ydriny86smz
http://file.up09.com/y3382xs8fsl3
http://file.up09.com/z6xei9x6fzws
http://file.up09.com/9m5wr8h4zy0f
http://file.up09.com/i6i9sz94h571
http://file.up09.com/3fxszagtw495
http://file.up09.com/rwycxr006kow
http://file.up09.com/srbbsn1inc07
http://file.up09.com/gnfdpdlm2why
http://file.up09.com/m3de7m9bl42r
http://file.up09.com/si2w38490u5t
http://file.up09.com/xel0h3cztapa
http://file.up09.com/x2r8vlstcnh7
http://file.up09.com/e3vytaj0i179
http://file.up09.com/66pqnej8gtet
http://file.up09.com/piuov94wmbo1
http://file.up09.com/k8qhgomgv0bt
http://file.up09.com/9ir6z86ycsha
http://file.up09.com/u5d5xgzf9aqy
http://file.up09.com/oldbc3ahkld6
http://file.up09.com/uq2x07x7jroh
http://file.up09.com/unfkismkxjtc
http://file.up09.com/sw6v8brqydpw
http://file.up09.com/ilntojqzuw0v
http://file.up09.com/3qp244zvf4vh
http://file.up09.com/v8p949fwvc7p
http://file.up09.com/ptlvgfr5nmms
http://file.up09.com/fmxhckrxb7ob
http://file.up09.com/a4bglda1ftd3
http://file.up09.com/1lrt373gg0cl
http://file.up09.com/rrzac0e770t5
http://file.up09.com/2ea5cme7hi3e
http://file.up09.com/ztigale18hy0
http://file.up09.com/m37r54m7au9n
http://file.up09.com/z1bindobtl5x
http://file.up09.com/126e2jj309kk
http://file.up09.com/aoqjwb28g17l
http://file.up09.com/du1vi13l462y
http://file.up09.com/kdmebu05txi1
http://file.up09.com/c5r7oknw40bk
http://file.up09.com/spt1xdzl90dl
http://file.up09.com/3d1pmph6lk6u
http://file.up09.com/0qf52tf9k8je
http://file.up09.com/i4f6qj22j0j2
http://file.up09.com/h3e75y4f5gdp
http://file.up09.com/kfqqh5u570r3
http://file.up09.com/k4nygr0hk4b4
http://file.up09.com/0jwlpzfzp1vs
http://file.up09.com/doh9atem0ztx
http://file.up09.com/0mer6e6bbibw
http://file.up09.com/jdnb0p29l7mu
http://file.up09.com/pr78ne7js3dy
http://file.up09.com/8wyavldapcdi
http://file.up09.com/3u5dz2vrc1rb
http://file.up09.com/ln1fm86nr9qr
http://file.up09.com/ssasl9mnzeux
http://file.up09.com/jxy5gn1tlrrq
http://file.up09.com/gq09ffne5ajb
http://file.up09.com/fw6ippllnqvp
http://file.up09.com/sn2axjy951j6
http://file.up09.com/l92vsvnvw78z
http://file.up09.com/q1nka9zhjpv6
http://file.up09.com/xyty3ukqjyxw
http://file.up09.com/f5bdxy2wgqto
http://file.up09.com/d03wsu7afund
http://file.up09.com/0w56pjnxa042
http://file.up09.com/ek7i40cps74l
http://file.up09.com/rlpgbcp7r6l3
http://file.up09.com/h7nsbvvc4eal
http://file.up09.com/zjo4j6bsz1e4
http://file.up09.com/1qkpmfuxvi12
http://file.up09.com/oq20u5yd2fpd
http://file.up09.com/6ao02sobqqqm
http://file.up09.com/5gbyjdtt9nok
http://file.up09.com/4yg0me89fssi
http://file.up09.com/srs68fot9yrq
http://file.up09.com/5y30d8spih48
http://file.up09.com/vmwkrik5kzy0
http://file.up09.com/kdbsh13v18gk
http://file.up09.com/lzrkkei4a5fd
http://file.up09.com/mqyc2yoc1115
http://file.up09.com/xx8965wrlbu4
http://file.up09.com/s5v9xm6x11c3
http://file.up09.com/2azqlcoobkx1
http://file.up09.com/zgls5qewyxba
http://file.up09.com/33pmzkl1jkxh
http://file.up09.com/txnun014bihy
http://file.up09.com/fs98b7xfd96v
http://file.up09.com/0u4ti2zs790q
http://file.up09.com/m0whepuij74a
http://file.up09.com/uge6exd4wygo
http://file.up09.com/wyrri186i3db
http://file.up09.com/gxzbbuz5p93l
http://file.up09.com/uk1wlrh7o3i8
http://file.up09.com/r05ax6svocor
http://file.up09.com/j2fgxbjia59w
http://file.up09.com/lfat02cxnqd2
http://file.up09.com/scvtxbt6fkzi
http://file.up09.com/gdithqgoi3lc
http://file.up09.com/wxvvfgsyn1c3
http://file.up09.com/ylds4qhhqe2m
http://file.up09.com/alel5flhkrq1
http://file.up09.com/hve3m83lh55r
http://file.up09.com/kq8jcvkm45on
http://file.up09.com/bcur3vu58nv7
http://file.up09.com/07n6w801xlza
http://file.up09.com/m8wxmqv3fd5b
http://file.up09.com/vfdmqxzo0zgs
http://file.up09.com/5nykv9b2qhhg
http://file.up09.com/zprwrr6p4g08
http://file.up09.com/kxfcp2rl3yqb
http://file.up09.com/itrpes9635li
http://file.up09.com/vqjsfth3jt2f
http://file.up09.com/jwxthqzjkg5a
http://file.up09.com/avfuq1kyto3a
http://file.up09.com/0oi3m4p50lie
http://file.up09.com/9y5nsizpcc0v
http://file.up09.com/dwt7op4ro4wg
http://file.up09.com/y6my4ai7tuga
http://file.up09.com/j28la2c7niqu
http://file.up09.com/3n4roibsvbab
http://file.up09.com/07sgndwz5krx
http://file.up09.com/g9xo712ys8rd
http://file.up09.com/msg9qqggcwa9
http://file.up09.com/afqg79b2rs9v
http://file.up09.com/aahe9t4i604d
http://file.up09.com/xplfcgtqarum
http://file.up09.com/z12k0qfpx642
http://file.up09.com/opc0iiws2ahk
http://file.up09.com/i33rxi7tg2d7
http://file.up09.com/opfw04ledhgz
http://file.up09.com/2drc59elgxlt
http://file.up09.com/mm50aso9txy9
http://file.up09.com/bgyyxtuhspbb
http://file.up09.com/2yzs00pdj8rf
http://file.up09.com/f3u9xqif8dm6
http://file.up09.com/ho0c9h925ezw
http://file.up09.com/f5rb80e5lrxl
http://file.up09.com/dm9jvnsobq7v
http://file.up09.com/ursg44ccln7m
http://file.up09.com/xah5ki3itd2z
http://file.up09.com/fohqww6si1ui
http://file.up09.com/o327g2tuyfnt
http://file.up09.com/9dy1ddp5ax7t
http://file.up09.com/mgjyjb8mn0oy
http://file.up09.com/kr12ugyp3nn9
http://file.up09.com/fte5adavxfw0
http://file.up09.com/c28c2hhnjx0i
http://file.up09.com/7t0oem4678k0
http://file.up09.com/4qk31hssgsjx
http://file.up09.com/subkvm09gpow
http://file.up09.com/7camwi97lu6h
http://file.up09.com/scv70t2bum2e
http://file.up09.com/yr21mbp9r2yz
http://file.up09.com/ywdr4b9gtr7b
http://file.up09.com/3gzrpdyf18kr
http://file.up09.com/lh1l3mayidn2
http://file.up09.com/ibago9vus43r
http://file.up09.com/w49ymww7t5lm
http://file.up09.com/bubmhcvq5j58
http://file.up09.com/ebbfnj80n4r9
http://file.up09.com/gtbcq4v3fvwr
http://file.up09.com/gk2upsev3rsy
http://file.up09.com/nh1i3c8o1osi
http://file.up09.com/qpo8q4yv8pr2
http://file.up09.com/4gckd8ip6qg8
http://file.up09.com/n04eso02b6zn
http://file.up09.com/55ji6vpppxer
http://file.up09.com/jnt8o96toavs
http://file.up09.com/qy58ydr2etw4
http://file.up09.com/6hssypv7ndw0
http://file.up09.com/hf1q2u0fpr6w
http://file.up09.com/o6ge11jbve2d
http://file.up09.com/p18jdnwrcbm2
http://file.up09.com/gys8tvv4qmsm
http://file.up09.com/6mf9nhojet4y
http://file.up09.com/mtgmd7v14nsp
http://file.up09.com/6hwrvc8dvk1o
http://file.up09.com/xqen91p43zr4
http://file.up09.com/j11pl6kqdtib
http://file.up09.com/sv9h4on7d7z1
http://file.up09.com/kgo1z0yr8n66
http://file.up09.com/80j8qc46ztpa
http://file.up09.com/g8fou6o7g6cj
http://file.up09.com/drfz5tuhpq9f
http://file.up09.com/u4epc7hi7z2e
http://file.up09.com/t34xued8vl10
http://file.up09.com/3abk0a3wu8k8
http://file.up09.com/sxmyj40lkwau
http://file.up09.com/l5q0pryfffa4
http://file.up09.com/1i41kgc9fr48
http://file.up09.com/n1ocl8nkh1fh
http://file.up09.com/jyp6p52tn1q9
http://file.up09.com/s802hm949xvl
http://file.up09.com/5h2kbnwbqsrc
http://file.up09.com/tvnux6t6oace
http://file.up09.com/fpdo723bx4x8
http://file.up09.com/exrd0hbtws64
http://file.up09.com/y9ko2rgjr4uz
http://file.up09.com/vxr8rlz7r01p
http://file.up09.com/ywwxxh084dvq
http://file.up09.com/gwre1it5sp3f
http://file.up09.com/vzr08dt0emio
http://file.up09.com/vpbemtc23vzo
http://file.up09.com/4s61bbavfsi9
http://file.up09.com/wj0ywz0951y8
http://file.up09.com/e2jiyouilo56
http://file.up09.com/04is36dmek02
http://file.up09.com/5q4u3ignzbi2
http://file.up09.com/ug596ifi40uq
http://file.up09.com/1wo1xgnkmv96
http://file.up09.com/6vawnpvwrqv4
http://file.up09.com/5qtynf8d9ryb
http://file.up09.com/8qt8qlep3j72
http://file.up09.com/9ioehpb1l428
http://file.up09.com/4i72sqctl063
http://file.up09.com/5wl8nahi7bze
http://file.up09.com/lmalmundzzb5
http://file.up09.com/yg8ee5ftgcd5
http://file.up09.com/wkbiihrj5znq
http://file.up09.com/2d0391l8w4t5
http://file.up09.com/g847g1kzcgn1
http://file.up09.com/dqsd4m9ch2x7
http://file.up09.com/gmp0m27sdcnr
http://file.up09.com/h8b2qmth7990
http://file.up09.com/jt06ff1ajdew
http://file.up09.com/e0i2hz1b8k3a
http://file.up09.com/l6n58nfjtpd5
http://file.up09.com/u8e9c2k25bf8
http://file.up09.com/1k2y2tr38e5o
http://file.up09.com/k91eyj7u0sjg
http://file.up09.com/ddzkpb6ys8ey
http://file.up09.com/4gnj9z6ffmxk
http://file.up09.com/51llt3a8jr1u
http://file.up09.com/xgs858y84pqi
http://file.up09.com/11kh4lahz0gi
http://file.up09.com/qimj1ix2f3wa
http://file.up09.com/rgiw3mnu3xk7
http://file.up09.com/u3hs3n2nia4q
http://file.up09.com/o53clwva7s8i
http://file.up09.com/kf6abmg44467
http://file.up09.com/oiczrda971tl
http://file.up09.com/ttdmipsgm75b
http://file.up09.com/9sn1fo9ldw2o
http://file.up09.com/aksrqqkyq3sd
http://file.up09.com/dilybm5hra0u
http://file.up09.com/5qpfqux15uve
http://file.up09.com/9a6y4a76x4vs
http://file.up09.com/djmrip98epuo
http://file.up09.com/z5nr697ff0ve
http://file.up09.com/p75fnh9xb06h
http://file.up09.com/1ej240nf550v
http://file.up09.com/updjyep9miuy
http://file.up09.com/k2gyu8qgnsl1
http://file.up09.com/9ka81iuck84s
http://file.up09.com/akkclup0hxru
http://file.up09.com/s0rgh1fp8ssl
http://file.up09.com/z221zyj2i8xq
http://file.up09.com/mu4kcjkoaai1
http://file.up09.com/4alr166d215z
http://file.up09.com/7c6c9p6x6je0
http://file.up09.com/k2imhh4di6tc
http://file.up09.com/zkt35qeo4sn7
http://file.up09.com/mi0ux9f9jsxt
http://file.up09.com/2l9f5d79yrb9
http://file.up09.com/6m7a6rnem5h0
http://file.up09.com/ccxumxjl4j76
http://file.up09.com/h3kkm9fwe51i
http://file.up09.com/ljwqn920bv0a
http://file.up09.com/jxqt5rbjdziz
http://file.up09.com/5pvgvgiilywi
http://file.up09.com/5apdl3t087ex
http://file.up09.com/7yktfl1yyoli
http://file.up09.com/84chzd86y0rc
http://file.up09.com/e9yjdj393r6c
http://file.up09.com/vo6valss8e9m
http://file.up09.com/vdjgp5aw7kk0
http://file.up09.com/22m50dtmsd66
http://file.up09.com/6lcv5pul1mf7
http://file.up09.com/lbh92cvga5xk
http://file.up09.com/6gkhw9p8p6o3
http://file.up09.com/mm3f0no9se3z
http://file.up09.com/7opv4sq3g41o
http://file.up09.com/r0rgyf4in38f
http://file.up09.com/poxm33mgxdtz
http://file.up09.com/tqpzx7wwr0oj
http://file.up09.com/nuzbfzgwoya7
http://file.up09.com/vnykrb6bymt5
http://file.up09.com/0j45oh9h2zmf
http://file.up09.com/wjkfn37bejpy
http://file.up09.com/k3lvhmuxjpq0
http://file.up09.com/sczgzhcg8evd
http://file.up09.com/d839347ven8y
http://file.up09.com/t9l9030zkuie
http://file.up09.com/iem1vtdsa43y
http://file.up09.com/3ol99axq426e
http://file.up09.com/4wwhrljzkr98
http://file.up09.com/bdq99f6zmo6d
http://file.up09.com/qt039zxpqizg
http://file.up09.com/r83k1acbzopf
http://file.up09.com/9i4k8w6jdvpe
http://file.up09.com/vfus1ww3eh5m
http://file.up09.com/g7vl6ytnf5tg
http://file.up09.com/fgb1jq4kdsnq
http://file.up09.com/s724tzwmzwl5
http://file.up09.com/9p2le7vrxsdd
http://file.up09.com/td7seswcxeam
http://file.up09.com/xl7uaywekewl
http://file.up09.com/ifri3cowtkxy
http://file.up09.com/ar41yc7wzre1
http://file.up09.com/n1776xy8qsc3
http://file.up09.com/7cbhxv8fw06x
http://file.up09.com/1dyefb6i7dbv
http://file.up09.com/vfrxlhjd5m8s
http://file.up09.com/49x1tpmh1e69
http://file.up09.com/lukvmrk9y64k
http://file.up09.com/lqn5z1jotpm9
http://file.up09.com/noj4blslu6q4
http://file.up09.com/6k628lzdsmu1
http://file.up09.com/cdhoz013xlan
http://file.up09.com/cfla5ky519mm
http://file.up09.com/odms28gmze15
http://file.up09.com/mrsfdtvxfuqa
http://file.up09.com/ifhhox1tytau
http://file.up09.com/8cltoj0q2bzv
http://file.up09.com/eikbtyp3t3bk
http://file.up09.com/ajjqpodq0b1h
http://file.up09.com/r7migf354lyw
http://file.up09.com/kp15ebiepn4a
http://file.up09.com/lyiv1000hojx
http://file.up09.com/ca3rg8vlxqdx
http://file.up09.com/xj7feh842whj
http://file.up09.com/b41llcdsatuu
http://file.up09.com/d6k4anu2qc0x
http://file.up09.com/vyv1tsfr1n98
http://file.up09.com/5rltukut3s4w
http://file.up09.com/flt2ze66z3p5
http://file.up09.com/i5mm8dnny3d4
http://file.up09.com/kk1fy2j25xei
http://file.up09.com/tuutb5lmnu9r
http://file.up09.com/r0tiuhxnu2dq
http://file.up09.com/bsy82wzt7y8s
http://file.up09.com/5xmmhwjtmh1i
http://file.up09.com/0lvureewpyoh
http://file.up09.com/wahjjto5gu70
http://file.up09.com/qt1g6jv75dqj
http://file.up09.com/p92io7twkmby
http://file.up09.com/uj8adp18bkku
http://file.up09.com/8afw8n0stt7g
http://file.up09.com/mcep27aamixg
http://file.up09.com/fx8sut9ggrk8
http://file.up09.com/c5ougir36vdz
http://file.up09.com/od8fsetqx2x2
http://file.up09.com/jcyjhzj8mrd7
http://file.up09.com/ap9d4le0hhmj
http://file.up09.com/uwleyw3y654u
http://file.up09.com/1qleav8cmfos
http://file.up09.com/uh38csm23njd
http://file.up09.com/xeo4bx99l20k
http://file.up09.com/xgd38cob54hd
http://file.up09.com/b01tri60rnbj
http://file.up09.com/oa0hn59anj82
http://file.up09.com/44rc24au9sh1
http://file.up09.com/60zfk816vgbz
http://file.up09.com/rqo7101ebezw
http://file.up09.com/yb9y0zmoi1a4
http://file.up09.com/87r9n5wn45m7
http://file.up09.com/nq3zbs48oqs4
http://file.up09.com/r97anhiz37lx
http://file.up09.com/l36uiakco0um
http://file.up09.com/75ij7x3yg2ea
http://file.up09.com/e9rvsb4nl5k5
http://file.up09.com/f407d0l583kr
http://file.up09.com/67dqssdbp1ul
http://file.up09.com/bjhwr3p4in4w
http://file.up09.com/01jbpg142hbr
http://file.up09.com/qyjh3vcjs3l3
http://file.up09.com/s05zr4a8s5xd
http://file.up09.com/ianbbtcoidt3
http://file.up09.com/pxgez4nzp4rs
http://file.up09.com/n7aoox4cc1za
http://file.up09.com/b2ut01eemk6p
http://file.up09.com/uv467kcs9m5n
http://file.up09.com/c9ufo0phig7b
http://file.up09.com/hsywbyig7xr3
http://file.up09.com/p5k79htgv0vg
http://file.up09.com/z9wryth8xhtk
http://file.up09.com/o4qxg3ibaaw6
http://file.up09.com/3wmh8an24e5k
http://file.up09.com/jzi2lqu9nkmp
http://file.up09.com/raxstqmzvim1
http://file.up09.com/ukyfojdugms9
http://file.up09.com/kh8q3hy0np6y
http://file.up09.com/8xepy3ylwpni
http://file.up09.com/hnnrw5uoafbr
http://file.up09.com/isldggixsnf5
http://file.up09.com/m6c5k196tzyf
http://file.up09.com/zpsvn58pvr5j
http://file.up09.com/ahtmwb221vm5
http://file.up09.com/syr89fkohaj9
http://file.up09.com/skxjxuc657bg
http://file.up09.com/1pywf3hofku6
http://file.up09.com/bo933ov3an6p
http://file.up09.com/xqqdq38shxuk
http://file.up09.com/hhvp6tlghq8x
http://file.up09.com/rrdjqzrgoti6
http://file.up09.com/0ic41pa1rpt2
http://file.up09.com/1tcuzpsdyg6j
http://file.up09.com/tw27wbpil2b4
http://file.up09.com/w1a487we9v69
http://file.up09.com/epvh30l4yota
http://file.up09.com/8zof7h69sw5w
http://file.up09.com/0bn4gs5otkrq
http://file.up09.com/2uhxrpdkv515
http://file.up09.com/w47c3131f931
http://file.up09.com/fkxe32aytank
http://file.up09.com/fdfy5x1gtid0
http://file.up09.com/a7uui83177q0
http://file.up09.com/d61g3mj1ng2s
http://file.up09.com/r3mdunj0n1l3
http://file.up09.com/o2p2wpa5eps6
http://file.up09.com/44t7cva34ub0
http://file.up09.com/twblt7b3x54w
http://file.up09.com/1i8k18g23dgy
http://file.up09.com/rylm4342ou56
http://file.up09.com/dnohgguh6xrs
http://file.up09.com/y13qc98hyige
http://file.up09.com/6ooo2tl9ihwp
http://file.up09.com/60n5rdrmqabf
http://file.up09.com/d4anacrrnsdh
http://file.up09.com/fz76qcl1ze8m
http://file.up09.com/n9j8bwpnjidp
http://file.up09.com/2usjr9smj04g
http://file.up09.com/oyrxiybbl6si
http://file.up09.com/1hah0spd25li
http://file.up09.com/u3309y3b9ltl
http://file.up09.com/cw84m34a0il6
http://file.up09.com/qb39yyp9pvdq
http://file.up09.com/zidnrqwztjhj
http://file.up09.com/km6yhs1yjeil
http://file.up09.com/dkw3mgs4xdun
http://file.up09.com/tng8hcsr99gc
http://file.up09.com/ug11fxta2k8c
http://file.up09.com/lprcf134eny4
http://file.up09.com/91gyly8pb7a9
http://file.up09.com/aecpgt9eyd93
http://file.up09.com/bvgl14nm2ee0
http://file.up09.com/j9sc5joxk7dx
http://file.up09.com/hkplrckbbdd3
http://file.up09.com/n2ir2jryj80f
http://file.up09.com/1d0gx1aql9jq
http://file.up09.com/ye4aicrpc9de
http://file.up09.com/z5relq1ofddr
http://file.up09.com/cr700ypleqlu
http://file.up09.com/e73dyn3ft5fi
http://file.up09.com/qo9riydkw1fv
http://file.up09.com/14dfj920x9ub
http://file.up09.com/bmlpvo06nc9p
http://file.up09.com/nk1kt3i046v4
http://file.up09.com/3sgupv0jkp7f
http://file.up09.com/bsjlq0qz2kb7
http://file.up09.com/3mk4yl0ivy3p
http://file.up09.com/585lws9ssf5v
http://file.up09.com/95167g1gv3rw
http://file.up09.com/pejx2jtwn3w2
http://file.up09.com/tgqz8jy3nrd5
http://file.up09.com/odath3v70m9y
http://file.up09.com/1jgwkkc2r63c
http://file.up09.com/uwhj4gjgzfuh
http://file.up09.com/2skyu96s1058
http://file.up09.com/4vgy47htkmgr
http://file.up09.com/97e70shf6ybg
http://file.up09.com/iaxefmu6wyy4
http://file.up09.com/bdc9cz70ujj8
http://file.up09.com/ch4033zr06c0
http://file.up09.com/cpsq287whg9o
http://file.up09.com/wzzhykl0rcot
http://file.up09.com/p7yzeb67ts2u
http://file.up09.com/fbwm8b8hgtxg
http://file.up09.com/3ls3dl65ez5e
http://file.up09.com/hp0u6e74xzp3
http://file.up09.com/35pg7rltqgri
http://file.up09.com/qij4t36blrd6
http://file.up09.com/hof4l6nrxzls
http://file.up09.com/wr83jjkttz76
http://file.up09.com/kfviktbndspp
http://file.up09.com/n99busaovtxw
http://file.up09.com/d1liy220fmqp
http://file.up09.com/29yi7o2ydiyz
http://file.up09.com/tlgum6z8brq9
http://file.up09.com/uxzige8zqkvv
http://file.up09.com/lh91b9zlmzuh
http://file.up09.com/py8jqu5lxus8
http://file.up09.com/s2jyci8far7n
http://file.up09.com/67dsh15zij30
http://file.up09.com/97yah1ei91wg
http://file.up09.com/wwmxey5e5kcn
http://file.up09.com/w810y5aa7lld
http://file.up09.com/stdosjq56w13
http://file.up09.com/k6xvs7532fwd
http://file.up09.com/se3mxj737efd
http://file.up09.com/4batecdkecxx
http://file.up09.com/k9otirer353f
http://file.up09.com/jplxfdutoroj
http://file.up09.com/ur7654fhocpi
http://file.up09.com/rie4q4pj8zno
http://file.up09.com/92y0y9dekfth
http://file.up09.com/97x0urcps0c3
http://file.up09.com/thmssesrq08e
http://file.up09.com/23y2t2cas1s9
http://file.up09.com/m5ri5za5big2
http://file.up09.com/qgjfharbosn6
http://file.up09.com/flf44pqixpok
http://file.up09.com/euvplzvsax8i
http://file.up09.com/e4enmv1ufo22
http://file.up09.com/h1s4hqzgz7qr
http://file.up09.com/cxy2n9n25zuv
http://file.up09.com/j3oi4bw6mjbq
http://file.up09.com/atokxed67nqb
http://file.up09.com/iv4u3s74ewzc
http://file.up09.com/q9viosz93d69
http://file.up09.com/5d3rkra0zyr5
http://file.up09.com/0grxyqr3cpzb
http://file.up09.com/bng3v9in2hca
http://file.up09.com/fa008jztrskx
http://file.up09.com/kj0bly6chx4l
http://file.up09.com/9kyhjtu2al4u
http://file.up09.com/35z3fb1betc1
http://file.up09.com/wpp74qgkqony
http://file.up09.com/49k3vojtedrb
http://file.up09.com/l8ajg25p2199
http://file.up09.com/gzrgec8fzduh
http://file.up09.com/ejl69h9hkoav
http://file.up09.com/y568ixd2twme
http://file.up09.com/gvzolscz9ycv
http://file.up09.com/46iwc2ynbzzm
http://file.up09.com/ssbpom9plqx3
http://file.up09.com/17wcenh3egkm
http://file.up09.com/x0r1e1vb34oq
http://file.up09.com/659qpulfdhrx
http://file.up09.com/jmxbiuqtvae7
http://file.up09.com/hcfyrp6bysuw
http://file.up09.com/jetuw0wn2wh8
http://file.up09.com/xn2h8kc8cgr1
http://file.up09.com/f7ujroiimdrt
http://file.up09.com/vwp6t7paompl
http://file.up09.com/27bwlnptgocn
http://file.up09.com/izbpkgq3otnr
http://file.up09.com/qug0pdfwyjan
http://file.up09.com/8xjd3yjd2fjc
http://file.up09.com/acprusp9l4ot
http://file.up09.com/gkqrlbcfo3cg
http://file.up09.com/ud05f9av8vlt
http://file.up09.com/ci1ytgb2g21n
http://file.up09.com/k96buwuw0mp7
http://file.up09.com/94r250a5d8kx
http://file.up09.com/5360k8ox5emp
http://file.up09.com/nyu1m2jmckcn
http://file.up09.com/7165zqxl2rpt
http://file.up09.com/bjfkmh90haq7
http://file.up09.com/6uzlf7fthv9v
http://file.up09.com/luwjgl6sfebc
http://file.up09.com/2vz98ighsqk2
http://file.up09.com/uqz4cc2x1ac8
http://file.up09.com/y0rpgcl2rrhm
http://file.up09.com/af74gp5xzuvj
http://file.up09.com/usmuz2zatlse
http://file.up09.com/qyogy01u8c4r
http://file.up09.com/mcttonsq4rdw
http://file.up09.com/16jqp9hk1969
http://file.up09.com/0a3fx7i33asl
http://file.up09.com/xllro0m92t84
http://file.up09.com/hq1ouzvt2cr3
http://file.up09.com/m93bb5wi5kub
http://file.up09.com/4omguec9l2i2
http://file.up09.com/zm3bsl4ivu2y
http://file.up09.com/jifyqqrpdp6j
http://file.up09.com/ab2youcn9on0
http://file.up09.com/qia2xtsvbmyc
http://file.up09.com/7dwpqzdwjka8
http://file.up09.com/6ihyki25bu6p
http://file.up09.com/a3zx7luphj5s
http://file.up09.com/d9wbxmuesuhp
http://file.up09.com/cdj1yxrioke3
http://file.up09.com/rgp2i6290hmp
http://file.up09.com/l7x4fbblulov
http://file.up09.com/71y81vegw2wf
http://file.up09.com/79fg6n90hjle
http://file.up09.com/ddkpocg1b646
http://file.up09.com/rsks1htilzff
http://file.up09.com/svb3z9zluow9
http://file.up09.com/yuo4lw4kzn2y
http://file.up09.com/65vadq5s4xvd
http://file.up09.com/t02op5ddmw94
http://file.up09.com/0uz0j8zs77c6
http://file.up09.com/t0gy6fnash8t
http://file.up09.com/4x6x61oemm46
http://file.up09.com/1iom0t7ionuc
http://file.up09.com/rd2kek7tobf8
http://file.up09.com/y1cbsyvqfpix
http://file.up09.com/bqkref1i01hn
http://file.up09.com/kpygbnqxfwgq
http://file.up09.com/lz19jlm5h9uf
http://file.up09.com/olm4yqyk5sr5
http://file.up09.com/mlufsiwsg7pd
http://file.up09.com/e0852hrxmk56
http://file.up09.com/nnchfyuugyu9
http://file.up09.com/o8kq3ahuxa3s
http://file.up09.com/1dp3wkwvy5vv
http://file.up09.com/oi9pnr9aphte
http://file.up09.com/rkv0yne65rtf
http://file.up09.com/s7plfaevzc3u
http://file.up09.com/54g2bdomwweq
http://file.up09.com/gni0twmbgzvi
http://file.up09.com/93npw7231p7h
http://file.up09.com/yohpxl366tn0
http://file.up09.com/mdsxvv7dl665
http://file.up09.com/u05hu7m31wac
http://file.up09.com/4ae63v98ldo5
http://file.up09.com/a467k27hgnvu
http://file.up09.com/sniomom2qcqq
http://file.up09.com/o7bi5img9hsa
http://file.up09.com/8ldqn7drr7xc
http://file.up09.com/y052ecc6zp3n
http://file.up09.com/3ydvj8c9bk3s
http://file.up09.com/e4ikvel45fno
http://file.up09.com/zgb9dwr6zmcb
http://file.up09.com/37pymopsknly
http://file.up09.com/n7c26smuzbuc
http://file.up09.com/0cjc1gtohr8q
http://file.up09.com/29v9o8v7aqgf
http://file.up09.com/mre9ei5j20g9
http://file.up09.com/fxgdmat6z73b
http://file.up09.com/gem5i6wmb4ip
http://file.up09.com/ugpxl051b8tz
http://file.up09.com/gigqcndo38dh
http://file.up09.com/sg5yrxq5pp2x
http://file.up09.com/hedylmxelnso
http://file.up09.com/1vguybl27fbo
http://file.up09.com/l1ra38cn4qsu
http://file.up09.com/x55r9ajiknlm
http://file.up09.com/4f2jmdbdzvso
http://file.up09.com/c9duaru6o0co
http://file.up09.com/eh8o3uhvfe9y
http://file.up09.com/mqaugh02zpc6
http://file.up09.com/d91htlx1ckfn
http://file.up09.com/p9oclsw3sl3t
http://file.up09.com/0zqpbavhhgqb
http://file.up09.com/v7hqey3jgfiz
http://file.up09.com/laq8j8wgrnry
http://file.up09.com/884rdo3idyu2
http://file.up09.com/7gtsf41fp7yg
http://file.up09.com/2f38cqes2pfw
http://file.up09.com/151gmjjxujrq
http://file.up09.com/uot57av7yecz
http://file.up09.com/ya4o1dqkbx2n
http://file.up09.com/gkfxemoy8mnu
http://file.up09.com/bwcqkhpzsr7b
http://file.up09.com/7tzr284f1h0y
http://file.up09.com/tyv2k5scwza6
http://file.up09.com/wb3lj9trkzv7
http://file.up09.com/iypqfj8m2km9
http://file.up09.com/3hmeyw2bosgk
http://file.up09.com/3m46t80q45v9
http://file.up09.com/aj0u0xx807hp
http://file.up09.com/2uevennfld61
http://file.up09.com/h71puvp6mw2u
http://file.up09.com/krdy19gx4dl1
http://file.up09.com/smcvabggofnk
http://file.up09.com/0tmhu8sn757k
http://file.up09.com/to9tyl4c12sw
http://file.up09.com/qzct4sax2gxw
http://file.up09.com/13gnjqcturoz
http://file.up09.com/xau0rw25iyam
http://file.up09.com/p3q0lcr71yow
http://file.up09.com/jx7f9340n9a0
http://file.up09.com/cbt8c91en4cr
http://file.up09.com/jfqwek3h8mju
http://file.up09.com/k8zl2jx1y1c5
http://file.up09.com/0mvtoh3a2cgy
http://file.up09.com/ex1lxqyic0da
http://file.up09.com/lren1tnc0mn2
http://file.up09.com/nld3qszj6vnl
http://file.up09.com/j4snfbaeeg72
http://file.up09.com/2ml3xsq2fr06
http://file.up09.com/ry8rvvcjlt01
http://file.up09.com/8b2ky57c7wqs
http://file.up09.com/bb27o7evq5fa
http://file.up09.com/yekdk8a3075v
http://file.up09.com/3i26v4usvapa
http://file.up09.com/11ptkdhigfab
http://file.up09.com/kpc7dvdiexo6
http://file.up09.com/wyc555v8yueb
http://file.up09.com/1940byquxfbk
http://file.up09.com/bnh2ihp98oni
http://file.up09.com/5jar3qh0dgyu
http://file.up09.com/oa77evusx2ds
http://file.up09.com/z54h8sxnxk8q
http://file.up09.com/3c3vskgxmrs1
http://file.up09.com/xnqhbwma67mt
http://file.up09.com/i54j0v4cm0ed
http://file.up09.com/tmfw880wa3k8
http://file.up09.com/0ws1ho3igiql
http://file.up09.com/9xt5t4iyyuuf
http://file.up09.com/zysg8say9zvf
http://file.up09.com/squi5wen7kxv
http://file.up09.com/3ajzns9n0srn
http://file.up09.com/lszafj2ykqyi
http://file.up09.com/sc1rasvie4t9
http://file.up09.com/vwmf4cy794w6
http://file.up09.com/uubnm9tgiirq
http://file.up09.com/jgx8n2jvy2s1
http://file.up09.com/aowmv0j730hg
http://file.up09.com/zauqzjbji9sd
http://file.up09.com/amsf2w5tb68q
http://file.up09.com/tq7gsyi5jcso
http://file.up09.com/fo4gon5yw0jq
http://file.up09.com/9j5llaah33t3
http://file.up09.com/1fd8pv2tucvu
http://file.up09.com/ftnll677tw6y
http://file.up09.com/p1vsatni9r1s
http://file.up09.com/9yctgjbrarrh
http://file.up09.com/5c05h981ir9j
http://file.up09.com/pjcqenjjde3k
http://file.up09.com/t4qepca65fjk
http://file.up09.com/92c1gm25t4ui
http://file.up09.com/0rhd9rz2vh27
http://file.up09.com/tqyy4ibs0nyy
http://file.up09.com/epbruokds6ao
http://file.up09.com/9irt9k9qbyd2
http://file.up09.com/bsg35gwlnqez
http://file.up09.com/ybf14cm0damw
http://file.up09.com/vls4apc37ha1
http://file.up09.com/1vjjgwbcen4k
http://file.up09.com/ivqddtgckped
http://file.up09.com/wfitztu1mt3k
http://file.up09.com/d8j1r8ayfoyw
http://file.up09.com/heyh0ni2scya
http://file.up09.com/rjuzyz6cse3d
http://file.up09.com/siqb8givhuj3
http://file.up09.com/ac1gyx41i6tr
http://file.up09.com/7o0xppovljcw
http://file.up09.com/71500vk0nn7s
http://file.up09.com/lk7pw4rp4t80
http://file.up09.com/o29rld5xk5bv
http://file.up09.com/fa8at9io8tag
http://file.up09.com/sn6p38nmgska
http://file.up09.com/a4yckkkcqmkp
http://file.up09.com/99h4h84qly2m
http://file.up09.com/nivw8bgr9b3o
http://file.up09.com/fukjun7fe7ug
http://file.up09.com/f1hgrwgyj33t
http://file.up09.com/48ut8bt59j66
http://file.up09.com/huokxfoc23v2
http://file.up09.com/bsrjfwflcu9k
http://file.up09.com/h3953bqixap2
http://file.up09.com/xzz0xzr3zhed
http://file.up09.com/kgyjyij2jt02
http://file.up09.com/zsmy5cbs363l
http://file.up09.com/uue7hywlhp7s
http://file.up09.com/cmi5yxaducdy
http://file.up09.com/m8y7hfaeomzm
http://file.up09.com/tbzqc2d0u02n
http://file.up09.com/w8wzc22g938z
http://file.up09.com/bhed335bg737
http://file.up09.com/097rkhbj4pgg
http://file.up09.com/arn8ketbad4x
http://file.up09.com/1oo6neu9i4xl
http://file.up09.com/kib5y2ndgwga
http://file.up09.com/0lirg35x5i8b
http://file.up09.com/wobp2rqvq9at
http://file.up09.com/rg3k3z2vm38t
http://file.up09.com/fmaop04ilwff
http://file.up09.com/0h1ayvmuj9v4
http://file.up09.com/elos8vc0cibj
http://file.up09.com/05uqzmlpmds7
http://file.up09.com/ut1wbg83y9n6
http://file.up09.com/oefqf67kvi14
http://file.up09.com/6yodu8go23x4
http://file.up09.com/6seti58s9pos
http://file.up09.com/yt6ux921rvqc
http://file.up09.com/mqawt3tepcsn
http://file.up09.com/2f66q572lsi1
http://file.up09.com/15k3l4u0781w
http://file.up09.com/fy5u1p93whmt
http://file.up09.com/gi7atgchzmzc
http://file.up09.com/p898fxkhhgxr
http://file.up09.com/2ng7ubpo74bx
http://file.up09.com/x9k47c81a1ch
http://file.up09.com/mzu80nb9b6uw
http://file.up09.com/qabcdxy863um
http://file.up09.com/lholdqe8slcr
http://file.up09.com/sr7wk6y302lr
http://file.up09.com/0p16hfygz7w8
http://file.up09.com/xut8iw6c6oyy
http://file.up09.com/5i7pypucmp58
http://file.up09.com/t4y3i1r70cl7
http://file.up09.com/xow0r3elz2dm
http://file.up09.com/d1ezflyww1ps
http://file.up09.com/6kh2srsis7ca
http://file.up09.com/6mryhtss4hnc
http://file.up09.com/50orajkb9ve0
http://file.up09.com/6s5akxayw3ue
http://file.up09.com/o9u73c1vq7zo
http://file.up09.com/6mlvi8u3mhd4
http://file.up09.com/kgia74bozcsc
http://file.up09.com/jha695s22xe2