http://public.upera.co/4nAWo38j
http://public.upera.co/4nAX0wgy
http://public.upera.co/4nAYquds
http://public.upera.co/4nB0cvs3
http://public.upera.co/4nB1wmt7
http://public.upera.co/4nB23tl6
http://public.upera.co/4nB5lynv
http://public.upera.co/4nB6qs1o
http://public.upera.co/4nB7hdli
http://public.upera.co/4nB8gysi
http://public.upera.co/4nB9i6zs
http://public.upera.co/4nBappz9
http://public.upera.co/4nBb9fv3
http://public.upera.co/4nBc9fkg
http://public.upera.co/4nBdacgo
http://public.upera.co/4nBepb9h
http://public.upera.co/4nBf5bw5
http://public.upera.co/4nBg73ra
http://public.upera.co/4nBhn5i8
http://public.upera.co/4nBixp24
http://public.upera.co/4nBknh8e
http://public.upera.co/4nBlhvag
http://public.upera.co/4nBmov2h
http://public.upera.co/4nBndjbt
http://public.upera.co/4nBov89h
http://public.upera.co/4nBp6b4g
http://public.upera.co/4nBqxrl4
http://public.upera.co/4nBrc1kd
http://public.upera.co/4nBs0idx
http://public.upera.co/4nBtxqtz
http://public.upera.co/4nBu40nr
http://public.upera.co/4nBv5q9w
http://public.upera.co/4nBwzrab
http://public.upera.co/4nBxojxm
http://public.upera.co/4nByavab
http://public.upera.co/4nBz6q9q
http://public.upera.co/4nBA06j2
http://public.upera.co/4nBBr73h
http://public.upera.co/4nBC80wd
http://public.upera.co/4nBDfctx
http://public.upera.co/4nBFetdx
http://public.upera.co/4nBGvj4i
http://public.upera.co/4nBHvd0k
http://public.upera.co/4nBIqa8d
http://public.upera.co/4nBJhg3p
http://public.upera.co/4nBKr92w
http://public.upera.co/4nBL96yq
http://public.upera.co/4nBMdkvj
http://public.upera.co/4nBNuezo
http://public.upera.co/4nBOt3f6
http://public.upera.co/4nBPpyqy
http://public.upera.co/4nBQt3ze
http://public.upera.co/4nBR8vqh
http://public.upera.co/4nBSjgob
http://public.upera.co/4nBTh2sy
http://public.upera.co/4nBUl1ua
http://public.upera.co/4nBVof18
http://public.upera.co/4nBWkywj
http://public.upera.co/4nBXkboz
http://public.upera.co/4nC1cn8z
http://public.upera.co/4nCejiq1
http://public.upera.co/4nCfv6q6
http://public.upera.co/4nCga7y1
http://public.upera.co/4nChcsz7
http://public.upera.co/4nCipfuy
http://public.upera.co/4nCj5bf1
http://public.upera.co/4nCk5ceh
http://public.upera.co/4nCljg9p
http://public.upera.co/4nCncnvg
http://public.upera.co/4nCor8wh
http://public.upera.co/4nCp5kye
http://public.upera.co/4nCqqlln
http://public.upera.co/4nCrtq0w
http://public.upera.co/4nCslxd6
http://public.upera.co/4nCtclyq
http://public.upera.co/4nCucavd
http://public.upera.co/4nCv8lwr
http://public.upera.co/4nCycwlk
http://public.upera.co/4nCz6xjv
http://public.upera.co/4nCAobvu
http://public.upera.co/4nCXmjay
http://public.upera.co/4nCYbokp
http://public.upera.co/4nCZ6qbt
http://public.upera.co/4nD0dsqy
http://public.upera.co/4nD13zbe
http://public.upera.co/4nD2iex5
http://public.upera.co/4nD3nmh9
http://public.upera.co/4nD5d0p7
http://public.upera.co/4nD681ao
http://public.upera.co/4nD7zj30
http://public.upera.co/4nD8hvvy
http://public.upera.co/4nD949q0
http://public.upera.co/4nDasrlw
http://public.upera.co/4nDb3mpz
http://public.upera.co/4nDc7f3d
http://public.upera.co/4nDd1c67
http://public.upera.co/4nDe4s5p
http://public.upera.co/4nDfxwjy
http://public.upera.co/4nDg9okt
http://public.upera.co/4nDh98w2
http://public.upera.co/4nAWo38j