http://uploadocean.com/modmurwl7dn0
http://uploadocean.com/6bdixxqynaqc
http://uploadocean.com/elaoybo8isum
http://uploadocean.com/nkcmcykp8159
http://uploadocean.com/6sg91cymumiw
http://uploadocean.com/qxe5r5adtli9
http://uploadocean.com/7tzdumlzrco2
http://uploadocean.com/fma9ckkivu3j
http://uploadocean.com/n5kqt83fh6nb
http://uploadocean.com/4piwc6hyp6rn
http://uploadocean.com/effft189e1pf
http://uploadocean.com/op0d7t2g572g
http://uploadocean.com/3djyl8kgfq3n
http://uploadocean.com/g0jrspg63k2w
http://uploadocean.com/38sxnvxx8fcw
http://uploadocean.com/i1tqrd18mkim
http://uploadocean.com/gn4aoi1r9jw3
http://uploadocean.com/nyuclhzdpkgn
http://uploadocean.com/cjqxy5tp91br
http://uploadocean.com/9a42os7kdlrp
http://uploadocean.com/t6k514s3nq34
http://uploadocean.com/kklhc1l2ehxw
http://uploadocean.com/ztymme9xybib
http://uploadocean.com/augescm2thqi
http://uploadocean.com/1ubk1rq5rsvv
http://uploadocean.com/ncb3smhlx88n
http://uploadocean.com/w6wnjt7pqywa
http://uploadocean.com/50djecbnk9s5
http://uploadocean.com/ow8a0qpri37h
http://uploadocean.com/9ycvnuyrubz7
http://uploadocean.com/wwd5evjl8b35
http://uploadocean.com/asap02p1d2v6
http://uploadocean.com/tg8fhqla28tj
http://uploadocean.com/wcr8yfrt9hcu
http://uploadocean.com/846tivofk2rf
http://uploadocean.com/m407hdmxtzuy
http://uploadocean.com/7znp8umqfgu9
http://uploadocean.com/tbs7hizupvxq
http://uploadocean.com/r78tl0uzub90
http://uploadocean.com/r3ti95a6m4jl
http://uploadocean.com/iw8ffwpxosdp
http://uploadocean.com/b6cuapr7p691
http://uploadocean.com/9qny08jd6px8
http://uploadocean.com/kux8s22x6k7f
http://uploadocean.com/whv53yqrpvqn
http://uploadocean.com/tmiqhibl3q62
http://uploadocean.com/1lsoajyuuezo
http://uploadocean.com/d9mil5g9a31y
http://uploadocean.com/liu4194xkux6
http://uploadocean.com/vp5qypmyd7fp
http://uploadocean.com/e81nphi1drff
http://uploadocean.com/l9zee3f4cznb
http://uploadocean.com/lqefr1cd2zfd
http://uploadocean.com/a4smz0a4jlj7
http://uploadocean.com/mmrip5bqphsp
http://uploadocean.com/ob6b4fe4ncv5
http://uploadocean.com/4l218upinnwj
http://uploadocean.com/uvelhmp4yhws
http://uploadocean.com/n7z19hn3z9mx
http://uploadocean.com/lowior31a6kl
http://uploadocean.com/2syza5hvh1fu
http://uploadocean.com/pvx3fbf47d27
http://uploadocean.com/ysdp9kpzsiz6
http://uploadocean.com/y0g2grqf8g2w
http://uploadocean.com/tlr8xp7vwr3n
http://uploadocean.com/nk2aoa6oie8y
http://uploadocean.com/uav3uej235j0
http://uploadocean.com/ww8off2wzhke
http://uploadocean.com/gszeqzbgh5tm
http://uploadocean.com/17nyn2t9wfva
http://uploadocean.com/twrk0q0q39qd
http://uploadocean.com/24j20nzcgc32
http://uploadocean.com/x5vy30bf6bta
http://uploadocean.com/o2d9dphm694s
http://uploadocean.com/xpm9mkt9tihc
http://uploadocean.com/ohrmrkjtnea9
http://uploadocean.com/aohyjkekixyc
http://uploadocean.com/smnmpty2hy2z
http://uploadocean.com/8ihyjk7lwg4z
http://uploadocean.com/ol478x7s7ma7
http://uploadocean.com/so9sft200xqo
http://uploadocean.com/4z95h3a2cp70
http://uploadocean.com/6vjk646dg4zy
http://uploadocean.com/3d81s7bssfkr
http://uploadocean.com/jan2f0eb35xu
http://uploadocean.com/7rwamb3xtti8
http://uploadocean.com/x4jisp7g8yq5
http://uploadocean.com/2se4890cb5ae
http://uploadocean.com/k9775qre1z77
http://uploadocean.com/wau9vdtt4dam
http://uploadocean.com/fei7rkduid29
http://uploadocean.com/tc90zizg39tw
http://uploadocean.com/dz7fxk5wham8
http://uploadocean.com/41hdwn63oas4
http://uploadocean.com/j3aw45atpdhv
http://uploadocean.com/irbxf1ynrgrp
http://uploadocean.com/2jb8pv8gllx9
http://uploadocean.com/jy9hl4l7rcrf
http://uploadocean.com/kcnrs3chir5r
http://uploadocean.com/m2iiplizcpe5
http://uploadocean.com/modmurwl7dn0