http://uploadfiles.eu/b94nb0a9slhd/1000__font_pack_01.7z.html
http://uploadfiles.eu/0j6cgtbwoebc/1000__font_pack_02.7z.html
http://uploadfiles.eu/hxc1n5fb2610/1000__font_pack_03.7z.html
http://uploadfiles.eu/imayuhk4hvpe/1000__font_pack_04.7z.html
http://uploadfiles.eu/ddp1gz2l7qzt/1000__font_pack_05.7z.html
http://uploadfiles.eu/gqns7iqutcbn/1000__font_pack_06.7z.html
http://uploadfiles.eu/1wla6wkefxbe/1000__font_pack_07.7z.html
http://uploadfiles.eu/54bfopls1wan/1000__font_pack_08.7z.html
http://uploadfiles.eu/co7iwewwcsmv/1000__font_pack_09.7z.html
http://uploadfiles.eu/uvdgttq56cyd/1000__font_pack_10.7z.html
http://uploadfiles.eu/xpark104ha7w/uploadfiles.eu_1000_font_pack.zip.002.html
http://uploadfiles.eu/g785idt5kvly/uploadfiles.eu_1000_font_pack.zip.003.html
http://uploadfiles.eu/whdsk27i00zd/uploadfiles.eu_1000_font_pack.zip.004.html
http://uploadfiles.eu/vbq4j6ezxp4z/uploadfiles.eu_1000_font_pack.zip.005.html
http://uploadfiles.eu/dizhanuhb9k4/uploadfiles.eu_1000_font_pack.zip.006.html
http://uploadfiles.eu/us53k34ebsq6/uploadfiles.eu_1000_font_pack.zip.007.html
http://uploadfiles.eu/ho18ii5vugs9/uploadfiles.eu_1000_font_pack.zip.008.html
http://uploadfiles.eu/hh8or8n065fr/uploadfiles.eu_1000_font_pack.zip.009.html
http://uploadfiles.eu/87jtq4aa3xas/uploadfiles.eu_1000_font_pack.zip.010.html
http://uploadfiles.eu/gsq6zd9kporq/uploadfiles.eu_1000_font_pack.zip.011.html
http://uploadfiles.eu/nmjj07j333m3/uploadfiles.eu_1000_font_pack.zip.012.html
http://uploadfiles.eu/z00kdnhyzpoc/uploadfiles.eu_1000_font_pack.zip.013.html
http://uploadfiles.eu/jssc4wccch70/uploadfiles.eu_1000_font_pack.zip.014.html
http://uploadfiles.eu/eug8bikugs4l/uploadfiles.eu_1000_font_pack.zip.015.html
http://uploadfiles.eu/zrmck8cwxgg4/uploadfiles.eu_1000_font_pack.zip.016.html
http://uploadfiles.eu/k74vuz9tvzfe/uploadfiles.eu_1000_font_pack.zip.017.html
http://uploadfiles.eu/2x9vd3qz5fh7/uploadfiles.eu_1000_font_pack.zip.018.html
http://uploadfiles.eu/cj2phpqy5eb6/uploadfiles.eu_1000_font_pack.zip.019.html
http://uploadfiles.eu/ejrejxn56jla/uploadfiles.eu_1000_font_pack.zip.020.html
http://uploadfiles.eu/dc60jsrjqky6/uploadfiles.eu_1000_font_pack.zip.021.html
http://uploadfiles.eu/kz3b28jypjkp/uploadfiles.eu_1000_font_pack.zip.022.html
http://uploadfiles.eu/8dmzfnna2cif/uploadfiles.eu_1000_font_pack.zip.023.html
http://uploadfiles.eu/tlt1fa9qqh5x/uploadfiles.eu_1000_font_pack.zip.024.html
http://uploadfiles.eu/uqw86k6qe2w5/uploadfiles.eu_1000_font_pack.zip.025.html
http://uploadfiles.eu/xrhnqjj8yp8y/uploadfiles.eu_1000_font_pack.zip.026.html
http://uploadfiles.eu/6i5alegxy1tf/uploadfiles.eu_1000_font_pack.zip.027.html
http://uploadfiles.eu/dtfl5rhwagwf/uploadfiles.eu_1000_font_pack.zip.028.html
http://uploadfiles.eu/6xw9pd405vc9/uploadfiles.eu_1000_font_pack.zip.029.html
http://uploadfiles.eu/z2qzj9x9bwyt/uploadfiles.eu_1000_font_pack.zip.030.html
http://uploadfiles.eu/oiagq0g42auu/uploadfiles.eu_1000_font_pack.zip.031.html
http://uploadfiles.eu/vy35w9cdbugo/uploadfiles.eu_1000_font_pack.zip.032.html
http://uploadfiles.eu/3tmy7dneojsh/uploadfiles.eu_1000_font_pack.zip.033.html
http://uploadfiles.eu/ccpwxf04uiky/uploadfiles.eu_1000_font_pack.zip.034.html
http://uploadfiles.eu/q9pj48g2rxtr/uploadfiles.eu_1000_font_pack.zip.035.html
http://uploadfiles.eu/xyyqojx79xwq/uploadfiles.eu_1000_font_pack.zip.036.html
http://uploadfiles.eu/rrac2ljd0afm/uploadfiles.eu_1000_font_pack.zip.037.html
http://uploadfiles.eu/g65b9gp5akl0/uploadfiles.eu_1000_font_pack.zip.038.html
http://uploadfiles.eu/yz9wu21gytij/uploadfiles.eu_1000_font_pack.zip.039.html
http://uploadfiles.eu/vhrdxmw03qzr/uploadfiles.eu_1000_font_pack.zip.040.html
http://uploadfiles.eu/f3mb34suk8k9/uploadfiles.eu_1000_font_pack.zip.041.html
http://uploadfiles.eu/p04gr2d614ac/uploadfiles.eu_1000_font_pack.zip.042.html
http://uploadfiles.eu/llkw8oxcdxhd/uploadfiles.eu_1000_font_pack.zip.043.html
http://uploadfiles.eu/ck9ppq754hvz/uploadfiles.eu_1000_font_pack.zip.044.html
http://uploadfiles.eu/uwk31i36pnuo/uploadfiles.eu_1000_font_pack.zip.045.html
http://uploadfiles.eu/lz11ckjw5vyq/uploadfiles.eu_1000_font_pack.zip.046.html
http://uploadfiles.eu/gvezvyyq2o8b/uploadfiles.eu_1000_font_pack.zip.047.html
http://uploadfiles.eu/f0lundqg6b04/uploadfiles.eu_1000_font_pack.zip.048.html
http://uploadfiles.eu/ebhrfctdlayi/uploadfiles.eu_1000_font_pack.zip.049.html
http://uploadfiles.eu/8fliuu9nykng/uploadfiles.eu_1000_font_pack.zip.050.html
http://uploadfiles.eu/zanjzzt1oftc/uploadfiles.eu_1000_font_pack.zip.051.html
http://uploadfiles.eu/8hwmux7q1ovk/uploadfiles.eu_1000_font_pack.zip.052.html
http://uploadfiles.eu/chvj0zeh4oku/uploadfiles.eu_1000_font_pack.zip.053.html
http://uploadfiles.eu/g7kvyg42ri13/uploadfiles.eu_1000_font_pack.zip.054.html
http://uploadfiles.eu/zxx4vdh1ugub/uploadfiles.eu_1000_font_pack.zip.055.html
http://uploadfiles.eu/r611xuzd80ml/uploadfiles.eu_1000_font_pack.zip.056.html
http://uploadfiles.eu/yb2ud34s4pai/uploadfiles.eu_1000_font_pack.zip.057.html
http://uploadfiles.eu/5klw9z4ufmzb/uploadfiles.eu_1000_font_pack.zip.058.html
http://uploadfiles.eu/qux2b8o45p6s/uploadfiles.eu_1000_font_pack.zip.059.html
http://uploadfiles.eu/wvi2rx2y8yaz/uploadfiles.eu_1000_font_pack.zip.060.html
http://uploadfiles.eu/z46bsrppog5w/uploadfiles.eu_1000_font_pack.zip.061.html
http://uploadfiles.eu/c6lh30exinex/uploadfiles.eu_1000_font_pack.zip.062.html
http://uploadfiles.eu/3rkshh97cn9p/uploadfiles.eu_1000_font_pack.zip.063.html
http://uploadfiles.eu/ov3ucjwg73ma/uploadfiles.eu_1000_font_pack.zip.064.html
http://uploadfiles.eu/d1je3gzz28os/uploadfiles.eu_1000_font_pack.zip.065.html
http://uploadfiles.eu/uz361frodnle/uploadfiles.eu_1000_font_pack.zip.066.html
http://uploadfiles.eu/4ak1bbb0oblj/uploadfiles.eu_1000_font_pack.zip.067.html
http://uploadfiles.eu/teoi29c4546o/uploadfiles.eu_1000_font_pack.zip.068.html
http://uploadfiles.eu/ymqvt4gdqa79/uploadfiles.eu_1000_font_pack.zip.069.html
http://uploadfiles.eu/gmr2pdl578ls/uploadfiles.eu_1000_font_pack.zip.070.html
http://uploadfiles.eu/7ip5jl1ts0ix/uploadfiles.eu_1000_font_pack.zip.071.html
http://uploadfiles.eu/5f119cq35wp4/uploadfiles.eu_1000_font_pack.zip.072.html
http://uploadfiles.eu/mjwp5i40i3e8/uploadfiles.eu_1000_font_pack.zip.073.html
http://uploadfiles.eu/qemn4vix83xq/uploadfiles.eu_1000_font_pack.zip.074.html
http://uploadfiles.eu/i3kv2eib0dxf/uploadfiles.eu_1000_font_pack.zip.075.html
http://uploadfiles.eu/0w45fbruhxos/uploadfiles.eu_1000_font_pack.zip.076.html
http://uploadfiles.eu/p9zdj1pkdcww/uploadfiles.eu_1000_font_pack.zip.077.html
http://uploadfiles.eu/0364pctb6tqt/uploadfiles.eu_1000_font_pack.zip.078.html
http://uploadfiles.eu/yuiwi047lplt/uploadfiles.eu_1000_font_pack.zip.079.html
http://uploadfiles.eu/dkhyb7h9jn90/uploadfiles.eu_1000_font_pack.zip.080.html
http://uploadfiles.eu/vt3yekt0oybo/uploadfiles.eu_1000_font_pack.zip.x01.html
http://uploadfiles.eu/b94nb0a9slhd/1000__font_pack_01.7z.html
http://uploadfiles.eu/a01j733nvcyv
http://uploadfiles.eu/36ve07s5b7hm
http://uploadfiles.eu/3mj3kx809f22
http://uploadfiles.eu/paav4grwntve
http://uploadfiles.eu/zo2w7fp0hofu
http://uploadfiles.eu/hisifn7xlpkl
http://uploadfiles.eu/ykex1r9t0j3n
http://uploadfiles.eu/jx33ywg3jmgp
http://uploadfiles.eu/87lsqotu5m3h
http://uploadfiles.eu/jjvzzctdqhwm
http://uploadfiles.eu/zpwry61hcnkb
http://uploadfiles.eu/9tdp4cbhpziz
http://uploadfiles.eu/r7mcx04bte6u
http://uploadfiles.eu/y85uvhc3fpja
http://uploadfiles.eu/8qt2pcjs6x2h
http://uploadfiles.eu/4qetre1e9pps
http://uploadfiles.eu/35oqy3mliiqq
http://uploadfiles.eu/hhoy79mbaxss
http://uploadfiles.eu/17gnblzarrsq
http://uploadfiles.eu/y5otjpuzt8ix
http://uploadfiles.eu/cme8u84rterj
http://uploadfiles.eu/mrsoips7ag7g
http://uploadfiles.eu/gwhk4nowrxnq
http://uploadfiles.eu/76dlz3m67uiv
http://uploadfiles.eu/avi2uhl1burf
http://uploadfiles.eu/0garf0ea2wd3
http://uploadfiles.eu/xaxctadq0gda
http://uploadfiles.eu/v9ixo3ljkouv
http://uploadfiles.eu/bxabvvcwf893
http://uploadfiles.eu/wjgnnunha9ud
http://uploadfiles.eu/83bj9gp7pm69
http://uploadfiles.eu/rekfzrxuctd2
http://uploadfiles.eu/l0lkr3tumgw4
http://uploadfiles.eu/ql7h9i2i0vjo
http://uploadfiles.eu/neyy5hp8vht4
http://uploadfiles.eu/ssu070e20k5g
http://uploadfiles.eu/1h614ieafd9h
http://uploadfiles.eu/4b89bwi8j8q9
http://uploadfiles.eu/6ivwlkejop8r
http://uploadfiles.eu/8tru5toqwlhi
http://uploadfiles.eu/52kafgextbkf
http://uploadfiles.eu/3nn3v7z24c3h
http://uploadfiles.eu/2bs5yla9wfk4
http://uploadfiles.eu/ngvbuv732ux6
http://uploadfiles.eu/0wvbtjylspal
http://uploadfiles.eu/4g439yfndtg2
http://uploadfiles.eu/71qgtk1ek3f1
http://uploadfiles.eu/rfqlf7hiv20j
http://uploadfiles.eu/0fxi75gbs908
http://uploadfiles.eu/vwrr9g28j2ne
http://uploadfiles.eu/csp35txph6ld
http://uploadfiles.eu/jku36nwrehop
http://uploadfiles.eu/pq85dp2azkn7
http://uploadfiles.eu/15wq3u6u54cw
http://uploadfiles.eu/mwv053hb5bi7
http://uploadfiles.eu/ut7zmn9dge1v
http://uploadfiles.eu/xfenue26ucu6
http://uploadfiles.eu/l1ib0gn3rq6r
http://uploadfiles.eu/z005qo5i6qec
http://uploadfiles.eu/zjiy0n4lzsu8
http://uploadfiles.eu/g6zbthxohyk8
http://uploadfiles.eu/0ahp8gjq8zct
http://uploadfiles.eu/wmozvfd6bre9
http://uploadfiles.eu/q01gu438wu90
http://uploadfiles.eu/woxf0o9zhi6z
http://uploadfiles.eu/0wkdx9ylxfgx
http://uploadfiles.eu/9ttrbcwj5xru
http://uploadfiles.eu/i7w1y6ogpbt1
http://uploadfiles.eu/usuathx32dy4
http://uploadfiles.eu/stooxk0eobv0
http://uploadfiles.eu/0sjuxqiep0ee
http://uploadfiles.eu/ony1rkc5q3q5
http://uploadfiles.eu/jo4y7nak7hl7
http://uploadfiles.eu/rx6m4z5t1scc
http://uploadfiles.eu/4osh4g623go3
http://uploadfiles.eu/vfngcv9ansl5
http://uploadfiles.eu/nzg6vvvgtkfh
http://uploadfiles.eu/iywru4amhfdm
http://uploadfiles.eu/6hw891q4y56w
http://uploadfiles.eu/c29qka95h53e
http://uploadfiles.eu/rcw5zf6lrodb
http://uploadfiles.eu/s6j756lsx9z1
http://uploadfiles.eu/lcnjggkyfi5m
http://uploadfiles.eu/rgn2wivq0bqq
http://uploadfiles.eu/53o1adt7n9nf
http://uploadfiles.eu/t68tbqfivoqu
http://uploadfiles.eu/rjq6jmwfq9r5
http://uploadfiles.eu/j0w507ln56tp
http://uploadfiles.eu/8ovb6z0bx75o
http://uploadfiles.eu/9kd6yvhujwsf
http://uploadfiles.eu/iwd099rgkibv
http://uploadfiles.eu/ecn3ce05wc82
http://uploadfiles.eu/wb39wvlhnp1z
http://uploadfiles.eu/msas6qb3shvm
http://uploadfiles.eu/jqg69nbq36kz
http://uploadfiles.eu/ocin616k4dtp
http://uploadfiles.eu/6s1kb48698eh
http://uploadfiles.eu/w4x7pf0jczng
http://uploadfiles.eu/v2u8rxsoiitt
http://uploadfiles.eu/bs5uboy6pvbc
http://uploadfiles.eu/a01j733nvcyv