http://uploadkadeh.com/8s57xmyf5gye
http://uploadkadeh.com/wt7y57rlzem6
http://uploadkadeh.com/1s97zduzh40u
http://uploadkadeh.com/xgsno9ziqftk
http://uploadkadeh.com/a50hd6avhf0u
http://uploadkadeh.com/ykjduzescu6r
http://uploadkadeh.com/ui3suyhbji92
http://uploadkadeh.com/lqhoo4wpwal7
http://uploadkadeh.com/x1ol412cpiq8
http://uploadkadeh.com/b6ao9g3u518r
http://uploadkadeh.com/642r3d6m3h4i
http://uploadkadeh.com/yiop8we72rk2
http://uploadkadeh.com/0jfk2abajnvc
http://uploadkadeh.com/ydr66hvvsfcy
http://uploadkadeh.com/fpfv535awyh5
http://uploadkadeh.com/xby1bxz983gl
http://uploadkadeh.com/xtraaz3kmyar
http://uploadkadeh.com/b2sd5wzsblry
http://uploadkadeh.com/jjfarvmw1p91
http://uploadkadeh.com/8r4l0cujrxnm
http://uploadkadeh.com/9g5cll73hjgo
http://uploadkadeh.com/wsbn8udz4oel
http://uploadkadeh.com/qgon66o48jgx
http://uploadkadeh.com/dfb7tqw67hwf
http://uploadkadeh.com/rste2zvbycr4
http://uploadkadeh.com/3wqtnccbqnen
http://uploadkadeh.com/0d10x66rjnzo
http://uploadkadeh.com/8aa2stngb09y
http://uploadkadeh.com/shzff7zl972u
http://uploadkadeh.com/nza6m2utnb56
http://uploadkadeh.com/i5r60ciq8xe8
http://uploadkadeh.com/tyv87j8g5e0s
http://uploadkadeh.com/ba85iahnfudz
http://uploadkadeh.com/pvhstair32tm
http://uploadkadeh.com/xe08rsjyo6cp
http://uploadkadeh.com/w21y36utxtu0
http://uploadkadeh.com/b7ztlhd07qyt
http://uploadkadeh.com/jxnhix3sk35d
http://uploadkadeh.com/o2g18qa8rdce
http://uploadkadeh.com/dnv3yar24rtc
http://uploadkadeh.com/85ooxks4zm1u
http://uploadkadeh.com/n92fp5k8lyq8
http://uploadkadeh.com/hblql2tak2as
http://uploadkadeh.com/hvj2g92sqjui
http://uploadkadeh.com/khrlla7ab6tq
http://uploadkadeh.com/4gamdir0fag4
http://uploadkadeh.com/ase3p5y1ajsl
http://uploadkadeh.com/8t6f7xtbtic0
http://uploadkadeh.com/kne5ux5erd5w
http://uploadkadeh.com/8bwyi2jxr52i
http://uploadkadeh.com/9ddeqbopvnjr
http://uploadkadeh.com/mfoswxbrackf
http://uploadkadeh.com/wohcqw204yjb
http://uploadkadeh.com/drvwggnu82o2
http://uploadkadeh.com/5r55bbpaa404
http://uploadkadeh.com/nsauvkxmvugg
http://uploadkadeh.com/5bl8pcu4vr1g
http://uploadkadeh.com/poyc25afknyh
http://uploadkadeh.com/rb6r3ysbkopf
http://uploadkadeh.com/einrcqbecm70
http://uploadkadeh.com/qjhza7w8uvjx
http://uploadkadeh.com/o0hvrn5tcxdj
http://uploadkadeh.com/vmgc8nmlkpgx
http://uploadkadeh.com/5ucup3kw9w79
http://uploadkadeh.com/ig46hs66r1on
http://uploadkadeh.com/e5h64htl86tt
http://uploadkadeh.com/i11j9z5adcg1
http://uploadkadeh.com/egs0ticgvskc
http://uploadkadeh.com/0j5u1boyetv1
http://uploadkadeh.com/g2lronnx1yvh
http://uploadkadeh.com/1bx9ucnk9aa4
http://uploadkadeh.com/yv8yzboq47cz
http://uploadkadeh.com/0xeqjya1iv36
http://uploadkadeh.com/m4on78801kg3
http://uploadkadeh.com/fm47ie24ka8a
http://uploadkadeh.com/lkju29uphdae
http://uploadkadeh.com/yxp8116twsxb
http://uploadkadeh.com/ms7r9xhfp13g
http://uploadkadeh.com/aqp9g8rnmsyo
http://uploadkadeh.com/fn2ecyjpgrpj
http://uploadkadeh.com/pbx00tx5f6xh
http://uploadkadeh.com/31izg065kfns
http://uploadkadeh.com/mtbt54hphnvg
http://uploadkadeh.com/dv7nj6mj179f
http://uploadkadeh.com/b20seofa7a3v
http://uploadkadeh.com/jod544tlptc3
http://uploadkadeh.com/uv1txtagmz1c
http://uploadkadeh.com/lqsaxkxjf23n
http://uploadkadeh.com/hi5oedsjkjtq
http://uploadkadeh.com/jaax3as4hkwi
http://uploadkadeh.com/f1z634h88ks1
http://uploadkadeh.com/mqampiqeu749
http://uploadkadeh.com/5j5yumebor3v
http://uploadkadeh.com/pglup5xsxyrv
http://uploadkadeh.com/fjmunycfb9v6
http://uploadkadeh.com/tsdvgwqjy3za
http://uploadkadeh.com/ut6o4qb6lx3j
http://uploadkadeh.com/g23ana1nzsuv
http://uploadkadeh.com/weg1k3ctjxnk
http://uploadkadeh.com/332lfjioh9us
http://uploadkadeh.com/8s57xmyf5gye