http://userscloud.com/axds62u8hqff
http://userscloud.com/rnr85349n4ws
http://userscloud.com/pscua0azrb4j
http://userscloud.com/ynjrypgbxm2s
http://userscloud.com/ppcurqa69ix0
http://userscloud.com/500iasfsdhbq
http://userscloud.com/3ozf2o2v7keo
http://userscloud.com/hz3aqklazfzp
http://userscloud.com/hkx475l4lf1m
http://userscloud.com/1z31sv045w75
http://userscloud.com/xbqbm41a43pj
http://userscloud.com/7x1r4o0tcgnm
http://userscloud.com/9dlpy6ag7pqx
http://userscloud.com/9xakt7zaucj6
http://userscloud.com/69km5cth7h9p
http://userscloud.com/kp825c6ccmqm
http://userscloud.com/s0i2yl3328i5
http://userscloud.com/accie45jcaqz
http://userscloud.com/c7ag6rc6wiyc
http://userscloud.com/zjrak2vhu115
http://userscloud.com/6ozg7afo8joy
http://userscloud.com/z97slbij7uo1
http://userscloud.com/c1r22ptvn8jh
http://userscloud.com/369zvx61twa0
http://userscloud.com/6nm7jv2xqi0m
http://userscloud.com/vtki9dihkd1t
http://userscloud.com/mnlodph95y5o
http://userscloud.com/b5sy6cyictfp
http://userscloud.com/bjsllen9gbvo
http://userscloud.com/dxqfttxgv5jb
http://userscloud.com/qej5oexjc9oq
http://userscloud.com/7iianzsbvmup
http://userscloud.com/p9rvv3zalqxx
http://userscloud.com/nfwyhzrr2f3j
http://userscloud.com/5hepjptkcj3r
http://userscloud.com/stvi0d5602xw
http://userscloud.com/qy9qidrf40il
http://userscloud.com/57cwb586uzpx
http://userscloud.com/ejg7apzkeiok
http://userscloud.com/2g2i1yv4bhf4
http://userscloud.com/u61y7xdplhq1
http://userscloud.com/88fvwub9l8gi
http://userscloud.com/uut2yzswsbw5
http://userscloud.com/554289wi2zs1
http://userscloud.com/jc1fjmdvl88m
http://userscloud.com/b4mqutc0lsww
http://userscloud.com/lz1h71evpwns
http://userscloud.com/rf4g3qi7xb3y
http://userscloud.com/m0ky45kuxq0n
http://userscloud.com/9ngbo5i3eiw2
http://userscloud.com/bt632edg0pvr
http://userscloud.com/nd4ejulcu6pg
http://userscloud.com/s9pggom9uvis
http://userscloud.com/jbik6k3515ys
http://userscloud.com/10ipautr7qaw
http://userscloud.com/j61w2cyppeuj
http://userscloud.com/89a3n5767cj2
http://userscloud.com/g803x7de86cm
http://userscloud.com/kg3gyzg6y9ol
http://userscloud.com/dgxworctw7ij
http://userscloud.com/kb1deze7umvk
http://userscloud.com/5twdqr3n1zgv
http://userscloud.com/wt3rx6x26sy7
http://userscloud.com/ie07egfxfnol
http://userscloud.com/bt6z3wpb796z
http://userscloud.com/w94esd7xlj3j
http://userscloud.com/3u0pbdv2nydx
http://userscloud.com/wlzzklhu3bsv
http://userscloud.com/n688xowqo88g
http://userscloud.com/tbir3r4v952l
http://userscloud.com/fayivp3azh1f
http://userscloud.com/h6mtqqgoiey0
http://userscloud.com/ybiqcrzdgkxf
http://userscloud.com/zc25rv00nlqe
http://userscloud.com/91a8vko2dnl4
http://userscloud.com/b0we88x1r3k0
http://userscloud.com/ccr76pu9of8t
http://userscloud.com/j4ns4i716js5
http://userscloud.com/ybgdpll5ut6g
http://userscloud.com/7b15j7y1e9v0
http://userscloud.com/mcvtbz61xljm
http://userscloud.com/zmge188k8usa
http://userscloud.com/1sd4kaqlla9p
http://userscloud.com/2uxzooef1ce0
http://userscloud.com/lno5mrn88q7z
http://userscloud.com/quib7x6ttxbk
http://userscloud.com/il1v3o6wwxvl
http://userscloud.com/srlu5zjr0pf7
http://userscloud.com/8luxv112f00s
http://userscloud.com/x284sc8jx97g
http://userscloud.com/279hrpqkt7xu
http://userscloud.com/59wlme72ma6t
http://userscloud.com/65bnhfh9jc4m
http://userscloud.com/jm814oecxkzz
http://userscloud.com/jw74oyxikoc2
http://userscloud.com/kblspf29g00n
http://userscloud.com/5svklk112v5d
http://userscloud.com/ympfrr9foc2h
http://userscloud.com/gyffxxe022xi
http://userscloud.com/a8t8h87lxn2s
http://userscloud.com/94jtus54tmtk
http://userscloud.com/3t6lq5rkr9kl
http://userscloud.com/1m59fjkjto8k
http://userscloud.com/5da4kx8it3wc
http://userscloud.com/jfeaav6ybik2
http://userscloud.com/ro6pg4gnz0p5
http://userscloud.com/l2wy9ps773mm
http://userscloud.com/yamud7qlrpdk
http://userscloud.com/de435gg93vxl
http://userscloud.com/axbdeer4qgy8
http://userscloud.com/bh67ubsm01ua
http://userscloud.com/4hjo112g0ek1
http://userscloud.com/7pcjg3rznzxn
http://userscloud.com/ggzvnncg1kdd
http://userscloud.com/azruxk339mtm
http://userscloud.com/3iyeih8bmfut
http://userscloud.com/gr8gl4na68lu
http://userscloud.com/j8w0bugo3sgi
http://userscloud.com/artwu8uiz0s3
http://userscloud.com/zjkevnj44ibt
http://userscloud.com/vg677vofxgiv
http://userscloud.com/zkpqf3nfo94w
http://userscloud.com/6mpnel1vnpxu
http://userscloud.com/iaqc3ytikctz
http://userscloud.com/dlu60scw9dzr
http://userscloud.com/g2tskwa38t9i
http://userscloud.com/j1lhm7nshams
http://userscloud.com/cm7me0owujh5
http://userscloud.com/6jdm0nevroqq
http://userscloud.com/880xxi2s58l9
http://userscloud.com/bqsvhncigha9
http://userscloud.com/8yygkihbdh6m
http://userscloud.com/kmkaaphanuqm
http://userscloud.com/kztwb1ia7yud
http://userscloud.com/7lcy1c8yoa3n
http://userscloud.com/ydgth1d5ndzj
http://userscloud.com/apr1nsmoqm03
http://userscloud.com/xn8o2lsrfjvy
http://userscloud.com/ivud4se11h8h
http://userscloud.com/jeblxyjtdxu8
http://userscloud.com/m62t0wmlrkr8
http://userscloud.com/2gg5ldz518xi
http://userscloud.com/2ucpc3045mxz
http://userscloud.com/08rcghfc5c9s
http://userscloud.com/m46rmzugy5m0
http://userscloud.com/7jho9ezkbrly
http://userscloud.com/gk1msmgi78u4
http://userscloud.com/85zaroogp330
http://userscloud.com/hrdie2ilg4iz
http://userscloud.com/94tw2tzogvy0
http://userscloud.com/og5tp1evvcvz
http://userscloud.com/se2yurx3kr2w
http://userscloud.com/2w16bu9ajuqf
http://userscloud.com/s4q6ieox1qbz
http://userscloud.com/0lafqu4q9r12
http://userscloud.com/61ckoyms3twi
http://userscloud.com/uqz5typs16ze
http://userscloud.com/mbdavclp6pvm
http://userscloud.com/lgwroduphb8q
http://userscloud.com/bqi0plgad27t
http://userscloud.com/hgndfg540kye
http://userscloud.com/5h6zecvhbhas
http://userscloud.com/nowwtk1wsv7e
http://userscloud.com/vfahh73ggk7z
http://userscloud.com/or7gol0x3zg1
http://userscloud.com/mv5h27o6gvgx
http://userscloud.com/jpwi7pmgzsal
http://userscloud.com/dhefxcvz9q8m
http://userscloud.com/ptju5hb9d7qy
http://userscloud.com/j40cktrdl4zc
http://userscloud.com/mvapp83dfo0z
http://userscloud.com/8qkp1bcedqkj
http://userscloud.com/8vte0nkv4pc6
http://userscloud.com/xt2t8hea2iwd
http://userscloud.com/i3gkec7mbsdf
http://userscloud.com/ncytrk81xgpq
http://userscloud.com/dlnlb90aa0cc
http://userscloud.com/er7w0ztusjay
http://userscloud.com/hwnmf1smcne6
http://userscloud.com/6d6njk2ozgt2
http://userscloud.com/lffz3s1855ce
http://userscloud.com/2ureuhjkwtil
http://userscloud.com/74eqtuxjwnq7
http://userscloud.com/qey9uh2eylqk
http://userscloud.com/texx3wwx3heu
http://userscloud.com/cvmsm2wyiqzx
http://userscloud.com/63g2xrwdjcsl
http://userscloud.com/v3hwsp19nc10
http://userscloud.com/0euoywjt12yf
http://userscloud.com/n4ddfqn3mv80
http://userscloud.com/xot3nvxawig0
http://userscloud.com/6elcwyzt4p06
http://userscloud.com/f9p84hwdqzfa
http://userscloud.com/vt99q9zphngh
http://userscloud.com/7ytjuxghcdb1
http://userscloud.com/ulja40z2qwww
http://userscloud.com/pqondah5dpkd
http://userscloud.com/0l1h4joah1ug
http://userscloud.com/s8y3qkyoig7e
http://userscloud.com/9xxbnrsffwy4
http://userscloud.com/qa1n221obd7b
http://userscloud.com/smhawpvvjouw
http://userscloud.com/u3afbkwad36y
http://userscloud.com/fdnqh7dysc8d
http://userscloud.com/krmnh34zqo6w
http://userscloud.com/6h2evvzeawzy
http://userscloud.com/cc3x2i9pkkg3
http://userscloud.com/o6l1z6gkz7d4
http://userscloud.com/bdyvauap6dql
http://userscloud.com/scoxameh6lk4
http://userscloud.com/k17slukt47cq
http://userscloud.com/w9by1rz75w09
http://userscloud.com/efw7kydw5p8q
http://userscloud.com/dvlkfuvwcqs1
http://userscloud.com/dv5oig4tilta
http://userscloud.com/0lynokfcdlx5
http://userscloud.com/n0vjxnpm2pop
http://userscloud.com/gz7pzz62om7q
http://userscloud.com/xzl2rxg8wpw6
http://userscloud.com/fn6001w0kckx
http://userscloud.com/b6jigbgwqtw7
http://userscloud.com/ipbm19rrhplm
http://userscloud.com/42pb7yiok9pv
http://userscloud.com/uqswdnfcok5q
http://userscloud.com/guxl66stsk67
http://userscloud.com/i9d2g90iyzsh
http://userscloud.com/1313hynvrz4l
http://userscloud.com/131wy3reqihx
http://userscloud.com/91f7zxfyiqq5
http://userscloud.com/1lrov9rwtksq
http://userscloud.com/wag8zv95lk9n
http://userscloud.com/aqryue6a8l1f
http://userscloud.com/bvbfipv4r7w0
http://userscloud.com/jcxi9gl6mhhk
http://userscloud.com/cmss9j7gl1lk
http://userscloud.com/nzssm4xjia7w
http://userscloud.com/36g97zt6ocg9
http://userscloud.com/s8iaxp4zz7un
http://userscloud.com/6m4qmrmmxmu5
http://userscloud.com/0ah5f9tjzfx4
http://userscloud.com/z0vha4bx34n8
http://userscloud.com/eknelpuhhy4e
http://userscloud.com/qmnvd5sm0omh
http://userscloud.com/06jjz8mcn6e6
http://userscloud.com/kpyi05afjfys
http://userscloud.com/jh61jd78vn0s
http://userscloud.com/fc2sr8wwcgv5
http://userscloud.com/cbelm0iwwbfc
http://userscloud.com/11zg0qnopkls
http://userscloud.com/h76ny77jk5tk
http://userscloud.com/2fecrddy9r3k
http://userscloud.com/1vpns7dnhvp7
http://userscloud.com/zsk3zuzcnxxv
http://userscloud.com/nm5qo94n4w00
http://userscloud.com/n1y4bckawnid
http://userscloud.com/8gjqxhyls7y4
http://userscloud.com/f48zafbl7kx6
http://userscloud.com/7lbuwpt890j1
http://userscloud.com/6lc9wql3kwcb
http://userscloud.com/2tucy44uzme9
http://userscloud.com/goo4ltrjmz2q
http://userscloud.com/xtbjrkdmg0jr
http://userscloud.com/1ld2fvlywbcp
http://userscloud.com/620ixuoodql4
http://userscloud.com/k594cgu64hfg
http://userscloud.com/t9led9g50rim
http://userscloud.com/el7mcd0e4qzb
http://userscloud.com/dp5v5vm2tndd
http://userscloud.com/k4zv77kgppl3
http://userscloud.com/088v2idztjlk
http://userscloud.com/l5qjrlx0efjc
http://userscloud.com/wr6y4zvadsj5
http://userscloud.com/frc67431a8qi
http://userscloud.com/ifu4khsraxem
http://userscloud.com/xwcjj48gpd1o
http://userscloud.com/ku3q6bh4ip6d
http://userscloud.com/6td733q88zyo
http://userscloud.com/7xo8eifcb4cw
http://userscloud.com/si4eywzuhlkf
http://userscloud.com/oamunglzhqjm
http://userscloud.com/pvgj11nc8laj
http://userscloud.com/pp8qq4hi17g5
http://userscloud.com/h3sr21vl7urm
http://userscloud.com/zpzb8uql5ohs
http://userscloud.com/ugd329amzl6d
http://userscloud.com/5mqxz94yu1h4
http://userscloud.com/joescw5mpnwy
http://userscloud.com/97omvtsogzfs
http://userscloud.com/c6ho6demhi2p
http://userscloud.com/ohvwlbpzz3nh
http://userscloud.com/lgpwyfsc2d85
http://userscloud.com/mf4ew2yoq3aj
http://userscloud.com/l98fy2vj6whu
http://userscloud.com/cp7oh4n8s994
http://userscloud.com/bbrer4oglglo
http://userscloud.com/1nqnskmq0sx0
http://userscloud.com/h8r8d3a4ubax
http://userscloud.com/gz0kjwltqbad
http://userscloud.com/5giebmwbzxf0
http://userscloud.com/ci7d8x88d5wh
http://userscloud.com/8btk8agmau87
http://userscloud.com/yktubqdap94i
http://userscloud.com/5oa6zttjwvor
http://userscloud.com/wo6676jt33yr
http://userscloud.com/iwf43q0hb48x
http://userscloud.com/2cwhtzz28ynb
http://userscloud.com/e3mvvdw0f9t9
http://userscloud.com/jlf1phfyq58h
http://userscloud.com/iylg9z8jsvik
http://userscloud.com/eys4t1mb0bho
http://userscloud.com/tiscutkcn113
http://userscloud.com/0z9qztqjul6g
http://userscloud.com/k49zzayb9zt4
http://userscloud.com/xvlcndpt51wz
http://userscloud.com/s1cqa9u80cwn
http://userscloud.com/q1wwxlmg2eyo
http://userscloud.com/rv23w2n4xkc0
http://userscloud.com/4toykttcpfmd
http://userscloud.com/axx046gtx5dp
http://userscloud.com/0fs3kej6hmmy
http://userscloud.com/iocoanntca5v
http://userscloud.com/fgc2zrk31hme
http://userscloud.com/38vncwj8lrru
http://userscloud.com/a6a7pnbcfe7r
http://userscloud.com/16lkrpdo685t
http://userscloud.com/mtf05pndqtm9
http://userscloud.com/mg2ag7ba4mj3
http://userscloud.com/z4etdpj6qopk
http://userscloud.com/vrbz55ef7utg
http://userscloud.com/rwoafx4g3qaz
http://userscloud.com/60qnwbkfykvk
http://userscloud.com/4rtzvqdz6cle
http://userscloud.com/weaiunwl2m37
http://userscloud.com/d2uyl51tjdwz
http://userscloud.com/qlspq4keeh9e
http://userscloud.com/55ltpg58poyw
http://userscloud.com/ja37rzu99k8b
http://userscloud.com/apqokfero5hy
http://userscloud.com/63vy8gswepjp
http://userscloud.com/bkkvnhx99ipy
http://userscloud.com/a3g6xgjpptxe
http://userscloud.com/ulveo2uynbwc
http://userscloud.com/rawz1xeiu6x4
http://userscloud.com/ax0pw8ilf3gb
http://userscloud.com/wtr0ibgeg27y
http://userscloud.com/6xsc1byuvngg
http://userscloud.com/6qmwyurf0y8s
http://userscloud.com/fbs175zhqwnq
http://userscloud.com/dy9m5n7cpk44
http://userscloud.com/wh0a0ji05oob
http://userscloud.com/20wi1ci6o1jv
http://userscloud.com/22d94j3ii1og
http://userscloud.com/xsc1p20ej7rx
http://userscloud.com/38qigo06jdzf
http://userscloud.com/opth8ojjtwzk
http://userscloud.com/yf8gpz92oxb0
http://userscloud.com/wemo7wyiljqy
http://userscloud.com/oknatbz15d48
http://userscloud.com/sdpc5ruqyzfp
http://userscloud.com/juxbkd7i9h1i
http://userscloud.com/s1kfc1j7kj46
http://userscloud.com/iozfcptztoua
http://userscloud.com/lstnrgoanfuq
http://userscloud.com/5no5shi5mw37
http://userscloud.com/e5dbn23zrydf
http://userscloud.com/kqde2fdb7lrs
http://userscloud.com/gzrb1ykjy1z0
http://userscloud.com/tpnot010z4vv
http://userscloud.com/luz8jvitvfxt
http://userscloud.com/ftl5poytqx4i
http://userscloud.com/e6nvd9ek1q6y
http://userscloud.com/gshky65hxv73
http://userscloud.com/2r3w1n447aj1
http://userscloud.com/qlfykb0a5szl
http://userscloud.com/52s99utpg6pn
http://userscloud.com/u10ttwivgc2z
http://userscloud.com/0c2d13ioy2a8
http://userscloud.com/7amwvlbeqzs4
http://userscloud.com/w3i7q37jj3g1
http://userscloud.com/gde5l6c24lky
http://userscloud.com/fnn37osijepg
http://userscloud.com/l95b0ojs0dpc
http://userscloud.com/i7u9gu3zkmyu
http://userscloud.com/j5ce8bh8vo2k
http://userscloud.com/hirze9w3tz4n
http://userscloud.com/8jgwxsbhbmgk
http://userscloud.com/bowboyn90455
http://userscloud.com/wck71drvhk0u
http://userscloud.com/99qdhorz6vc1
http://userscloud.com/82v07iqev491
http://userscloud.com/i7i9li69t3si
http://userscloud.com/6cwfwo15rl86
http://userscloud.com/nmzvao38klxm
http://userscloud.com/g4hm7loz9tsf
http://userscloud.com/4j23xmxl2gcq
http://userscloud.com/b39a7i1ndvtg
http://userscloud.com/2u9qbuzs9sjk
http://userscloud.com/erjprdfiq78j
http://userscloud.com/ltw5w476tap9
http://userscloud.com/35vu0yjatjki
http://userscloud.com/npsehida35se
http://userscloud.com/z808p31qigek
http://userscloud.com/1jtz3myi7cet
http://userscloud.com/6hdbkwt4i5p7
http://userscloud.com/fdcuvs0bvpgv
http://userscloud.com/ve911obqnhfm
http://userscloud.com/9plu571qkppa
http://userscloud.com/j3m3o9u9x0vj
http://userscloud.com/97r8ufw3zpbj
http://userscloud.com/ldm7f9q61isu
http://userscloud.com/ezzx25dl59ll
http://userscloud.com/fx15kyu4h8gv
http://userscloud.com/6ca05wb6anuw
http://userscloud.com/9lkgmfr47gw5
http://userscloud.com/k5v4fcevp6ag
http://userscloud.com/jrsk3y5bdf46
http://userscloud.com/l0uv4jpeiai2
http://userscloud.com/9ril263nnzsi
http://userscloud.com/kjtkn1k5ffln
http://userscloud.com/0dfmb0nkva93
http://userscloud.com/omshggwqhlwp
http://userscloud.com/n92qhldrn47e
http://userscloud.com/pwhfax6s5bah
http://userscloud.com/2e8dt7rdd1c4
http://userscloud.com/98qpowkoi7av
http://userscloud.com/ib2d9cyl4cyq
http://userscloud.com/3105zgdsxmnl
http://userscloud.com/f4betisxf18q
http://userscloud.com/v34toe520kmv
http://userscloud.com/qsh2fr0ir4u1
http://userscloud.com/snzw88z2wfuo
http://userscloud.com/z0lhn2tp6gfa
http://userscloud.com/f6in4c5cqooc
http://userscloud.com/v9uadydp3qvp
http://userscloud.com/apvtvmo1o0dx
http://userscloud.com/uwpmlws6gwwr
http://userscloud.com/ikmkj8avxjt5
http://userscloud.com/cfw4ihj62tmt
http://userscloud.com/s9i8ay06hm72
http://userscloud.com/p4lpwecidc49
http://userscloud.com/xuhgoy1mnalp
http://userscloud.com/yxno0kk811hd
http://userscloud.com/r82niqf7hqkw
http://userscloud.com/boimem0fizqb
http://userscloud.com/ikqvhp8lhepj
http://userscloud.com/reqqx979txd9
http://userscloud.com/7qusq9hohehh
http://userscloud.com/emgk0gj7sr0s
http://userscloud.com/7quagjwu6gn9
http://userscloud.com/nu5fbyuph248
http://userscloud.com/odhz0nco9diu
http://userscloud.com/8df12uuhiir9
http://userscloud.com/e96ctrshe1vm
http://userscloud.com/uoxrb23e4x73
http://userscloud.com/cftl34v9gwf2
http://userscloud.com/pz7z1y6z7t4d
http://userscloud.com/bkmfosmisnkq
http://userscloud.com/9a46a2z7h2nj
http://userscloud.com/c4nryihwhmz6
http://userscloud.com/vcnw4944gv2q
http://userscloud.com/ocvckbv9lctl
http://userscloud.com/dnu0w1j5n1cb
http://userscloud.com/2uax3a1ynqx0
http://userscloud.com/2tk016ywetrn
http://userscloud.com/818efezzr4aj
http://userscloud.com/4mau16izxrpx
http://userscloud.com/0x3agp6wgrcq
http://userscloud.com/wxbhhig4t9di
http://userscloud.com/476h4kz2ljw0
http://userscloud.com/u1hwzay9symv
http://userscloud.com/7nv6zlya3gn4
http://userscloud.com/pkv5y12ikxgx
http://userscloud.com/p5dnjvqh8713
http://userscloud.com/gp6zemktlss5
http://userscloud.com/fo7wq81cdfko
http://userscloud.com/prc738m7vhky
http://userscloud.com/tdi5kyqvjx1x
http://userscloud.com/plrsid1auhxe
http://userscloud.com/5472jlndzfjf
http://userscloud.com/t1l71qg9cj1y
http://userscloud.com/kisn26oee3gy
http://userscloud.com/w3m9rfq2v0tz
http://userscloud.com/ubjv9tvf2ttk
http://userscloud.com/zuu0goo2izlu
http://userscloud.com/9yyqpcof45sr
http://userscloud.com/igs3nvn64cyg
http://userscloud.com/8mvp7es7hwhi
http://userscloud.com/ycszn4wz539x
http://userscloud.com/d3ux9rpbsrc7
http://userscloud.com/jwz2guxtb95y
http://userscloud.com/fxpn5d89brcw
http://userscloud.com/j316ay81idvo
http://userscloud.com/kcry1l0ivf6y
http://userscloud.com/8d30au4mh9e2
http://userscloud.com/w5b06l96qz31
http://userscloud.com/lnkgu59bz6qj
http://userscloud.com/jj48wwt8dpee
http://userscloud.com/4exrffmbwymw
http://userscloud.com/7ip5d4ogrxch
http://userscloud.com/wp6br3e6agt8
http://userscloud.com/gm4p643avzeq
http://userscloud.com/hrow3qczpk7g
http://userscloud.com/lr8ojsqcpoe9
http://userscloud.com/07p1nv3edeaf
http://userscloud.com/0bzi39ojmgbe
http://userscloud.com/6o7lk16hg06q
http://userscloud.com/0pzs7zvve2j6
http://userscloud.com/pn40pqdmo960
http://userscloud.com/980xu48egiuj
http://userscloud.com/hwwf5kgqeu51
http://userscloud.com/2tkadcme6lzc
http://userscloud.com/5ywkveejplb9
http://userscloud.com/dt8bijdc7ean
http://userscloud.com/zqevt0lj5yfp
http://userscloud.com/9lggnbzk6lvn
http://userscloud.com/ocujj7yj4593
http://userscloud.com/v7j8rrifdbp3
http://userscloud.com/lv0eip3aujzp
http://userscloud.com/75v960lp4n7h
http://userscloud.com/d6gu2pj6wdvq
http://userscloud.com/5jp16gh0lkyb
http://userscloud.com/nihuxj9vgxs8
http://userscloud.com/bcznzaurppha
http://userscloud.com/s7m5mk2zintc
http://userscloud.com/ek1stf17v7zx
http://userscloud.com/ocgdp2x61iu7
http://userscloud.com/x1gpx7f11cfn
http://userscloud.com/e11tzsixooz4
http://userscloud.com/7aeyvvwbcsec
http://userscloud.com/7bezhzxrmqzs
http://userscloud.com/tvokopbi7pf9
http://userscloud.com/mmhx3uxzpt5b
http://userscloud.com/kdmpi94bkdn5
http://userscloud.com/uk9nfsij55yd
http://userscloud.com/abbyoie8g89m
http://userscloud.com/psmvduag45vb
http://userscloud.com/ujnsz89zl5xa
http://userscloud.com/a5cpqefi1sa1
http://userscloud.com/6yirqet4uppj
http://userscloud.com/6lvhy1hh0zh5
http://userscloud.com/1j05dx8tiw52
http://userscloud.com/wuef5qawd5ip
http://userscloud.com/n7hshnwkqvz7
http://userscloud.com/jc3hgqzg8sd1
http://userscloud.com/6jquh17nodny
http://userscloud.com/mt7tak7tfpi3
http://userscloud.com/kskrczotolpe
http://userscloud.com/yufi44wqadfp
http://userscloud.com/xsd5fgrpijdg
http://userscloud.com/zw82ff6ppfbd
http://userscloud.com/2tc21sb1wubx
http://userscloud.com/r2996ew87gs9
http://userscloud.com/jmu2cfes5as4
http://userscloud.com/36t6m3stsrpy
http://userscloud.com/tqftsu83fg80
http://userscloud.com/64yfanq76e4z
http://userscloud.com/d7c2krp79i3t
http://userscloud.com/svz3nl3lh01v
http://userscloud.com/i1smmm1me05w
http://userscloud.com/h9solk3efxmd
http://userscloud.com/9bfncxvldow9
http://userscloud.com/xerije01alc7
http://userscloud.com/wrk35vy0rohd
http://userscloud.com/vpu804do3zvx
http://userscloud.com/ay6fkx2w1qyl
http://userscloud.com/1sfv7ol0qazd
http://userscloud.com/1e5sqg559ud9
http://userscloud.com/hvijvzqcv2tz
http://userscloud.com/q1k5zivxlham
http://userscloud.com/0gfmjmbw8dnv
http://userscloud.com/wq496f2w6mfs
http://userscloud.com/l9ry3pqan14l
http://userscloud.com/gb2vr0ugg8dj
http://userscloud.com/yr3pcll32141
http://userscloud.com/wnjh473ifgle
http://userscloud.com/vyd9phns56jv
http://userscloud.com/8hah4xdl5abd
http://userscloud.com/n9aybd9by650
http://userscloud.com/rzqixwek8t3t
http://userscloud.com/uyzjhx1f0y1b
http://userscloud.com/78gve8elx99b
http://userscloud.com/v8wwqfdsmi7j
http://userscloud.com/4kz0espznjul
http://userscloud.com/bmgjykq89mmk
http://userscloud.com/qbuqfx0p7qc2
http://userscloud.com/5qs9541470tv
http://userscloud.com/09ff49fwpqge
http://userscloud.com/959zvkrvwtgq
http://userscloud.com/dd0oquihwh52
http://userscloud.com/i061zqguo702
http://userscloud.com/jipblrop1t3f
http://userscloud.com/78my38dzdd7m
http://userscloud.com/e9vnqrmgzwih
http://userscloud.com/fw1flst8gffu
http://userscloud.com/el7jle919gk4
http://userscloud.com/omme9wrrz9e7
http://userscloud.com/ge922b0k9sqy
http://userscloud.com/atmgdjspb2gq
http://userscloud.com/jazyf1wbqyfw
http://userscloud.com/nt5t07dpv2z7
http://userscloud.com/w067q4q5wyte
http://userscloud.com/nh7frk38fafu
http://userscloud.com/yaiqdprityot
http://userscloud.com/tyt8fm76ntco
http://userscloud.com/rmqeyk4xkzug
http://userscloud.com/b9be6frv4h87
http://userscloud.com/osainhe5kxmh
http://userscloud.com/h0t68uwge1b1
http://userscloud.com/bcgue8mvmwn7
http://userscloud.com/71on02mij8l4
http://userscloud.com/31xhridluesd
http://userscloud.com/q4fkqehflzuz
http://userscloud.com/vchdadm0khfi
http://userscloud.com/gfz3ah7i2maj
http://userscloud.com/t82xxzr4eyhb
http://userscloud.com/en50jlhs70oy
http://userscloud.com/4pydm44xulo4
http://userscloud.com/0ca7xvy8udk1
http://userscloud.com/xgnwx7q2uta7
http://userscloud.com/zbapjxzm17wu
http://userscloud.com/v3jeohiwbp92
http://userscloud.com/0jj339lsg398
http://userscloud.com/atxutxrci1s6
http://userscloud.com/3azv26lbjhav
http://userscloud.com/k77vnd2d2zwn
http://userscloud.com/o0i8s1eg5vi2
http://userscloud.com/w31wlefpj7qd
http://userscloud.com/g0znfc38p5qw
http://userscloud.com/godmt1ql1nak
http://userscloud.com/c4n2x36ikeg0
http://userscloud.com/dz7ex1yj4hqd
http://userscloud.com/c4rg331zi6zw
http://userscloud.com/1paa1rx5v5kt
http://userscloud.com/2pf6t414p07d
http://userscloud.com/mz8w9ch7ug78
http://userscloud.com/1njo95jbzkyo
http://userscloud.com/7nrkfeuuke77
http://userscloud.com/haicpq015ly9
http://userscloud.com/yhwhxx5im6ml
http://userscloud.com/ay5pydql5l6a
http://userscloud.com/irmad7ktkfgg
http://userscloud.com/kynn746js62u
http://userscloud.com/nwzhtvqd8psj
http://userscloud.com/k59po4w2nkh1
http://userscloud.com/k4mhtczswgim
http://userscloud.com/cfkyk5p5di71
http://userscloud.com/8xw1rawsfcfq
http://userscloud.com/1886elfe26e8
http://userscloud.com/2r7g6hne1gec
http://userscloud.com/yfdgsz10ihwx
http://userscloud.com/7rnkvgp3xd6q
http://userscloud.com/gufmcuwyls51
http://userscloud.com/2il7tijiyf4x
http://userscloud.com/3b8oo1xjt44n
http://userscloud.com/e3gj68ynrxwf
http://userscloud.com/fiss8c7kajlb
http://userscloud.com/pnop67mofsp0
http://userscloud.com/2zk95asy8oce
http://userscloud.com/cczwta5vm5u0
http://userscloud.com/lwam3whuvnx1
http://userscloud.com/a93va583e0vo
http://userscloud.com/u6fwxv5izqy6
http://userscloud.com/mi1ook93mjzr
http://userscloud.com/bxn3miaixfy9
http://userscloud.com/8mmv67749lqd
http://userscloud.com/6qy4she5301p
http://userscloud.com/qr10ik2jxpyb
http://userscloud.com/inkvvdl2vbti
http://userscloud.com/mvjhwrp3si9c
http://userscloud.com/x1qu7kzaq85l
http://userscloud.com/552r0fqvet0r
http://userscloud.com/ofobpx05xpfi
http://userscloud.com/515w53w7bbut
http://userscloud.com/m0cxme5jboa2
http://userscloud.com/50jxwc3gynym
http://userscloud.com/8l29izrs46j6
http://userscloud.com/b9rtlg95hevj
http://userscloud.com/12x24bh1i9zc
http://userscloud.com/2cjti0rjcp6i
http://userscloud.com/3l7rjcgwektw
http://userscloud.com/1cj9umt6cxub
http://userscloud.com/dfiovsx7k3xg
http://userscloud.com/7cy5e8ox6qnx
http://userscloud.com/yqkrjc946f61
http://userscloud.com/ndbvlbmxq53u
http://userscloud.com/9j2p329x0spw
http://userscloud.com/5twpssjaxndu
http://userscloud.com/q9p4mbk5ynct
http://userscloud.com/0usv9fbofmot
http://userscloud.com/1wldt9vr1pjr
http://userscloud.com/4rikzo8bd7ev
http://userscloud.com/zatn084e1myy
http://userscloud.com/cmrz9tj42dor
http://userscloud.com/gnz7zj21g6p5
http://userscloud.com/9ablh9kee06f
http://userscloud.com/icu5di7nbr59
http://userscloud.com/wi9z77n1x42d
http://userscloud.com/wd4lyk0gowbq
http://userscloud.com/67ialxnsmdwn
http://userscloud.com/1pa75sh7gnhk
http://userscloud.com/7e8jk6475m0l
http://userscloud.com/nij7z3gbah9e
http://userscloud.com/o5f370oe310k
http://userscloud.com/xrzp1w005n1z
http://userscloud.com/yo0t3fojzop8
http://userscloud.com/kw9nqutlyk6f
http://userscloud.com/fluhic4x4lmy
http://userscloud.com/hrl2fz71uf0d
http://userscloud.com/3r83rnu9xfit
http://userscloud.com/sndoyzse1eu2
http://userscloud.com/4tcuuogmmfu6
http://userscloud.com/6qakcag2dber
http://userscloud.com/kk4cfvuekjl4
http://userscloud.com/b7xobtm2q1xo
http://userscloud.com/e9fnjey6a6fy
http://userscloud.com/sm443gaqu37g
http://userscloud.com/30ajg639e01b
http://userscloud.com/j3e8yo8iq4fb
http://userscloud.com/2op8dcalzdx6
http://userscloud.com/hqz1b50x6zmv
http://userscloud.com/v4ztuu6ufeak
http://userscloud.com/wp5bqfdjlbep
http://userscloud.com/7su7debggwdu
http://userscloud.com/0p0evy94qz4m
http://userscloud.com/de0ophnc9ari
http://userscloud.com/vx85o126ceg0
http://userscloud.com/h5hi9lwr1tjc
http://userscloud.com/xst2gmpoul3y
http://userscloud.com/h82aiqy3zznk
http://userscloud.com/h8a7gljtkfl8
http://userscloud.com/busz7b8yimbb
http://userscloud.com/xvov8amieshl
http://userscloud.com/vsrncb79jpm6
http://userscloud.com/8x8crypv2p7x
http://userscloud.com/0ygkmjh3bbe0
http://userscloud.com/xu4reg6qrnrv
http://userscloud.com/ay33mjo7cw6v
http://userscloud.com/5nzgupauxb3r
http://userscloud.com/yf7b2mrqy07k
http://userscloud.com/ogftmopa4wn8
http://userscloud.com/6s86sm1vkgss
http://userscloud.com/bboqx55hpxb8
http://userscloud.com/hygkeysmlan8
http://userscloud.com/2z93rgcqqc7r
http://userscloud.com/zgf81c2sh0vn
http://userscloud.com/eoe50e4wd0gu
http://userscloud.com/ilakmy7c0rl2
http://userscloud.com/cw5w3vm6blom
http://userscloud.com/qv9h5bgvnjdb
http://userscloud.com/4js1bntiooip
http://userscloud.com/rqoh8ojlk2u1
http://userscloud.com/tzq8ea7y6sgk
http://userscloud.com/a9g5n35x090o
http://userscloud.com/q6145fjb7dis
http://userscloud.com/ignhmwtx78or
http://userscloud.com/clws48e2xxlh
http://userscloud.com/tslkqf80hv1h
http://userscloud.com/9lt7ag59yzxl
http://userscloud.com/y1b4w7g202a4
http://userscloud.com/cw9bdq4fedd7
http://userscloud.com/5i6jpcnv0eb4
http://userscloud.com/qt4kpopa1p46
http://userscloud.com/2gdczg1m64yd
http://userscloud.com/5ktz8xyzxjf8
http://userscloud.com/d7enpf73o9xn
http://userscloud.com/045uwlao6691
http://userscloud.com/6ufzebqd7lde
http://userscloud.com/h39u0954xfx8
http://userscloud.com/60y5768f2hhm
http://userscloud.com/wnlujb4edzzb
http://userscloud.com/fvfv90mml24o
http://userscloud.com/9l40c9ntvhat
http://userscloud.com/2yw187w34cb1
http://userscloud.com/krluhvnu2fuu
http://userscloud.com/8pyzenm9jqjj
http://userscloud.com/mafk30u0ppet
http://userscloud.com/16v3xmm9g7xh
http://userscloud.com/lp4rrzqepria
http://userscloud.com/gvs5gynejf2b
http://userscloud.com/luc6n02pr4r0
http://userscloud.com/pnzmrs1x18ey
http://userscloud.com/nphxxtr0w8pi
http://userscloud.com/99v0jkq7nirb
http://userscloud.com/fdgubs3f0loh
http://userscloud.com/lunuirofx8ko
http://userscloud.com/gt8n9i46jb9g
http://userscloud.com/yhb83upl2wwo
http://userscloud.com/px1o00bqh94g
http://userscloud.com/u5jtz9eevktq
http://userscloud.com/l7xkg0l7l48w
http://userscloud.com/objkw5ptfbeg
http://userscloud.com/ok10rzttm7t5
http://userscloud.com/di1ke06isx8i
http://userscloud.com/jfu1xjjtxcs9
http://userscloud.com/e2pvi3tgjtml
http://userscloud.com/baftg6l16kwi
http://userscloud.com/ycl5ea30eefy
http://userscloud.com/xgueb497ac1x
http://userscloud.com/v9ci6vqi8mxq
http://userscloud.com/q4ld9cqcdfoe
http://userscloud.com/a90lymv6f5m5
http://userscloud.com/5uath1tdssal
http://userscloud.com/ywo19nzfe8zs
http://userscloud.com/dln24hqjl8wc
http://userscloud.com/fhpq0u6nxe1f
http://userscloud.com/ftsmotfta8cn
http://userscloud.com/3xalefpjlgpg
http://userscloud.com/u4msnwtie9oa
http://userscloud.com/y7enpp6m5apw
http://userscloud.com/ablrpvuimcna
http://userscloud.com/ghw1sx1g73r4
http://userscloud.com/ur7xyhac0p9f
http://userscloud.com/pgpglezvl9jr
http://userscloud.com/fddq7w5woa67
http://userscloud.com/m2q9cnxim6mf
http://userscloud.com/649uofbydazx
http://userscloud.com/sx59a73wxs1i
http://userscloud.com/fcfk33k8xa2b
http://userscloud.com/4vs1lcmim7r3
http://userscloud.com/6uw59p35278d
http://userscloud.com/n6xd015ndj4r
http://userscloud.com/az4z3vo93dbz
http://userscloud.com/xzublam13j4p
http://userscloud.com/huxbx2ymoliq
http://userscloud.com/qigec2cy6ygq
http://userscloud.com/g75yuyev7mrb
http://userscloud.com/phx7xe5860v2
http://userscloud.com/l1u82r17bqle
http://userscloud.com/njqs7dnguoaw
http://userscloud.com/kd2czokqxvco
http://userscloud.com/h0wfx8g1nyv2
http://userscloud.com/gxo70ud1y6hf
http://userscloud.com/a6pndrkt3vto
http://userscloud.com/ncvj5m0f88ay
http://userscloud.com/yrkux22ow00i
http://userscloud.com/gheemi9m5phk
http://userscloud.com/stijxar34txz
http://userscloud.com/7skwvm13g7bg
http://userscloud.com/wlr4zmrzre8p
http://userscloud.com/8q1g6kta5l8z
http://userscloud.com/krb6sdjotuul
http://userscloud.com/ki3mysobj7pe
http://userscloud.com/z6ob0uh2wh45
http://userscloud.com/wd14kirwdc17
http://userscloud.com/583nx72lddv8
http://userscloud.com/xa3bhz1vzlzh
http://userscloud.com/17wvdaeme5d1
http://userscloud.com/o3qtno9ctsn8
http://userscloud.com/9hezh5tklkp5
http://userscloud.com/qfpdot1argg2
http://userscloud.com/p5xt870bf8yl
http://userscloud.com/yml7iy9w34oq
http://userscloud.com/fck191a1shfr
http://userscloud.com/cq6zjuown8ff
http://userscloud.com/apl7k3taullx
http://userscloud.com/6ti18cpaht3b
http://userscloud.com/y9jmsck5rt2j
http://userscloud.com/vbu48zpdns97
http://userscloud.com/sx566gszdrjb
http://userscloud.com/qafc1br0419i
http://userscloud.com/0rqz8d1s7opc
http://userscloud.com/pn3aytp64msz
http://userscloud.com/5oyhvugwz8b1
http://userscloud.com/bl24mu3j5aa9
http://userscloud.com/3aglyll0psfi
http://userscloud.com/ubac26iy72zp
http://userscloud.com/knaqeo4cei45
http://userscloud.com/k4lgjjf5tgwh
http://userscloud.com/h7opllthal3f
http://userscloud.com/k0221gzqd6tb
http://userscloud.com/msxsfvhyq1dr
http://userscloud.com/wbmsjez013i6
http://userscloud.com/zsw43351knrj
http://userscloud.com/pqjsmc253xcz
http://userscloud.com/bfijgccgq5so
http://userscloud.com/n1on5gu1zkpr
http://userscloud.com/d5gbparxfj3e
http://userscloud.com/kye6gip7g0j3
http://userscloud.com/mr0zqbch0dxy
http://userscloud.com/khv6smodo4ut
http://userscloud.com/bh1gncs5etwg
http://userscloud.com/58xkwhbmz11j
http://userscloud.com/fg90dku7pmrs
http://userscloud.com/kclqolndtc97
http://userscloud.com/8n40js8gfi0i
http://userscloud.com/3g7whxtulys1
http://userscloud.com/erntio6vwnfq
http://userscloud.com/yw3zar7vyjyi
http://userscloud.com/b153xxigf0hh
http://userscloud.com/srygls41yh34
http://userscloud.com/chlz2eish7bn
http://userscloud.com/7bmw55zoytp8
http://userscloud.com/2tpdfy3a7brc
http://userscloud.com/yywxyhf6thvh
http://userscloud.com/wdwb0h4xwpni
http://userscloud.com/sqa9byffmhz1
http://userscloud.com/xbkg2yzgbll7
http://userscloud.com/bbz0zv0pt77y
http://userscloud.com/wn28oopzzaxk
http://userscloud.com/4wke67qifge9
http://userscloud.com/zu4jv2qze28u
http://userscloud.com/tty2xpvnlbw0
http://userscloud.com/ajabugdydk34
http://userscloud.com/m4j6qae16dlm
http://userscloud.com/vhlzucige9em
http://userscloud.com/i6hp43gkyf12
http://userscloud.com/g6sxxy62rox6
http://userscloud.com/d2cy2g1rvd8d
http://userscloud.com/5ahrgt44quh8
http://userscloud.com/m5hjsm46jlad
http://userscloud.com/c7qcotso7cq6
http://userscloud.com/5law8m3wmkiq
http://userscloud.com/7ps7rb7f9jvd
http://userscloud.com/ysqszg7fv1d0
http://userscloud.com/u3thizy8b83h
http://userscloud.com/5ef23pqwz3r0
http://userscloud.com/0gctqfcz4brm
http://userscloud.com/yqfg62bp1az4
http://userscloud.com/npcbiypd52fj
http://userscloud.com/u7uip57d5mij
http://userscloud.com/v9qlu1ni4jl2
http://userscloud.com/yqwtsn7yp2s0
http://userscloud.com/s5nyuzg1boig
http://userscloud.com/x48v1ngu57im
http://userscloud.com/r20632q4qwci
http://userscloud.com/pli15kem6lra
http://userscloud.com/1v8oiiu76cph
http://userscloud.com/50yatkgal3tc
http://userscloud.com/jqnehy3w9mmd
http://userscloud.com/y5knwa9p4rbu
http://userscloud.com/d1a6wsnejxvs
http://userscloud.com/mewrsu8gu247
http://userscloud.com/yy8h910cjejw
http://userscloud.com/dnge6l9iu5sf
http://userscloud.com/am9ktlcnzews
http://userscloud.com/i3hfvk8ibvtm
http://userscloud.com/nyy2cicugd8o
http://userscloud.com/iadab3q625is
http://userscloud.com/q3v0nhbosuui
http://userscloud.com/ki5i6oton7e7
http://userscloud.com/be92s51d0dsa
http://userscloud.com/7wjgxdu9opdz
http://userscloud.com/oty75ivccc6x
http://userscloud.com/b5b5p4zndsv0
http://userscloud.com/f5f3yvh9saco
http://userscloud.com/7pzzhm6fxvt0
http://userscloud.com/x1xek7jodoqf
http://userscloud.com/ni0cd4ftudy5
http://userscloud.com/qld8164xnvgv
http://userscloud.com/gvo6sr26pwq4
http://userscloud.com/holm7tgejasb
http://userscloud.com/nieyf3hlhbe0
http://userscloud.com/1h9gs88e5a9e
http://userscloud.com/6u4cpjzzgx5w
http://userscloud.com/1448ue61wap9
http://userscloud.com/if5zi7n43z0t
http://userscloud.com/u1l082vf5fwa
http://userscloud.com/6x7recjhfvjb
http://userscloud.com/p6ld6kj41bot
http://userscloud.com/xgepw5h1s15o
http://userscloud.com/gw34alhktddn
http://userscloud.com/k12exerthnlh
http://userscloud.com/bp7yd1s8n8qb
http://userscloud.com/moypdgubdhe4
http://userscloud.com/hv1lcht5pfk9
http://userscloud.com/bl6wwqyr48u0
http://userscloud.com/6i7lust0a4k6
http://userscloud.com/cco462fxoubw
http://userscloud.com/qjkx6roi4go1
http://userscloud.com/2qbbt69v3r0v
http://userscloud.com/ylaod7akpn5e
http://userscloud.com/fwws8nc9tv4d
http://userscloud.com/sb9ush3i07yd
http://userscloud.com/wbfij6iotwjy
http://userscloud.com/fj1s90wle1lz
http://userscloud.com/n5mrxid8dsqi
http://userscloud.com/yqd42nsj6ss4
http://userscloud.com/ypfmw8isumln
http://userscloud.com/l8kdt9xiz38b
http://userscloud.com/m0vcrk005i8y
http://userscloud.com/t7lkss9yl4a9
http://userscloud.com/dtsry18bpw1u
http://userscloud.com/x0bvl4k8yqsn
http://userscloud.com/23mf76hkcyeq
http://userscloud.com/e0fk47y6gak0
http://userscloud.com/4dmaavev8w6s
http://userscloud.com/7vkc5zdaqy4s
http://userscloud.com/vaa90xndd22s
http://userscloud.com/qanu2bau8hst
http://userscloud.com/mu66k6zzz7gd
http://userscloud.com/557onmu4p6mb
http://userscloud.com/n2oeqjalsnbj
http://userscloud.com/blxxz3mi7dit
http://userscloud.com/1lffhlxuzn19
http://userscloud.com/rgpzt9vmghkc
http://userscloud.com/mr7i47x8kmcp
http://userscloud.com/5xfi0eo7ucty
http://userscloud.com/qsq1zordkgxh
http://userscloud.com/jahwpxuhkrb2
http://userscloud.com/l6t2u8nq3bgp