http://userscdn.com/rjr1wbo8fjeq.html
http://userscdn.com/jile67ittdxu.html
http://userscdn.com/ka3bm9y4vgfc.html
http://userscdn.com/f50v35athxng.html
http://userscdn.com/i2dk0k1k90cy.html
http://userscdn.com/hjui2aozoxi2.html
http://userscdn.com/6autneo3xch7.html
http://userscdn.com/v0pnc7dafs3t.html
http://userscdn.com/wejzm54b08ci.html
http://userscdn.com/8xjgzck4sj79.html
http://userscdn.com/m11iulr92kiv.html
http://userscdn.com/5swcg0mxpya7.html
http://userscdn.com/lkph9bln0s8y.html
http://userscdn.com/74fgt3rb4wbr.html
http://userscdn.com/r1fdmkz9fl6y.html
http://userscdn.com/l1v55gx8jjfi.html
http://userscdn.com/044xxl52y7bj.html
http://userscdn.com/xibj53k53mm4.html
http://userscdn.com/lpdb3dfmscea.html
http://userscdn.com/8ac55k4zw2o3.html
http://userscdn.com/om5xbmek94o4.html
http://userscdn.com/s75n9oavwt53.html
http://userscdn.com/yprqq5q0g9fv.html
http://userscdn.com/460b97v2gand.html
http://userscdn.com/q7g7h3j27pfz.html
http://userscdn.com/lrpgv7cfno1o.html
http://userscdn.com/sy3lue3rruck.html
http://userscdn.com/1zwiiyz0978v.html
http://userscdn.com/3zzseznimgsm.html
http://userscdn.com/7q20s6rg0j2i.html
http://userscdn.com/3ccq1b40shpf.html
http://userscdn.com/r4m5fb64kctm.html
http://userscdn.com/z8aw86w60gxn.html
http://userscdn.com/gvzq2cu35o47.html
http://userscdn.com/pe8ewzs54sev.html
http://userscdn.com/3rkl3rrb5i5l.html
http://userscdn.com/nf4e3oqbzxh9.html
http://userscdn.com/la29ya6ij4ks.html
http://userscdn.com/jagh1pfak0fj.html
http://userscdn.com/zmtt5xa3lgqv.html
http://userscdn.com/vcqnyudf7vxk.html
http://userscdn.com/pcw04i6xlyfj.html
http://userscdn.com/1f0kcf1o3zy8.html
http://userscdn.com/4dqcytti4646.html
http://userscdn.com/7ra8hep28n3l.html
http://userscdn.com/ih8ztuskpyr9.html
http://userscdn.com/2mvgznsey1xi.html
http://userscdn.com/rd4l4rx6j7xu.html
http://userscdn.com/px7lb0iqr4o1.html
http://userscdn.com/ohmg7ftjhwin.html
http://userscdn.com/i3dxbf6uwvsz.html
http://userscdn.com/iisdjozckvwe.html
http://userscdn.com/6jztlskpq0up.html
http://userscdn.com/dhsosf3di4ny.html
http://userscdn.com/mi0fp5ajnz6j.html
http://userscdn.com/u9lzpzhgpqjb.html
http://userscdn.com/4uttvip98kdk.html
http://userscdn.com/ga5krlxsb3q6.html
http://userscdn.com/x0oelgagoviu.html
http://userscdn.com/gj87aro3v4wm.html
http://userscdn.com/nmbk8yse0ggz.html
http://userscdn.com/chtnscd470c8.html
http://userscdn.com/sfawb0y43m28.html
http://userscdn.com/d6wu2qr7yqcc.html
http://userscdn.com/1ygr6aszvrh7.html
http://userscdn.com/wrapda3who5a.html
http://userscdn.com/yligpld75xhu.html
http://userscdn.com/faun5b3il25n.html
http://userscdn.com/gnwmvhuukhih.html
http://userscdn.com/iif1e7s9wzwu.html
http://userscdn.com/nm3qwxj4ftqv.html
http://userscdn.com/wjpyjz5u6gdq.html
http://userscdn.com/i2cqohs0xsik.html
http://userscdn.com/knwlyqivzs3w.html
http://userscdn.com/je7z93mp1018.html
http://userscdn.com/zx617y6rucat.html
http://userscdn.com/qkiu0pktciok.html
http://userscdn.com/ckejpi3h3lje.html
http://userscdn.com/sv6pwgem0tcg.html
http://userscdn.com/92gnxf208ooa.html
http://userscdn.com/o1t5xs66ijj1.html
http://userscdn.com/3ikmn0kcugav.html
http://userscdn.com/3g4k7wsvfamg.html
http://userscdn.com/yrst1dnwd0t3.html
http://userscdn.com/5u2bfd0lt6jb.html
http://userscdn.com/7yiluf1y7wmk.html
http://userscdn.com/3q55q8s8g1e9.html
http://userscdn.com/e4qbw6wt2dxp.html
http://userscdn.com/1zsuis32oj1b.html
http://userscdn.com/dj7nmfi3ir8r.html
http://userscdn.com/mbudb1epcoez.html
http://userscdn.com/pahna3uzhocj.html
http://userscdn.com/x6901ge5l3yp.html
http://userscdn.com/yj481fqr15dj.html
http://userscdn.com/jx2u0y3mjhh8.html
http://userscdn.com/um7stwj6px47.html
http://userscdn.com/rbnx3pb7le2m.html
http://userscdn.com/1qpy2zjpy3y4.html
http://userscdn.com/k5l1q6olm0l9.html
http://userscdn.com/9c67lcrh5y2p.html
http://userscdn.com/rjr1wbo8fjeq.html