http://debfile.com/l5gi6dl87tiz
http://debfile.com/65j916k5p1lz
http://debfile.com/jfyxond6bhxl
http://debfile.com/u8yhgz8huv08
http://debfile.com/ywhqk773hf52
http://debfile.com/snitudopaek0
http://debfile.com/ra3yvm1rlhof
http://debfile.com/oqc4qmckn1td
http://debfile.com/d0dreoam8o3i
http://debfile.com/c1gjne5d5ldk
http://debfile.com/b4klm5dhb37q
http://debfile.com/cop126lyp9t2
http://debfile.com/3phnw6vv1uw1
http://debfile.com/dap2sv5h0wkw
http://debfile.com/gu1yze671ovu
http://debfile.com/aimnvfmbms6b
http://debfile.com/ot4l74wwkfpa
http://debfile.com/oay69zy7r6g4
http://debfile.com/crcmzqq59ocy
http://debfile.com/rl3pkbvtwd65
http://debfile.com/51p3bumbpra6
http://debfile.com/bn9uvclh8koj
http://debfile.com/ixfn09s04lml
http://debfile.com/nddl35e8qo0s
http://debfile.com/hzmolidjxnk3
http://debfile.com/blomh70pa6v0
http://debfile.com/ogpwig04dbku
http://debfile.com/388a74wjqvdc
http://debfile.com/5i8s04xk3e0q
http://debfile.com/7amabzndzqzp
http://debfile.com/tndyhrpq7kly
http://debfile.com/vmj2rnca6hox
http://debfile.com/sxoql2f2n4vx
http://debfile.com/astjdlpx0sey
http://debfile.com/mfywqrocvfx8
http://debfile.com/d8a1hk88lv3q
http://debfile.com/gra2unu8a46n
http://debfile.com/ma4jzo6h7kgo
http://debfile.com/rc25yfz9sn4a
http://debfile.com/a8bmwynu8a5b
http://debfile.com/3zjj6r06hy8c
http://debfile.com/qzkoiw9uig6b
http://debfile.com/rdnjglezh18n
http://debfile.com/8o4w4rj78ksl
http://debfile.com/j9vjc0wsis4a
http://debfile.com/ynwzhym2la6b
http://debfile.com/s47qogea5ghu
http://debfile.com/l5xo8jd84wcu
http://debfile.com/c23fiwf3bd0v
http://debfile.com/ofkpdlwcnbtu
http://debfile.com/vb7mmzi9y99z
http://debfile.com/pppvctbnwgvr
http://debfile.com/su82ljqk0csg
http://debfile.com/73vg1fqh8d8s
http://debfile.com/uf4d5caug90q
http://debfile.com/iq1f8qmvpp4l
http://debfile.com/j3w926clxo30
http://debfile.com/cnlyw2jwwl4z
http://debfile.com/d5f6v1gqammb
http://debfile.com/t5tnrh2u3aed
http://debfile.com/43y2d0t0gnue
http://debfile.com/ua4hp8lat9c8
http://debfile.com/w0wzq12ey301
http://debfile.com/92xvnyxqmhzw
http://debfile.com/zvbdxauksqq6
http://debfile.com/wojw02w3be75
http://debfile.com/6z7w9x1u54z8
http://debfile.com/rhs51amqr8om
http://debfile.com/xj8yba353o7o
http://debfile.com/5tgyb5bg81wy
http://debfile.com/vn12n63xc684
http://debfile.com/5zp4za6b5puv
http://debfile.com/thxx8c6bl10y
http://debfile.com/wwk3vnd1gwxl
http://debfile.com/shdr6lfr6158
http://debfile.com/k69kkqrfg5r9
http://debfile.com/hmixhi7fwwib
http://debfile.com/1kehnb9vnfuo
http://debfile.com/40ptb324svvs
http://debfile.com/7aq2bahvkt1g
http://debfile.com/h8kcuf0mhhv6
http://debfile.com/0gmcbzsueynk
http://debfile.com/92mqo9lmdind
http://debfile.com/57zex9rxkdx7
http://debfile.com/5d5nn9c9qd32
http://debfile.com/jz3vgmczzw4a
http://debfile.com/ffy8249oeqfe
http://debfile.com/fllhto8j9no2
http://debfile.com/flphuamk3173
http://debfile.com/sjx8lw9ocyu1
http://debfile.com/vnuqehezbqcb
http://debfile.com/6srcakkxl6zu
http://debfile.com/qldwigqmd796
http://debfile.com/zf9dmhdmk0k7
http://debfile.com/rf87pdkhhk7x
http://debfile.com/msqhtgjn73p9
http://debfile.com/vdj37qhlnx34
http://debfile.com/z3k1yjqt2v0u
http://debfile.com/5al1h8gq1hbb
http://debfile.com/9iopnj64qqqb
http://debfile.com/l5gi6dl87tiz