http://hulkimge.com/uoddadqm7d8k
http://hulkimge.com/smvqzu08ssfc
http://hulkimge.com/bva9oz5dyymd
http://hulkimge.com/ht3cuumou138
http://hulkimge.com/popiiegzwyqr
http://hulkimge.com/7uzyz7nm0gjr
http://hulkimge.com/s97d60v1tk9b
http://hulkimge.com/k70h8hmc4qtv
http://hulkimge.com/xkhx7el66jkh
http://hulkimge.com/jiv0l9ghx2m8
http://hulkimge.com/kv2ho77ya6cn
http://hulkimge.com/3ugbqmbu38ue
http://hulkimge.com/6mocn1eplyz9
http://hulkimge.com/ga0s4ru8wpxm
http://hulkimge.com/ageyyvdwbdes
http://hulkimge.com/xxxgcmqap3lr
http://hulkimge.com/6kps55ogcerr
http://hulkimge.com/mxsgn2etdq2b
http://hulkimge.com/r5bhvzkdtf0i
http://hulkimge.com/ibbi9sztngq9
http://hulkimge.com/h3k5rjvmidxl
http://hulkimge.com/ekgmcvvikxbj
http://hulkimge.com/8rma2nab551k
http://hulkimge.com/bkrda8qlubg6
http://hulkimge.com/8xqn2om3b2wk
http://hulkimge.com/5dlk032ioi35
http://hulkimge.com/o4e5kd9kaekd
http://hulkimge.com/hmtd57tm932w
http://hulkimge.com/xxcyndmn8lxw
http://hulkimge.com/sw749cx3gku4
http://hulkimge.com/tl95kgz7uzg2
http://hulkimge.com/1w1onmqt708g
http://hulkimge.com/d7nsgwknc1wu
http://hulkimge.com/8cea2o4ukb1o
http://hulkimge.com/cznlpduevkwa
http://hulkimge.com/msagyhvcxjla
http://hulkimge.com/erb390j3ghat
http://hulkimge.com/l6zq5t1a53j6
http://hulkimge.com/5vqt0ur7kt85
http://hulkimge.com/9ievsm4qtpq7