http://imageontime.org/img-56fd605f4f173.html 
http://imageontime.org/img-56fd60600ec7b.html 
http://imageontime.org/img-56fd606080043.html 
http://imageontime.org/img-56fd6060e513a.html 
http://imageontime.org/img-56fd60615ca6b.html 
http://imageontime.org/img-56fd6061ea551.html 
http://imageontime.org/img-56fd60625bae7.html 
http://imageontime.org/img-56fd6062c6888.html 
http://imageontime.org/img-56fd60633eeba.html 
http://imageontime.org/img-56fd6063ac8c9.html 
http://imageontime.org/img-56fd60642cf57.html 
http://imageontime.org/img-56fd60649e98a.html 
http://imageontime.org/img-56fd6065176bb.html 
http://imageontime.org/img-56fd60658070d.html 
http://imageontime.org/img-56fd606612518.html 
http://imageontime.org/img-56fd6066a58d5.html 
http://imageontime.org/img-56fd606722b88.html 
http://imageontime.org/img-56fd60679ed28.html 
http://imageontime.org/img-56fd606836286.html 
http://imageontime.org/img-56fd6068a6b79.html 
http://imageontime.org/img-56fd60692cc36.html 
http://imageontime.org/img-56fd6069b4e49.html 
http://imageontime.org/img-56fd606a3ead1.html 
http://imageontime.org/img-56fd606ac57e2.html 
http://imageontime.org/img-56fd606b4d68f.html 
http://imageontime.org/img-56fd606bc8692.html 
http://imageontime.org/img-56fd606c6131e.html 
http://imageontime.org/img-56fd606ceac57.html 
http://imageontime.org/img-56fd606d7b9d1.html 
http://imageontime.org/img-56fd606e105ad.html 
http://imageontime.org/img-56fd606e8fb3c.html 
http://imageontime.org/img-56fd606f1ea64.html 
http://imageontime.org/img-56fd606fa3388.html 
http://imageontime.org/img-56fd60702f3e2.html 
http://imageontime.org/img-56fd6070acead.html 
http://imageontime.org/img-56fd60714649c.html 
http://imageontime.org/img-56fd6071cc4f6.html 
http://imageontime.org/img-56fd607262e81.html 
http://imageontime.org/img-56fd6072e69ee.html 
http://imageontime.org/img-56fd607377623.html 
http://imageontime.org/img-56fd605f4f173.html 