http://imageteam.org/img-56f420db0aa71.html 
http://imageteam.org/img-56f420dc9d225.html 
http://imageteam.org/img-56f420dec3477.html 
http://imageteam.org/img-56f420dfd0760.html 
http://imageteam.org/img-56f420e0da5e6.html 
http://imageteam.org/img-56f420e22dc1c.html 
http://imageteam.org/img-56f420e2e670e.html 
http://imageteam.org/img-56f420e3df838.html 
http://imageteam.org/img-56f420e671ae9.html 
http://imageteam.org/img-56f420e858d2e.html 
http://imageteam.org/img-56f420ea32194.html 
http://imageteam.org/img-56f420eb2bb5b.html 
http://imageteam.org/img-56f420ec7c6b8.html 
http://imageteam.org/img-56f420ed76bfc.html 
http://imageteam.org/img-56f420f0467a2.html 
http://imageteam.org/img-56f420f15cd73.html 
http://imageteam.org/img-56f420f27503f.html 
http://imageteam.org/img-56f420f35ed33.html 
http://imageteam.org/img-56f420f71d64b.html 
http://imageteam.org/img-56f420f8869e6.html 
http://imageteam.org/img-56f420f9b233e.html 
http://imageteam.org/img-56f420fab078a.html 
http://imageteam.org/img-56f420fbc0012.html 
http://imageteam.org/img-56f420fd10f62.html 
http://imageteam.org/img-56f420fe01596.html 
http://imageteam.org/img-56f420ffd8cad.html 
http://imageteam.org/img-56f42100ee324.html 
http://imageteam.org/img-56f42101eb065.html 
http://imageteam.org/img-56f42102e98f5.html 
http://imageteam.org/img-56f42103ebb36.html 
http://imageteam.org/img-56f42105201d4.html 
http://imageteam.org/img-56f42106a86cb.html 
http://imageteam.org/img-56f42107e2e7a.html 
http://imageteam.org/img-56f42109186c2.html 
http://imageteam.org/img-56f4210a72145.html 
http://imageteam.org/img-56f4210b78016.html 
http://imageteam.org/img-56f4210ce2ae5.html 
http://imageteam.org/img-56f4210e1beec.html 
http://imageteam.org/img-56f4210f3fa34.html 
http://imageteam.org/img-56f4211059676.html 