http://loadus.net/cdgygs5bvqj4
http://loadus.net/o2c12b1djljw
http://loadus.net/9lfshrrlh6is
http://loadus.net/yjah4d0a5tpc
http://loadus.net/4ghdlwzjg4xx
http://loadus.net/8bjdsh80k1rk
http://loadus.net/fl6xzv3gbxah
http://loadus.net/erk129x0dks3
http://loadus.net/0ar3uahko492
http://loadus.net/mg4934skidgy
http://loadus.net/sppgcnveg6uf
http://loadus.net/0g98cs1tdt7m
http://loadus.net/k13u4p7j9zuk
http://loadus.net/eb2st8lzunrt
http://loadus.net/rtaycz9h38v8
http://loadus.net/vqa2ay6bakzc
http://loadus.net/unr00xgcizm7
http://loadus.net/bu6asvl2cbd6
http://loadus.net/ah82gray69h2
http://loadus.net/rsiwypjgoifi
http://loadus.net/8h5y4wkglbvp
http://loadus.net/p24wmocqv3hf
http://loadus.net/57skr0asq2pp
http://loadus.net/gdb5r1fqwive
http://loadus.net/lz0xlkrh00we
http://loadus.net/jmi1h7gqm6jk
http://loadus.net/f6uds5sto9e3
http://loadus.net/z63u5lypgte6
http://loadus.net/95saht3u9jzq
http://loadus.net/mz9024fx4j0k
http://loadus.net/i07y73rf8kxg
http://loadus.net/pqqor7bk0p38
http://loadus.net/uxzq69kv31e9
http://loadus.net/eppeggav1ius
http://loadus.net/o359bnrbnmhg
http://loadus.net/3o2zu1lctxwj
http://loadus.net/g4lakgm80hw5
http://loadus.net/ed4avletf95b
http://loadus.net/cp4798d17zrs
http://loadus.net/7aeejv36ds4z
http://loadus.net/o0qp4pijy4dy
http://loadus.net/6c8qc98v4dq4
http://loadus.net/42njc5fmtcb1
http://loadus.net/zv031juieisu
http://loadus.net/xcj55wdyz0bw
http://loadus.net/gid8y3g8aouo
http://loadus.net/1fseb1a05hfh
http://loadus.net/pe86s844t2zc
http://loadus.net/42nfm16f9l0j
http://loadus.net/k6oe99yyqul8
http://loadus.net/epvcyifhviac
http://loadus.net/wrtbtk9g3npa
http://loadus.net/mafvxlgsm6ff
http://loadus.net/u3hjiqvq6w12
http://loadus.net/7ulqkhnq6lei
http://loadus.net/7djhab7jaz14
http://loadus.net/z0yhynr6rm1d
http://loadus.net/at9wgdr4pso3
http://loadus.net/qj43vx0gfqhf
http://loadus.net/vg0rus1eed7o
http://loadus.net/go2uybdkn0n1
http://loadus.net/6d1vf5p1wpfr
http://loadus.net/rpj79kbl6xoq
http://loadus.net/aenkj6a2s3bq
http://loadus.net/ycul6pynwren
http://loadus.net/jnqay5v25pmm
http://loadus.net/hhg6tmxgwnx2
http://loadus.net/jx20io2go9iy
http://loadus.net/lpu3jrc8sel8
http://loadus.net/f70veh9fawyk
http://loadus.net/68ywioycyqai
http://loadus.net/qsdm7cdu22p8
http://loadus.net/db8s2996qf5e
http://loadus.net/zzrdjqg8ze1f
http://loadus.net/n915gy1kui5o
http://loadus.net/ebrtbwkqye5k
http://loadus.net/grgbuvz04pus
http://loadus.net/cqt3iw1hrfqo
http://loadus.net/v5vzaymg79ev
http://loadus.net/dlgx6ejpycfi