http://shotimg.org/img-569c9d9a9241f.html 
http://shotimg.org/img-569c9d9b6b5cb.html 
http://shotimg.org/img-569c9d9c7f189.html 
http://shotimg.org/img-569c9d9dd402e.html 
http://shotimg.org/img-569c9d9ebd892.html 
http://shotimg.org/img-569c9d9faf20c.html 
http://shotimg.org/img-569c9da08600f.html 
http://shotimg.org/img-569c9da16e2fa.html 
http://shotimg.org/img-569c9da264a88.html 
http://shotimg.org/img-569c9da49c37e.html 
http://shotimg.org/img-569c9da58cd9e.html 
http://shotimg.org/img-569c9da688cb4.html 
http://shotimg.org/img-569c9da7980b5.html 
http://shotimg.org/img-569c9da8aab62.html 
http://shotimg.org/img-569c9da9bb8fc.html 
http://shotimg.org/img-569c9daad90d1.html 
http://shotimg.org/img-569c9dabef0bf.html 
http://shotimg.org/img-569c9dad0f612.html 
http://shotimg.org/img-569c9dae2821e.html 
http://shotimg.org/img-569c9daf53bc0.html 
http://shotimg.org/img-569c9db06638d.html 
http://shotimg.org/img-569c9db16c41a.html 
http://shotimg.org/img-569c9db31fd73.html 
http://shotimg.org/img-569c9db4abc52.html 
http://shotimg.org/img-569c9db61fde7.html 
http://shotimg.org/img-569c9db781a6f.html 
http://shotimg.org/img-569c9db8dbe5a.html 
http://shotimg.org/img-569c9dba5ace2.html 
http://shotimg.org/img-569c9dbc3cc43.html 
http://shotimg.org/img-569c9dbe0bfa6.html 
http://shotimg.org/img-569c9de79484a.html 
http://shotimg.org/img-569c9de8a8566.html 
http://shotimg.org/img-569c9de9baf1b.html 
http://shotimg.org/img-569c9deacddbf.html 
http://shotimg.org/img-569c9dec0be9b.html 
http://shotimg.org/img-569c9ded1977c.html 
http://shotimg.org/img-569c9dee33118.html 
http://shotimg.org/img-569c9def517a7.html 
http://shotimg.org/img-569c9df06a8bd.html 
http://shotimg.org/img-569c9df18058c.html 