https://tusfiles.net/3ui0wboyl43v
https://tusfiles.net/to08pootkeql
https://tusfiles.net/2hm3y0t5jfb0
https://tusfiles.net/4y6efjc51xnf
https://tusfiles.net/o1m6mcn9a5gv
https://tusfiles.net/1o7gda0y2ep7
https://tusfiles.net/cboxogq5m25p
https://tusfiles.net/qndza5a853bv
https://tusfiles.net/xdauasuvlc4w
https://tusfiles.net/osw98w3onhq0
https://tusfiles.net/r53kow0cxxr8
https://tusfiles.net/uahn1plv9gt2
https://tusfiles.net/hrhy11txzbpi
https://tusfiles.net/vjdnhwl5zgoj
https://tusfiles.net/khjqj4osforf
https://tusfiles.net/xqz2pd6hi6ux
https://tusfiles.net/z3nbrwf5nydp
https://tusfiles.net/vavcx5ph1vk5
https://tusfiles.net/4ssyfz1y8zgz
https://tusfiles.net/l8frg717c5oe
https://tusfiles.net/0wr1vtoqohv9
https://tusfiles.net/t5ii0l1zso98
https://tusfiles.net/zcd1wj0tr5xb
https://tusfiles.net/zsnocdgkrpg4
https://tusfiles.net/f3l1rha9g8gy
https://tusfiles.net/6gusp887ylgw
https://tusfiles.net/cl5xd6owqsn7
https://tusfiles.net/bpfnxfshvoay
https://tusfiles.net/t6m6ejewhf0v
https://tusfiles.net/8zlesbfkuc65
https://tusfiles.net/897445khgile
https://tusfiles.net/bmmec2gyb3ks
https://tusfiles.net/jq47wrltlt9c
https://tusfiles.net/oqopip8vjfr4
https://tusfiles.net/89zj8x7v4qvq
https://tusfiles.net/vegusqfpuvdw
https://tusfiles.net/mj44it7ld51w
https://tusfiles.net/bj4rf6six9di
https://tusfiles.net/0ndu01msddyx
https://tusfiles.net/zwpqmh5ijco1
https://tusfiles.net/ktv42pweam5l
https://tusfiles.net/sg8wc2c5t9nj
https://tusfiles.net/k0ed5zmpwiht
https://tusfiles.net/g5bbs53ro46x
https://tusfiles.net/3hyy8i4mzq9f
https://tusfiles.net/ehgxl9ho7gup
https://tusfiles.net/zie4tx0isw9j
https://tusfiles.net/2w2ic1rzutnw
https://tusfiles.net/x7yiwvg3mslq
https://tusfiles.net/7mjiexpa2cyt
https://tusfiles.net/8hwj2hqwq52y
https://tusfiles.net/qlbre1gwyq8h
https://tusfiles.net/shzxozv98a7r
https://tusfiles.net/z2cep5g42zsk
https://tusfiles.net/zeky8th6cddl
https://tusfiles.net/m4dye7y8ts0m
https://tusfiles.net/n001nw3pj3gt
https://tusfiles.net/h8d0vtgnr5vh
https://tusfiles.net/lepwhficrxf9
https://tusfiles.net/l4zlapyzoexb
https://tusfiles.net/aslc8eqs8lfn
https://tusfiles.net/y2k5n9q4fpjn
https://tusfiles.net/l7bi2umbhble
https://tusfiles.net/ra3zf2pgzm86
https://tusfiles.net/2c6mc9mmjib8
https://tusfiles.net/tzzk217h2d7o
https://tusfiles.net/15y4y6fnlybw
https://tusfiles.net/jkuumqaufj3w
https://tusfiles.net/7erba8kmiv6q
https://tusfiles.net/c2mysnki6qye
https://tusfiles.net/km62mknrungd
https://tusfiles.net/d7srzcau3abo
https://tusfiles.net/ybdty9ebp9po
https://tusfiles.net/ol9qh99gynsr
https://tusfiles.net/nzi4dx5ic3qa
https://tusfiles.net/fagy4lwkhpdb
https://tusfiles.net/mmdykufg1h4u
https://tusfiles.net/uurv34cse8ht
https://tusfiles.net/1i57jj7oh9vp
https://tusfiles.net/l87d3416sz01
https://tusfiles.net/qm8d35wl8a9k
https://tusfiles.net/ss1sjhsj5i91
https://tusfiles.net/fiv7vf51y23n
https://tusfiles.net/upmzzjblmog5
https://tusfiles.net/73joakvgpb0i
https://tusfiles.net/pnang76mahpx
https://tusfiles.net/ttz9qwnhiika
https://tusfiles.net/m01unlf8xmps
https://tusfiles.net/r0z0g9c8kqiy
https://tusfiles.net/58s5piu3n8bf
https://tusfiles.net/c2t16xj4hzul
https://tusfiles.net/ad5uqr684rq6
https://tusfiles.net/99yioo0z6l5u
https://tusfiles.net/8qtnspe8go2n
https://tusfiles.net/6eur7h3zn1fe
https://tusfiles.net/9ixlsn9oo58n
https://tusfiles.net/5wx4seho4cxs
https://tusfiles.net/yqzj2gpnzuem
https://tusfiles.net/589g6xj4e9xv
https://tusfiles.net/6g2s0eocdnbo
https://tusfiles.net/qf02qxhs7h74
https://tusfiles.net/jhftqw3b34qw
https://tusfiles.net/5uoxumju4fpe
https://tusfiles.net/ige6dmbdh0z3
https://tusfiles.net/sywdcma4e8yb
https://tusfiles.net/1jceauyvnryp
https://tusfiles.net/j4m34tu1gtnu
https://tusfiles.net/alp0mw1fv402
https://tusfiles.net/2b3p7kr9h0q9
https://tusfiles.net/o6k7o1po23ly
https://tusfiles.net/drmqxajq68y1
https://tusfiles.net/uovt83ap7quy
https://tusfiles.net/k7fum96giut7
https://tusfiles.net/bicpj5ynyay7
https://tusfiles.net/3ub6j720ym6p
https://tusfiles.net/1v95cjqo05ra
https://tusfiles.net/l5mbk9qeihcb
https://tusfiles.net/jexbvmkdf7ad
https://tusfiles.net/hdik95zescpc
https://tusfiles.net/hul6rthlxxwk
https://tusfiles.net/wcqkztrzm48w
https://tusfiles.net/wf2fn46b1coa
https://tusfiles.net/7f5d8m4s1pwn
https://tusfiles.net/1p3aqjsli8g9
https://tusfiles.net/58kcn3dr2fow
https://tusfiles.net/64xwgwquhd1n
https://tusfiles.net/6u02jga9f95q
https://tusfiles.net/w2lt6aroo2cj
https://tusfiles.net/9ibfb990frsk
https://tusfiles.net/fgzwpooqu2j8
https://tusfiles.net/k4npqqn2jyn7
https://tusfiles.net/d5giln4oo002
https://tusfiles.net/s8bkkvseubl2
https://tusfiles.net/6hj4e5oj047m
https://tusfiles.net/3od223uhe16w
https://tusfiles.net/grm7d6mv4ooq
https://tusfiles.net/wym3e2llxnx5
https://tusfiles.net/ii3h0dul9gka
https://tusfiles.net/lr3kcashbxu1
https://tusfiles.net/h9btn9n6k12x
https://tusfiles.net/s52yirilvqyl
https://tusfiles.net/u3d01z3aqidt
https://tusfiles.net/kfiwhi07cfwx
https://tusfiles.net/ou3ibjej8ala
https://tusfiles.net/nfokdmz0tge2
https://tusfiles.net/0odmyhvk6cz7
https://tusfiles.net/gfl33nrj42bp
https://tusfiles.net/12dqymw3h1mc
https://tusfiles.net/23k6865r8282
https://tusfiles.net/2mofvk00z5by
https://tusfiles.net/lgudb6zwl9lz
https://tusfiles.net/s6ideznl8pj7
https://tusfiles.net/0ww541ovarru
https://tusfiles.net/pnsj1dupwfmo
https://tusfiles.net/nq5tmnnknuve
https://tusfiles.net/56yxguqjor06
https://tusfiles.net/76mpqtn48iot
https://tusfiles.net/a41x3q2nqev8
https://tusfiles.net/ox1g5d9sfqy5
https://tusfiles.net/apv65xlddezn
https://tusfiles.net/e9dbyhb5z1gm
https://tusfiles.net/jho0scwkedgh
https://tusfiles.net/8h5v26jjsowa
https://tusfiles.net/kn5kyma9u64c
https://tusfiles.net/d4cqg2tgo0xr
https://tusfiles.net/q4szgljem7q3
https://tusfiles.net/39wkwbl14qix
https://tusfiles.net/acg1kl4wk6pn
https://tusfiles.net/teojgvdqt4jy
https://tusfiles.net/x87dkv7ue3ds
https://tusfiles.net/yhuoq401xy3g
https://tusfiles.net/dj8ksmxet7fz
https://tusfiles.net/7zv8mqhr87x0
https://tusfiles.net/3old1moxi5b3
https://tusfiles.net/vokl9eeb61al
https://tusfiles.net/8vx0ew7njpgg
https://tusfiles.net/xshq1y5o0ql1
https://tusfiles.net/61yys71fgylu
https://tusfiles.net/awstnj2wo331
https://tusfiles.net/a443g4qqv5wv
https://tusfiles.net/yznqagozen4o
https://tusfiles.net/flgvsbolpboh
https://tusfiles.net/kf8ps149lqae
https://tusfiles.net/3987nbtgyb8p
https://tusfiles.net/ozz5zt15mnck
https://tusfiles.net/fy1spldklmeb
https://tusfiles.net/hh42wigh92up
https://tusfiles.net/yvyav67z43og
https://tusfiles.net/vpazuh5ol23t
https://tusfiles.net/flxslw98icf4
https://tusfiles.net/pqn7g0quysuf
https://tusfiles.net/w3qqebrznvap
https://tusfiles.net/7e5nmecjnnyh
https://tusfiles.net/w62koqfgqtay
https://tusfiles.net/95ssomazizk0
https://tusfiles.net/parw2gcvq3ju
https://tusfiles.net/g7zplj3si0m1
https://tusfiles.net/emqh2z3uppxc
https://tusfiles.net/lhd5p7f73b6v
https://tusfiles.net/smbb5nl9bzte
https://tusfiles.net/90ztlxhnpkv3
https://tusfiles.net/6apujvj1ms5l
https://tusfiles.net/6xsivnyj0ly8
https://tusfiles.net/m7yoqnfqr5ye
https://tusfiles.net/6p8wktnrly65
https://tusfiles.net/5d4gvhbbdasw
https://tusfiles.net/rhdybha983u5
https://tusfiles.net/jwudod5ptupo
https://tusfiles.net/02qjn3xppn9l
https://tusfiles.net/kh4823b5kbqp
https://tusfiles.net/geb0j2rjmdxt
https://tusfiles.net/3ae8ye079lzm
https://tusfiles.net/dkmhdkxce6ze
https://tusfiles.net/tu1a5xkw3rze
https://tusfiles.net/z55600gidzww
https://tusfiles.net/hs55n64abvgr
https://tusfiles.net/gdnephxtefs3
https://tusfiles.net/t4feto3aa1t4
https://tusfiles.net/927wl3m943j4
https://tusfiles.net/0t8y109x79i4
https://tusfiles.net/ojum32i7pht8
https://tusfiles.net/wvgbx8atrdg1
https://tusfiles.net/gy96ubudhxvm
https://tusfiles.net/g3bh5trbosel
https://tusfiles.net/zvmhgqsvxudm
https://tusfiles.net/7ihxs3myx24t
https://tusfiles.net/wrdzimbao7re
https://tusfiles.net/k0ulll6txo8o
https://tusfiles.net/9dvuj9mcnbf2
https://tusfiles.net/c6wdt1kljtq1
https://tusfiles.net/tby9rtgmxo7f
https://tusfiles.net/pqtei4fx3uqz
https://tusfiles.net/ledf2j7r8s9f
https://tusfiles.net/a3aqnaf1h5gv
https://tusfiles.net/dlp578l19qd0
https://tusfiles.net/jl26myx0wle6
https://tusfiles.net/ngf0kwl68woe
https://tusfiles.net/p7zuohnj7usc
https://tusfiles.net/81wqjm4s5q9d
https://tusfiles.net/ab6q3euqhk7v
https://tusfiles.net/he7r5yti6jqo
https://tusfiles.net/0k6b7iwwv6r0
https://tusfiles.net/bu8ms4f644l8
https://tusfiles.net/746z4tg3xb9l
https://tusfiles.net/edqnd7y1dz3j
https://tusfiles.net/xv62mz7l6za0
https://tusfiles.net/8fuccmidkzg4
https://tusfiles.net/ul7pkl00t5jf
https://tusfiles.net/8459puechjme
https://tusfiles.net/iju3ako5rb76
https://tusfiles.net/xh3cb2tbxg59
https://tusfiles.net/evfocqoqdx8k
https://tusfiles.net/cmg17isuoh70
https://tusfiles.net/2fiehmj2brdm
https://tusfiles.net/vsb898hgdcm1
https://tusfiles.net/198n53gqy6wz
https://tusfiles.net/iyf2ppiid1js
https://tusfiles.net/ghtnbqcy0doo
https://tusfiles.net/1dxfc383ihxn
https://tusfiles.net/vjmqu17kto9j
https://tusfiles.net/9vro8gl7o1py
https://tusfiles.net/avmnvgf8yddz
https://tusfiles.net/zlr4li36081w
https://tusfiles.net/v5gct8ym0d9w
https://tusfiles.net/v9j83a6qf8rm
https://tusfiles.net/u1tgl0zqbqr8
https://tusfiles.net/bqwn9v6km7ii
https://tusfiles.net/4kn7xk67bwrt
https://tusfiles.net/8qxg81ue4l5z
https://tusfiles.net/khueyuqi8u0c
https://tusfiles.net/7335g8uvugjh
https://tusfiles.net/8w2hfpzqpjhc
https://tusfiles.net/7ia3a7msrl8l
https://tusfiles.net/hwk5vdyifuw2
https://tusfiles.net/j0xcpchig2fi
https://tusfiles.net/rydm79pm4vqf
https://tusfiles.net/60ectdba57jy
https://tusfiles.net/ufrs97gxi75t
https://tusfiles.net/96wppp0s8vam
https://tusfiles.net/em0z16pe6byp
https://tusfiles.net/7f2dc6tqjuv3
https://tusfiles.net/wyamitdx9cvl
https://tusfiles.net/m3opryaljmak
https://tusfiles.net/s1upxwanxpog
https://tusfiles.net/h55xtnalwr6a
https://tusfiles.net/up2q9xq5bubr
https://tusfiles.net/n07e122ol7el
https://tusfiles.net/i95ocy83c7tf
https://tusfiles.net/x94ehumdqbij
https://tusfiles.net/9xktdr67g03b
https://tusfiles.net/6tbl1umruddf
https://tusfiles.net/5s8gt9mpsj8y
https://tusfiles.net/d83kismf8xkv
https://tusfiles.net/qhfjn3dve6fn
https://tusfiles.net/a58rkhlbpown
https://tusfiles.net/60jn52gzywpq
https://tusfiles.net/bqluhhqfvud3
https://tusfiles.net/nhozvirnq021
https://tusfiles.net/x594zgh4d00t
https://tusfiles.net/slh2zvzhcvba
https://tusfiles.net/4oia1f0xtmyi
https://tusfiles.net/ubk46fqdf3zv
https://tusfiles.net/j44uviyhx09a
https://tusfiles.net/e3ws4gdqfk9l
https://tusfiles.net/ux9aoacqzes7
https://tusfiles.net/oh7ho43iz20u
https://tusfiles.net/xuhvzohv8yjt
https://tusfiles.net/2cnd8b2v0elm
https://tusfiles.net/frc97tzrqao3
https://tusfiles.net/hbjy73s6qmrc
https://tusfiles.net/l3t9oje6dnoj
https://tusfiles.net/vnqxylrytlad
https://tusfiles.net/8n0y2oi7iw8r
https://tusfiles.net/o8gg24jurkpu
https://tusfiles.net/w0lmlkcwbob8
https://tusfiles.net/c53hq7tqafyk
https://tusfiles.net/7o994b0kzx9m
https://tusfiles.net/znpfbqxvr9qo
https://tusfiles.net/12vhlzhftgmt
https://tusfiles.net/fjhig9rt5nci
https://tusfiles.net/jpgpuiuny7wr
https://tusfiles.net/6q9y8zgljul5
https://tusfiles.net/qizufk89c6ui
https://tusfiles.net/3n5eld7jfykx
https://tusfiles.net/1cqlkrf4ihz2
https://tusfiles.net/nudjlea6wahg
https://tusfiles.net/j672qwt1a023
https://tusfiles.net/3jksz7yyrbxa
https://tusfiles.net/gvdl47598lns
https://tusfiles.net/ormhkk44yza9
https://tusfiles.net/o3n8wyhm2yau
https://tusfiles.net/dqadxouypp1b
https://tusfiles.net/fz205ygefwhj
https://tusfiles.net/3mtt2xb1cfaf
https://tusfiles.net/fzgct1v1nj14
https://tusfiles.net/0h2sxga3xiy2
https://tusfiles.net/8t6i325l70uq
https://tusfiles.net/cxttorcub4gb
https://tusfiles.net/swhx2jqbtkzg
https://tusfiles.net/5fbh2jynq0z4
https://tusfiles.net/oyledzf6pk8z
https://tusfiles.net/z4p6c27gszi9
https://tusfiles.net/tu68wlyhrvur
https://tusfiles.net/5fjgiqzen5rh
https://tusfiles.net/50mlk7gdksoe
https://tusfiles.net/ysgeqysooi04
https://tusfiles.net/xyco5snkmgnd
https://tusfiles.net/xznvo0nr5bx6
https://tusfiles.net/slmy9hiq0180
https://tusfiles.net/buuepe6ktegr
https://tusfiles.net/xdtp5djolxn0
https://tusfiles.net/uvxmq9jbjgbc
https://tusfiles.net/uopd63z6j6fe
https://tusfiles.net/8hbbgfmtdlfo
https://tusfiles.net/wkwofqltbqpv
https://tusfiles.net/c9kml0urfhoi
https://tusfiles.net/ds4x19fdq747
https://tusfiles.net/dzk7xv5cyjt9
https://tusfiles.net/k3uaeutn3sud
https://tusfiles.net/6bfcqiyvze77
https://tusfiles.net/sdfnjcbjjqpq
https://tusfiles.net/1p4ui273dif9
https://tusfiles.net/xsqyhnqdf55l
https://tusfiles.net/7skkrqipl1v1
https://tusfiles.net/m1wyfkg0n5wy
https://tusfiles.net/rbjfdapjyx1i
https://tusfiles.net/teiurhjsai36
https://tusfiles.net/zhkc44gto05f
https://tusfiles.net/0bidkpikf2mh
https://tusfiles.net/a9oryd76hdwz
https://tusfiles.net/bt147c8dftom
https://tusfiles.net/xm0j2uv3e0yf
https://tusfiles.net/3klnddgw9naw
https://tusfiles.net/fed3qphdcqv4
https://tusfiles.net/hcp09rmwylx0
https://tusfiles.net/jnw4yam1a10o
https://tusfiles.net/ojdon3b12ax5
https://tusfiles.net/ljtdaz76kmkz
https://tusfiles.net/a6wuqdr9u6id
https://tusfiles.net/6mefwh60nuau
https://tusfiles.net/arfa8qggopxe
https://tusfiles.net/4sk88eb65r4f
https://tusfiles.net/a5vh65ickogp
https://tusfiles.net/ly2azgft374s
https://tusfiles.net/dvmxuxan9i2d
https://tusfiles.net/5akhk2swgty0
https://tusfiles.net/x2yuxczead1l
https://tusfiles.net/cy92hco9o0uv
https://tusfiles.net/gp87xupgz86k
https://tusfiles.net/c7olak9zn8le
https://tusfiles.net/8hi6jgmuqrwy
https://tusfiles.net/ekhpvtv4m2vv
https://tusfiles.net/vt94gq0npzmp
https://tusfiles.net/fvmxrr19kb2w
https://tusfiles.net/1neaq0o4872r
https://tusfiles.net/jqxhkid0oi4i
https://tusfiles.net/f9jqg7nm8g5l
https://tusfiles.net/32oiq4k6652e
https://tusfiles.net/q2kjhnnstkx0
https://tusfiles.net/k0v1x8cp13kn
https://tusfiles.net/ph7sx9h31lgn
https://tusfiles.net/5now6okoafeg
https://tusfiles.net/r21sva808z70
https://tusfiles.net/rmn4xafhu6cx
https://tusfiles.net/ris9bk85gj7c
https://tusfiles.net/mqb6nr3jxjqp
https://tusfiles.net/ssxj89npoaot
https://tusfiles.net/l9y20wpbpy6m
https://tusfiles.net/gn6oqg8cx0pj
https://tusfiles.net/4x70ac5yiivc
https://tusfiles.net/9nfvcjsd7ov5
https://tusfiles.net/jt4taqn3rz71
https://tusfiles.net/gzslh1v3tuqh
https://tusfiles.net/fryzcht3drlf
https://tusfiles.net/znm6nytjjaql
https://tusfiles.net/bbucd7ivbmkp
https://tusfiles.net/e8aei8t8qp4x
https://tusfiles.net/u9hbubljocbo
https://tusfiles.net/3xtg9dz567da
https://tusfiles.net/313ieb6lmguy
https://tusfiles.net/t3kivo2h065a
https://tusfiles.net/zcs8k6lnta22
https://tusfiles.net/9bmfzrxfi3n5
https://tusfiles.net/t1n553msp4lg
https://tusfiles.net/m5rv3xe901na
https://tusfiles.net/0yk1yw0a1nrs
https://tusfiles.net/ukh8ovs28j6i
https://tusfiles.net/su7mnjmguxmm
https://tusfiles.net/y6wof1xns0eb
https://tusfiles.net/np884a6ha9u7
https://tusfiles.net/u3nxpkrsdwz6
https://tusfiles.net/bwfivl8g1ah3
https://tusfiles.net/sqznxbxoc1ie
https://tusfiles.net/mteat5r0180t
https://tusfiles.net/tlhxbnv2qelq
https://tusfiles.net/kg5zw2exw9b3
https://tusfiles.net/wwkgf22ogjos
https://tusfiles.net/a7wndav49q3c
https://tusfiles.net/26i0dahx79dl
https://tusfiles.net/qla8dff9i6eo
https://tusfiles.net/8957zqrp8gnk
https://tusfiles.net/aiyb3bu8590r
https://tusfiles.net/llaikgyrh4lk
https://tusfiles.net/rvcxl9v1vigf
https://tusfiles.net/guyjqz35smu4
https://tusfiles.net/zl1vvhv5i5j9
https://tusfiles.net/vuvgcy4rhqgj
https://tusfiles.net/b7255b75hbq8
https://tusfiles.net/5wxzsxqgm68b
https://tusfiles.net/nyl47odez3b0
https://tusfiles.net/tyes2owyvxzm
https://tusfiles.net/9csgkdkpmxp4
https://tusfiles.net/kkh62wvpcwz2
https://tusfiles.net/10a4rqzgrf85
https://tusfiles.net/9vf9l85tcwbe
https://tusfiles.net/9fjescqsezga
https://tusfiles.net/56086rx3tt0a
https://tusfiles.net/fwvj0knpbf58
https://tusfiles.net/qjdslunnes8e
https://tusfiles.net/tz7srgwlu3gf
https://tusfiles.net/bd2bxph4uydd
https://tusfiles.net/mj7vixncb5vq
https://tusfiles.net/zbjllau31oc5
https://tusfiles.net/1rdalihc6sux
https://tusfiles.net/hc3pktwt27x1
https://tusfiles.net/o12c4c5xikuv
https://tusfiles.net/xq31bkiwao82
https://tusfiles.net/9cv4lnq93o6x
https://tusfiles.net/s9jbh1exxp8q
https://tusfiles.net/vojf9rh2yiif
https://tusfiles.net/lhabj6toi4h4
https://tusfiles.net/bkl501c63z5z
https://tusfiles.net/0tqqf61gmcef
https://tusfiles.net/7zdgf77tiedg
https://tusfiles.net/uezach394dda
https://tusfiles.net/86eeuw9tmqbh
https://tusfiles.net/btp6d6vrocvu
https://tusfiles.net/tgu3ggfa6pe8
https://tusfiles.net/rbdanjyeva8z
https://tusfiles.net/aynglky1x630
https://tusfiles.net/dyt4e8fc5oox
https://tusfiles.net/x9r1ldfvd4tm
https://tusfiles.net/4q2nsawnl1nc
https://tusfiles.net/fyxyf68jifqw
https://tusfiles.net/pahpbtvg1x5y
https://tusfiles.net/auhvysxwecna
https://tusfiles.net/cckmw0d9re31
https://tusfiles.net/8eelemkd3tbr
https://tusfiles.net/nkyuxllnf2al
https://tusfiles.net/qkb2mhoxe016
https://tusfiles.net/vvec359okg4z
https://tusfiles.net/4hnazaih7mz2
https://tusfiles.net/6cw15l9xzdpv
https://tusfiles.net/qioah9l6bhuu
https://tusfiles.net/cu9ily9qp1pq
https://tusfiles.net/j412ldeax1e5
https://tusfiles.net/k1fx5t281oul
https://tusfiles.net/0q4by6bhx17e
https://tusfiles.net/x8toif9vnqy6
https://tusfiles.net/4zwwb8t561wb
https://tusfiles.net/6p02gk0pyj9p
https://tusfiles.net/35h1kt07jciw
https://tusfiles.net/mh1fif4rasfv
https://tusfiles.net/sxej2mv2495z
https://tusfiles.net/ifioy3pc7s7j
https://tusfiles.net/4f3mmfbpty0v
https://tusfiles.net/fy77wgebt53y
https://tusfiles.net/tqsifgbl7nxw
https://tusfiles.net/i55hs3hw4sn7
https://tusfiles.net/49guwx6dcv6v
https://tusfiles.net/dbqike5b50xg
https://tusfiles.net/4pw0lepvkc9u
https://tusfiles.net/k5e05byw8469
https://tusfiles.net/yfla6ja4xjh1
https://tusfiles.net/cbaqdc5rr4ch
https://tusfiles.net/8ow2jh6qqaow
https://tusfiles.net/blm9yb45aqk7
https://tusfiles.net/3sm0h0wehn8u
https://tusfiles.net/wot3xd0pnqur
https://tusfiles.net/frrzanookt4d
https://tusfiles.net/exa2tqiafzil
https://tusfiles.net/4wu5mjn9q946
https://tusfiles.net/gifdczdrlxyq
https://tusfiles.net/x8zilxajp0pz
https://tusfiles.net/f92xje2vygc5
https://tusfiles.net/f1dwzdyqy7x6
https://tusfiles.net/5sg2c2p1mk7m
https://tusfiles.net/rymjlfj6dghj
https://tusfiles.net/qxpm2mnwmy9s
https://tusfiles.net/p0207ahe1box
https://tusfiles.net/mup40gpstizi
https://tusfiles.net/5c31hfcy1heh
https://tusfiles.net/calen2yt3jmr
https://tusfiles.net/0bcaqg26m3u7
https://tusfiles.net/ohtaw0s088uy
https://tusfiles.net/dgdymlxc9i0x
https://tusfiles.net/v8nq473u08nf
https://tusfiles.net/domvivsmkzkn
https://tusfiles.net/f82a8yuuyxy2
https://tusfiles.net/rlkf3ecaxvc3
https://tusfiles.net/vxyubxaswq3b
https://tusfiles.net/3700iyqm0ws0
https://tusfiles.net/44l3h8rtgsv7
https://tusfiles.net/18sv6hiej0x3
https://tusfiles.net/akg9dalb9nqy
https://tusfiles.net/5zo4c9uatmh6
https://tusfiles.net/lttdfx5qkic3
https://tusfiles.net/y53fi411dqud
https://tusfiles.net/4afwhyylvxrc
https://tusfiles.net/yftpbaccv1xi
https://tusfiles.net/5uzvueb8wd6c
https://tusfiles.net/5a8514dn50rk
https://tusfiles.net/tflqejmb4v4a
https://tusfiles.net/ja6fku6daxe5
https://tusfiles.net/2kawtymanpav
https://tusfiles.net/wy6cw8mcri1j
https://tusfiles.net/9flahkwd8mx7
https://tusfiles.net/fjoxi335cdl8
https://tusfiles.net/n63nsclrmrga
https://tusfiles.net/bat3866rlmw5
https://tusfiles.net/jnxzkc1h4p0q
https://tusfiles.net/ehctled3xro9
https://tusfiles.net/og4jfba0sak5
https://tusfiles.net/cqwigpf7ygjq
https://tusfiles.net/8wrkoq6p7qeg
https://tusfiles.net/txevz31j8va3
https://tusfiles.net/6l2hfccwqruc
https://tusfiles.net/10omyexp4oql
https://tusfiles.net/g667o1jdk3ie
https://tusfiles.net/6ec9tyxb27u2
https://tusfiles.net/qmablpoqoka8
https://tusfiles.net/w0vnwi4szmht
https://tusfiles.net/dwrmrpu330ym
https://tusfiles.net/9tvt3x9v3c4c
https://tusfiles.net/cv0piax47tcl
https://tusfiles.net/z50sbjn1sj48
https://tusfiles.net/gligxjelig36
https://tusfiles.net/purmyyr4h4i5
https://tusfiles.net/gpmzceb2tbol
https://tusfiles.net/qd5rezqq8ha5
https://tusfiles.net/is2a0blznef9
https://tusfiles.net/pwaqpgti7p5j
https://tusfiles.net/qb6m4f0pu3yr
https://tusfiles.net/whydg5thstsr
https://tusfiles.net/o32cz0fgzgvy
https://tusfiles.net/s7bxd00qfdfy
https://tusfiles.net/yciggn0v8e57
https://tusfiles.net/rcmia13f26k1
https://tusfiles.net/p0jz7jd1f1mb
https://tusfiles.net/1zt3xh6128hh
https://tusfiles.net/q4ed3lpr1sii
https://tusfiles.net/ktgseyy3lkfe
https://tusfiles.net/yxwthb6m5z1o
https://tusfiles.net/q90m7yy31xz9
https://tusfiles.net/myvrxyndtfro
https://tusfiles.net/ua4q95xg9a41
https://tusfiles.net/ykub77k7il91
https://tusfiles.net/zcesif6rshga
https://tusfiles.net/eqzvigghji78
https://tusfiles.net/s30jlck0ob0y
https://tusfiles.net/3ca4c9hy4zki
https://tusfiles.net/t73fy8kviqrx
https://tusfiles.net/jrp2je3tuj8n
https://tusfiles.net/p04q3sk954fb
https://tusfiles.net/v3lx1jczy5uq
https://tusfiles.net/aj74032706sg
https://tusfiles.net/j72ceg5fvqmw
https://tusfiles.net/txd607nftt1n
https://tusfiles.net/qxxjdm1dalhq
https://tusfiles.net/2ubza84jsgyl
https://tusfiles.net/nxto6ajt5v5u
https://tusfiles.net/wcgh0gfnkwi8
https://tusfiles.net/ggtvrekgipii
https://tusfiles.net/kl0w1vpl27z3
https://tusfiles.net/mvx6vrrtecq0
https://tusfiles.net/kqbwsihlqfi0
https://tusfiles.net/75cmsyenms1b
https://tusfiles.net/7gjkr2fhe4eg
https://tusfiles.net/ijbhe1rd289d
https://tusfiles.net/c8b1k8ehqdrv
https://tusfiles.net/ltptyjlnldsa
https://tusfiles.net/9s8teh7zarv3
https://tusfiles.net/480w3egi5n61
https://tusfiles.net/3ii9ra9yvaxh
https://tusfiles.net/65esqgnwaq1k
https://tusfiles.net/99r9he95wvcw
https://tusfiles.net/unrli3a6aeat
https://tusfiles.net/lsyzeop7k0k3
https://tusfiles.net/83osi97vwu3k
https://tusfiles.net/0voi4uy78bxn
https://tusfiles.net/db9yr0864orh
https://tusfiles.net/4loug9fwuwho
https://tusfiles.net/jy6m8dr2z8ty
https://tusfiles.net/a3cvq6gk7k5u
https://tusfiles.net/5s0jfmmfnk3b
https://tusfiles.net/390dupw1s4ql
https://tusfiles.net/pkncxiuxhyg8
https://tusfiles.net/3dn9kzgiess0
https://tusfiles.net/mwzt9ioyj9wu
https://tusfiles.net/rj9etg4ipyxs
https://tusfiles.net/snlgczkhogkg
https://tusfiles.net/2hncr2qyr7n4
https://tusfiles.net/3gk7kvwubr7f
https://tusfiles.net/u2phhnon5h37
https://tusfiles.net/xmwvbdqtb4fd
https://tusfiles.net/rmga9t4enn2n
https://tusfiles.net/tzb3nzppxhfc
https://tusfiles.net/gtoano4q9fth
https://tusfiles.net/a9f17e9lg0d5
https://tusfiles.net/u4w2fgekarz5
https://tusfiles.net/bdqpz7v7nk78
https://tusfiles.net/vhqzj6fjprnv
https://tusfiles.net/s1mjb5pgg7h3
https://tusfiles.net/refd9sx8lmy1
https://tusfiles.net/ixfnci6ze9zl
https://tusfiles.net/90xh4gk7wd0q
https://tusfiles.net/4iffagobkjwr
https://tusfiles.net/lp70l1xgveur
https://tusfiles.net/f6w57aot2daf
https://tusfiles.net/rc5l0r8okn0i
https://tusfiles.net/ljyiczevcowu
https://tusfiles.net/8oqe9dodzggh
https://tusfiles.net/euar65mvz5m6
https://tusfiles.net/31x9oubcf6lg
https://tusfiles.net/dpiwrwzrrjd3
https://tusfiles.net/srhfgk3i9udh
https://tusfiles.net/w8cb0dbzru4w
https://tusfiles.net/p6ejv3bpdrpp
https://tusfiles.net/9sr3o5smtg64
https://tusfiles.net/gy6l1nicnm5j
https://tusfiles.net/zejfmljrn1h3
https://tusfiles.net/62yvdmy05tsd
https://tusfiles.net/21wmj8kvexmu
https://tusfiles.net/e27jxvwknge0
https://tusfiles.net/zbjtg2j9194x
https://tusfiles.net/aki4zp6n113h
https://tusfiles.net/erjkmcdkpdw7
https://tusfiles.net/tw4wjj3wvsl0
https://tusfiles.net/n228o2im7ifs
https://tusfiles.net/uehkkdzli0m5
https://tusfiles.net/px2qrm3a4tws
https://tusfiles.net/bzqtxymbimd4
https://tusfiles.net/5pm0ppzkhcsn
https://tusfiles.net/ddvvyxpnow2a
https://tusfiles.net/5ga5nuzfrl1e
https://tusfiles.net/vlwo4fx4387j
https://tusfiles.net/cxe8int5gyyc
https://tusfiles.net/d2tqfftejkt2
https://tusfiles.net/qu2h53j6c4hb
https://tusfiles.net/yleeyczsbxl0
https://tusfiles.net/mi1ixli464zj
https://tusfiles.net/sqs8hl5205nu
https://tusfiles.net/hn6vzrjh1q28
https://tusfiles.net/nl3x6st43ffi
https://tusfiles.net/3ycc527lfe15
https://tusfiles.net/dgb6sq0hm875
https://tusfiles.net/36ov8fmqrr63
https://tusfiles.net/bkkt9llhq48s
https://tusfiles.net/b801xruyz8wk
https://tusfiles.net/hylauyh12yb3
https://tusfiles.net/bpxasii2xb2s
https://tusfiles.net/vh23jn6skg31
https://tusfiles.net/2d0obqkwo6pe
https://tusfiles.net/fty6ds04kpm1
https://tusfiles.net/v7l5dq756s61
https://tusfiles.net/8tgirexog03y
https://tusfiles.net/qg0z1v6ko4ug
https://tusfiles.net/0whe187oviwm
https://tusfiles.net/go25zwfocbrn
https://tusfiles.net/0pg0dbtwlizk
https://tusfiles.net/kd4mjo1tf0a6
https://tusfiles.net/2ilp206epxjq
https://tusfiles.net/13xmtdqprzfs
https://tusfiles.net/10mjzvay00e2
https://tusfiles.net/w9r8y05oyx65
https://tusfiles.net/jpxga5cuiftd
https://tusfiles.net/q7akosl875a7
https://tusfiles.net/2gy3m2pm2ob4
https://tusfiles.net/p21vwxv6bgep
https://tusfiles.net/kx8e9qtuwrw2
https://tusfiles.net/4h6bv9w82og6
https://tusfiles.net/dioa6rad8fm9
https://tusfiles.net/yttiyk3m42s2
https://tusfiles.net/rh9htu0vllqt
https://tusfiles.net/2pyjq93ecv89
https://tusfiles.net/fg5meilhj4zj
https://tusfiles.net/lkp2fcztl46z
https://tusfiles.net/g8een78zjalb
https://tusfiles.net/urodnfutkkw5
https://tusfiles.net/xgadkgv8d0i9
https://tusfiles.net/1o2oh7c919xt
https://tusfiles.net/j28y9fgls97e
https://tusfiles.net/tsshhdu15v9l
https://tusfiles.net/3x8qze01ya6n
https://tusfiles.net/okxtla3afxrv
https://tusfiles.net/082gb3hpbspc
https://tusfiles.net/lpnuo0bh4qmr
https://tusfiles.net/8nt9kk9sht3s
https://tusfiles.net/krtepkph5l4e
https://tusfiles.net/qzrxwkhhr5l6
https://tusfiles.net/ynobti2lbgf9
https://tusfiles.net/6nygj9yg0bsn
https://tusfiles.net/qdnl8jzp89v8
https://tusfiles.net/ghzteh2ktw7t
https://tusfiles.net/273f24a74jq9
https://tusfiles.net/t5itehoy2689
https://tusfiles.net/g41kdkk0droq
https://tusfiles.net/viqoaojr1ygu
https://tusfiles.net/nyejp7rq5511
https://tusfiles.net/sulq00hvhp7r
https://tusfiles.net/lmuo0598l821
https://tusfiles.net/bnt2iw487v84
https://tusfiles.net/mtigaei0itj7
https://tusfiles.net/rmdju5zkx74r
https://tusfiles.net/uswu2bbqplot
https://tusfiles.net/trrwy4tttv8s
https://tusfiles.net/tahpr1mjbw83
https://tusfiles.net/hjbm9rjwxmcr
https://tusfiles.net/rsbn2qui0bwn
https://tusfiles.net/uqpq36fbhxus
https://tusfiles.net/fzs3fh2dsf93
https://tusfiles.net/fa4skg41g3oh
https://tusfiles.net/b3dyexpzz3e6
https://tusfiles.net/kasxbvdpzh4i
https://tusfiles.net/nc6e3zfwh4sz
https://tusfiles.net/7zy7g48276wm
https://tusfiles.net/n84xu6wf1sig
https://tusfiles.net/1zd5gizu4yhs
https://tusfiles.net/npuv7ghx13ia
https://tusfiles.net/1bqws602z4f4
https://tusfiles.net/gonfiet6eu59
https://tusfiles.net/nnqfqgo7jacx
https://tusfiles.net/py03tsjxliw1
https://tusfiles.net/t7lvax5q3afj
https://tusfiles.net/c6hkdpkyeob5
https://tusfiles.net/omcf7x8w5pqr
https://tusfiles.net/te09ky2dxcyi
https://tusfiles.net/9xd3jf67yjov
https://tusfiles.net/xggg7ws7kzg9
https://tusfiles.net/ii2rh5oe1w9e
https://tusfiles.net/xysh8jc96h89
https://tusfiles.net/l96sxfhnnewa
https://tusfiles.net/hp6p04e3qotd
https://tusfiles.net/34121ofuxmbt
https://tusfiles.net/ra6deu7alh4n
https://tusfiles.net/of2kg5e7uagh
https://tusfiles.net/rh130izt2418
https://tusfiles.net/ysoz7om2kv5j
https://tusfiles.net/mf5u7roid9xr
https://tusfiles.net/p06qdm6hlwqa
https://tusfiles.net/5p7uv00rskuu
https://tusfiles.net/lfqr7ebncvrh
https://tusfiles.net/p4xej2d59qp8
https://tusfiles.net/iqc2vk6nydcj
https://tusfiles.net/tv9r9wn0t5e6
https://tusfiles.net/mqyial8scwfp
https://tusfiles.net/awfd2cpn2wvi
https://tusfiles.net/305gkye5v86e
https://tusfiles.net/glqvt9ffr5eg
https://tusfiles.net/cd5hlo5k4ovs
https://tusfiles.net/d4ai9bmpflb4
https://tusfiles.net/luklwfa09dwo
https://tusfiles.net/m5ho16zpy32c
https://tusfiles.net/c8bvyfdei0uu
https://tusfiles.net/jcb8hlvqnwwd
https://tusfiles.net/6xlakg8zbzdj
https://tusfiles.net/7wxlfu7h5cxi
https://tusfiles.net/mod7lpv2vofs
https://tusfiles.net/zb86186u6njg
https://tusfiles.net/6z1ayj90rp4r
https://tusfiles.net/413i2dq61ynu
https://tusfiles.net/3pvvx1viqcr1
https://tusfiles.net/p5j126poeat0
https://tusfiles.net/5yw557me6xsl
https://tusfiles.net/6jk0qegyuel9
https://tusfiles.net/2gezq1nk0k3v
https://tusfiles.net/3hvi72xp0u8z
https://tusfiles.net/isrvzmggg89r
https://tusfiles.net/6gbrq8or8fsg
https://tusfiles.net/jmtd1ytkufc8
https://tusfiles.net/q9wc96q2tzpu
https://tusfiles.net/hf8zhc8udv3a
https://tusfiles.net/1n0ahgn21rpf
https://tusfiles.net/ac6p2w831p3l
https://tusfiles.net/qm6tww3do2z1
https://tusfiles.net/549g2ml797ee
https://tusfiles.net/brwuvjk8jayi
https://tusfiles.net/itpjmt01aqdl
https://tusfiles.net/02z5ovq1ztla
https://tusfiles.net/n5wzjnduawcr
https://tusfiles.net/ri3jbilmrbpp
https://tusfiles.net/4t7p3jz5id7i
https://tusfiles.net/74h1h1ayft2t
https://tusfiles.net/yzcws4ukj9vs
https://tusfiles.net/mvw1p6w3khnz
https://tusfiles.net/zx3oc11fjxw8
https://tusfiles.net/evmzzvgkljji
https://tusfiles.net/pyi0h21eyw5f
https://tusfiles.net/owt1ns9cuesq
https://tusfiles.net/igbeqyho8vl2
https://tusfiles.net/5log1bdkh2n5
https://tusfiles.net/ktqdtlq4p11c
https://tusfiles.net/sprk8rhosjgw
https://tusfiles.net/cm56oux5ut4a
https://tusfiles.net/lflqkn2uj1se
https://tusfiles.net/f5gpfl556bdy
https://tusfiles.net/sk3j698ayi31
https://tusfiles.net/rl1zlb2htr1i
https://tusfiles.net/y2gp0tqmsvy0
https://tusfiles.net/z2eki8zrpdit
https://tusfiles.net/s2fphazeryol
https://tusfiles.net/u3g8mq5bcur0
https://tusfiles.net/2fpbm91toxl3
https://tusfiles.net/mgkakfle3d0p
https://tusfiles.net/8hwmyce0ys5u
https://tusfiles.net/0rzoo97yaln5
https://tusfiles.net/9gteypapbuo5
https://tusfiles.net/8y932jwjpua2
https://tusfiles.net/okgqmh5busxn
https://tusfiles.net/zpnuk1s7slwu
https://tusfiles.net/urgg0irv1h88
https://tusfiles.net/13ievj4mi5a0
https://tusfiles.net/axvidpqwdj9e
https://tusfiles.net/ypdfxqnaaroi
https://tusfiles.net/nzpztn9zl7ua
https://tusfiles.net/oxkds2kygf0k
https://tusfiles.net/mu1wn95pa6f3
https://tusfiles.net/59kykql0f2yj
https://tusfiles.net/xdbdu6mznvrl
https://tusfiles.net/xji05nonunrt
https://tusfiles.net/ebjkbyfeqbue
https://tusfiles.net/1wkkqtclv6r2
https://tusfiles.net/2qkloeviyt1x
https://tusfiles.net/ikdvb67eknqz
https://tusfiles.net/iy6q829qz3mz
https://tusfiles.net/ls5thn6p2ws7
https://tusfiles.net/pcy6as845eau
https://tusfiles.net/pnv232jbpz1x
https://tusfiles.net/4klgx5h2t44n
https://tusfiles.net/4d6ipbdb0oaw
https://tusfiles.net/70jk88ezhg2b
https://tusfiles.net/leqaj046yxfh
https://tusfiles.net/8lxyiylpi3ei
https://tusfiles.net/d1onlfdnpxxx
https://tusfiles.net/fq9d6xo11qe2
https://tusfiles.net/a8vit2xlhut6
https://tusfiles.net/mje91wz5pcdb
https://tusfiles.net/eq3b0erkb78n
https://tusfiles.net/ypkq0xcs6nrp
https://tusfiles.net/7ljwaicdbckt
https://tusfiles.net/5k6raj4gh9by
https://tusfiles.net/i1h2avpswko4
https://tusfiles.net/nu3byvbl55ba
https://tusfiles.net/0tqspy1ia9k4
https://tusfiles.net/lbxvc46tp49o
https://tusfiles.net/ehg0hlz6dtcr
https://tusfiles.net/qn5z3z0u4rc0
https://tusfiles.net/x7u6q6gj3ooj
https://tusfiles.net/78e8v2k3t08l
https://tusfiles.net/pd1yj8xchw2r
https://tusfiles.net/widv2d8holbv
https://tusfiles.net/qrivh1aqlsf6
https://tusfiles.net/sesz5r2uzecn
https://tusfiles.net/xblwamdkdbfs
https://tusfiles.net/xe60kne8c8jv
https://tusfiles.net/0o8iuwbsfrxu
https://tusfiles.net/b2t20b7b128b
https://tusfiles.net/bfo7wzmcsylq
https://tusfiles.net/omf8ahso6lb6
https://tusfiles.net/4w11q5c5fhdf
https://tusfiles.net/kxy7zx130xh2
https://tusfiles.net/01nzszb9ebx0
https://tusfiles.net/yz4u4zhk2o3u
https://tusfiles.net/biw7ydooh1vc
https://tusfiles.net/82hqz094iugn
https://tusfiles.net/mjvvc6jyqbtm
https://tusfiles.net/xrctqk3e39uz
https://tusfiles.net/06mujnpqzzrj
https://tusfiles.net/t1tlc9rka0k3
https://tusfiles.net/172zu1gnpkct
https://tusfiles.net/qkp3dw8w9zb6
https://tusfiles.net/6cumr0sgkw90
https://tusfiles.net/26ktw2y0soha
https://tusfiles.net/srzd4u6k972m
https://tusfiles.net/bq78i00tgen5
https://tusfiles.net/78qhepjkhiaq
https://tusfiles.net/gl63ebkvf10w
https://tusfiles.net/bn7i7qbhpo4n
https://tusfiles.net/hm23qtllsat8
https://tusfiles.net/xp5ytq00upuc
https://tusfiles.net/3d3p40mo2yi7
https://tusfiles.net/9reas9gfyetm
https://tusfiles.net/0xpow4p6uxtr
https://tusfiles.net/yx6xiir8wik9
https://tusfiles.net/l55k5m94w4nr
https://tusfiles.net/cjwvm3215kqu
https://tusfiles.net/0p5tvz1cmqd6
https://tusfiles.net/pb5kfzijqucs
https://tusfiles.net/if9z0anva264
https://tusfiles.net/69rhfls3hf7y
https://tusfiles.net/sjgh8kraqgvu
https://tusfiles.net/pc9xn45un5wd
https://tusfiles.net/59js08vo5pki
https://tusfiles.net/8f5tfyfizcuj
https://tusfiles.net/2b5ecavqvq5b
https://tusfiles.net/e7w1o2t5x9mr
https://tusfiles.net/s6merg0w1l3y
https://tusfiles.net/zy8olb2tge9z
https://tusfiles.net/b40giqfeoy2c
https://tusfiles.net/lc8rt9di5jtd
https://tusfiles.net/z9qtp6nshheb
https://tusfiles.net/99fpkn72zbq1
https://tusfiles.net/resgh4w7tk6q
https://tusfiles.net/zinb2n87tr2t
https://tusfiles.net/hhbe92vfxhpk
https://tusfiles.net/uw0zcxqcasgl
https://tusfiles.net/frgt2zhymesi
https://tusfiles.net/1pgjkg9iyf4w
https://tusfiles.net/mp4zpfsc5ovn
https://tusfiles.net/aap8v55s7gbh
https://tusfiles.net/7pizouw3neq1
https://tusfiles.net/4a3yma5aznhz
https://tusfiles.net/wtjv0qd74fuu
https://tusfiles.net/5er0sxxkcwxc
https://tusfiles.net/7iklqs1q4xml
https://tusfiles.net/1tf1fag2jfe0
https://tusfiles.net/yiye7zx3z5fr
https://tusfiles.net/pwac5xmtk481
https://tusfiles.net/lf10fzz40fxt
https://tusfiles.net/0giji1cx6srm
https://tusfiles.net/qtk9ez5iorea
https://tusfiles.net/b6e31lmscfpr
https://tusfiles.net/yj5bzh7ow3sq
https://tusfiles.net/zohahtbk5zt7
https://tusfiles.net/ye5kfdfenv0t
https://tusfiles.net/y1e90wv726vk
https://tusfiles.net/8wcweg79av0o
https://tusfiles.net/lwew1djt93vg
https://tusfiles.net/1zou0h4dziw3
https://tusfiles.net/xkipoomvsceq
https://tusfiles.net/sqq0dxh568a3
https://tusfiles.net/okvwa8i2f2v6
https://tusfiles.net/6cjgavl9l8yv
https://tusfiles.net/x2njs9w0vaum
https://tusfiles.net/83px7omlz1gr
https://tusfiles.net/rye27g8oifvl
https://tusfiles.net/82a8bjla0zqd
https://tusfiles.net/f54tw5jnpkdh
https://tusfiles.net/zgswde25q4nl
https://tusfiles.net/iq0omm7285rv
https://tusfiles.net/jtf7hu2t6p0k
https://tusfiles.net/hm2kzt99x77a
https://tusfiles.net/50kjvuyd7wsc
https://tusfiles.net/3j5uiwcixrmw
https://tusfiles.net/v2x4juxuynv9
https://tusfiles.net/ix1fr6795dwe
https://tusfiles.net/amhr1mh4eclx
https://tusfiles.net/plw46s0nj3x0
https://tusfiles.net/v97q7x14cngw
https://tusfiles.net/tn9zsid4zp5c
https://tusfiles.net/3ui0wboyl43v