http://up08.net/gxz7kubuysm7
http://up08.net/pd0l7n2ud6ff
http://up08.net/io3nnhwntr9f
http://up08.net/u3wcd1w87bmt
http://up08.net/7veb0oht527l
http://up08.net/emutcn18rwie
http://up08.net/f0w2riyxxz65
http://up08.net/mdg9ot9t49nr
http://up08.net/yyv29kmayej5
http://up08.net/y4ubwt5j8rok
http://up08.net/h94zww0ddk2u
http://up08.net/w0sw2h3nm07t
http://up08.net/u0p9yn8b974u
http://up08.net/dxye8hmka9rn
http://up08.net/gk7xjpwklrxs
http://up08.net/a7pdlyec2ma9
http://up08.net/31o4ugaptbwl
http://up08.net/mcqc8fu63j82
http://up08.net/wfdxcz9ckj40
http://up08.net/vcqa89je27g0
http://up08.net/5mjgwm53e0md
http://up08.net/pmshqhqs5hz1
http://up08.net/cnr5mafzb0jl
http://up08.net/kgfxzcpm9skv
http://up08.net/ty10qk9y07so
http://up08.net/j24v82xc6c8a
http://up08.net/si5k0knzd2ct
http://up08.net/noz1bz1ultdv
http://up08.net/6dq6akxda6yu
http://up08.net/egqsh1nk2g03
http://up08.net/cp41r6sgsnbg
http://up08.net/ssoceqxqzqx8
http://up08.net/2xia3rbfhkrb
http://up08.net/8hy73n4q9v5f
http://up08.net/1o0m22dslu74
http://up08.net/60io8bwjvrfd
http://up08.net/x2oygdfliv20
http://up08.net/xht88vrz88gk
http://up08.net/8ww1hqgc6car
http://up08.net/uldsn184pwb3
http://up08.net/h0p5fdtxo4nr
http://up08.net/9tlmojjwzdkn
http://up08.net/glvr47f97dud
http://up08.net/gjljyx6b2lsg
http://up08.net/i7or0i9ir9w5
http://up08.net/tgzgwj0cyvma
http://up08.net/7tdhmy5txxuf
http://up08.net/z0s3241j1dfa
http://up08.net/86n7p9gtiepn
http://up08.net/96ecbd0yze5e
http://up08.net/lk7bo78ma9xz
http://up08.net/bju5dcf2p0r8
http://up08.net/06ejgwek4ox8
http://up08.net/kazlor3ulkuf
http://up08.net/0g4bv0yfewtw
http://up08.net/4i5osvv6vjii
http://up08.net/6ncwjkz0d7v7
http://up08.net/ygudx7d7plby
http://up08.net/hng0buwx424z
http://up08.net/r784n0e08zce
http://up08.net/jynlqndduj2e
http://up08.net/wncvgp5mj3tw
http://up08.net/rnaglmq2162y
http://up08.net/ond9krn0cp8j
http://up08.net/inelwky4sb4q
http://up08.net/8f0om5xh79la
http://up08.net/v7shhmexxaoa
http://up08.net/x1rsmbsb7h7g
http://up08.net/ykwjbzdduv4a
http://up08.net/0hvzge38kt0w
http://up08.net/nxbt9wlqfzut
http://up08.net/h1fz1rdzjhqi
http://up08.net/2zu0mq4dyzg2
http://up08.net/qg1kqal2swcv
http://up08.net/a6x76p8tqaiz
http://up08.net/xy0ldy5rqtpu
http://up08.net/0ovo2x6rwvhs
http://up08.net/fbm5jvd2hxo3
http://up08.net/y1fbtexkz81u
http://up08.net/j7bzamuq8d38
http://up08.net/sqedklddpzxp
http://up08.net/uufecz6db1dd
http://up08.net/iq5yggabdhwk
http://up08.net/utv3vioofxe8
http://up08.net/rud8pigkj7aa
http://up08.net/2utfnoxmd2h6
http://up08.net/005cj9jevnny
http://up08.net/m21txh8xwqbv
http://up08.net/ducu7g4fnm3q
http://up08.net/1a7o0mdckkmg
http://up08.net/zdearw5no1ty
http://up08.net/4lbbtt2tjhnt
http://up08.net/xa1jjl81ytmm
http://up08.net/iplwtwwqwy7q
http://up08.net/0y03o02w3h9z
http://up08.net/ynnp8tx33g7x
http://up08.net/ymey5y72m3km
http://up08.net/3xkj3yaswmpy
http://up08.net/l19u608b1qsv
http://up08.net/1vffmauh4znq
http://up08.net/8w1kvv0fszap
http://up08.net/7xggwew1wfx2
http://up08.net/vmaqfazju26g
http://up08.net/ozvbr1wqtl2g
http://up08.net/ysf6r663wa51
http://up08.net/knhv77auecev
http://up08.net/3tse3lbpkapz
http://up08.net/bffxsi6vvvlv
http://up08.net/vl5x99x7b20p
http://up08.net/mvcxbpy25dw6
http://up08.net/renw0zqd6nrp
http://up08.net/wkmd9asoydnd
http://up08.net/gffzw32do1qo
http://up08.net/tdhhiffkopo1
http://up08.net/roj8f0zz6ufe
http://up08.net/udvnh9zoe2p0
http://up08.net/f5k82i7pwwmf
http://up08.net/muiugw1tw4lw
http://up08.net/kf4jyasncrdq
http://up08.net/3sxnq2mi0thj
http://up08.net/0u7ic7l02kpq
http://up08.net/3tzipwwjxv6l
http://up08.net/rbiu54y62l1m
http://up08.net/qjif97f8mpfz
http://up08.net/9v3f20tt83yg
http://up08.net/pmswguxweri9
http://up08.net/1o40pke2ibj9
http://up08.net/0y3tatcpi8yu
http://up08.net/qle7xmu7ecuj
http://up08.net/0ssckxp3f98k
http://up08.net/aoy8bzrtdxoh
http://up08.net/ltr0bnnx6dn2
http://up08.net/uepber4jd4bx
http://up08.net/yh3cmzsrvdga
http://up08.net/6ihndfrk3gwe
http://up08.net/wh383roorgku
http://up08.net/uft6z7d9ybbh
http://up08.net/5qdtc5n3ocsb
http://up08.net/dy402t1jpxp8
http://up08.net/bowf25zhni10
http://up08.net/4uknsu1cul1c
http://up08.net/p3wnk40027vm
http://up08.net/t442bitntja2
http://up08.net/1wazxwfv1fgf
http://up08.net/1e5yfznyka7q
http://up08.net/9vhdwq971xle
http://up08.net/13phppqov8vs
http://up08.net/66sy3xopi2hg
http://up08.net/4jkwud10yhl0
http://up08.net/sxc3n6oeuctl
http://up08.net/rzdmziubl52t
http://up08.net/q9ilxcrw4itr
http://up08.net/fo3i5jbgjmmd
http://up08.net/g5gz0fk05sob
http://up08.net/5jtale4k4vgz
http://up08.net/t7bqk23uyl3j
http://up08.net/4dioqzdrrsgq
http://up08.net/rhzqgibwa5rn
http://up08.net/f2d2lf36urwj
http://up08.net/roxk1p65rid4
http://up08.net/knhp12fr4ig4
http://up08.net/nuwswv31a8f0
http://up08.net/l8ahqeah5zso
http://up08.net/vwy0674de0zx
http://up08.net/h1py53o2tsct
http://up08.net/qzws541bjj5e
http://up08.net/a1gvix6b5fvn
http://up08.net/gihuc6r2va82
http://up08.net/5lmmelh228oj
http://up08.net/cz8m3suv75rn
http://up08.net/88wh7glls1vj
http://up08.net/wxftaj78cttg
http://up08.net/d6cyjzdt5w3d
http://up08.net/ivcs14ig9q7n
http://up08.net/mm7wzdwubavd
http://up08.net/a03cn1rcdwzv
http://up08.net/dymeyl7861n3
http://up08.net/qcfpgq82wr67
http://up08.net/o7jyiyv4ngog
http://up08.net/bpkii493wl3a
http://up08.net/dl4mm1fhavs7
http://up08.net/d6rmcxe8m2iv
http://up08.net/87rc8nszlbgl
http://up08.net/l5dbmym483s2
http://up08.net/tt44gi69iu0m
http://up08.net/b9t3agkzl9dc
http://up08.net/9uiz0v6akx61
http://up08.net/vxzbmb6jqa0v
http://up08.net/8kdh990mi5fu
http://up08.net/kxb12hhicwg4
http://up08.net/rrhu0z69sr2o
http://up08.net/rr0ulry9fsv5
http://up08.net/ws0tom2cnoyf
http://up08.net/sag1ru2vitt3
http://up08.net/u1th09k119zr
http://up08.net/jaj5aezy4eod
http://up08.net/me1l5qoh3vr5
http://up08.net/91i5t2x7i34t
http://up08.net/3s393tyrblkx
http://up08.net/d8c26ynu8cu2
http://up08.net/yd152fp06eq6
http://up08.net/kqic440cmjn5
http://up08.net/ngryfh0zfhm9
http://up08.net/0ht2pb2zl6u8
http://up08.net/m53zir4a3xr9
http://up08.net/4qhdf0l7jcp6
http://up08.net/s0uymagzlixt
http://up08.net/udivdrnjbt7z
http://up08.net/rhm58iet57ke
http://up08.net/kye2nxjudc1u
http://up08.net/lc9etkjt7czf
http://up08.net/0tdbznv0ubh8
http://up08.net/133ddlzccje3
http://up08.net/g5u7849dnoxd
http://up08.net/1koj5lpgtc60
http://up08.net/wv8920mwsyst
http://up08.net/dxbd7vjjqaol
http://up08.net/3kmjf041ucgx
http://up08.net/d68b2baoesq4
http://up08.net/r65c0mt318bw
http://up08.net/78aelfyds8yg
http://up08.net/eg2y57ainqrr
http://up08.net/xhniicofiy1e
http://up08.net/0h84t22at1py
http://up08.net/dydoirdmkc5m
http://up08.net/33z6jtk5pcbk
http://up08.net/m89a61v72dlt
http://up08.net/fe3ipxyn19ij
http://up08.net/z7zxsjzh4b58
http://up08.net/sbf0lkoiyxkh
http://up08.net/smrt1dlub0yy
http://up08.net/ndwtej8tb2hi
http://up08.net/jmbakmgxyi47
http://up08.net/0970e3aim6ku
http://up08.net/vu5pmctf80go
http://up08.net/kecwzhipplbz
http://up08.net/9jq509z43c22
http://up08.net/4n9xz9pbso0r
http://up08.net/7lpyygflotq4
http://up08.net/qp3r4smze7cq
http://up08.net/dhkpqgonch8k
http://up08.net/kt2pki4j5kgi
http://up08.net/410aky1d5tpc
http://up08.net/dv5br0xrsd0o
http://up08.net/umun0m7x2g3l
http://up08.net/qugv8lkenvx8
http://up08.net/rwppccwiltfn
http://up08.net/sisu386599jq
http://up08.net/vaqgfh175uaw
http://up08.net/9zuku79572iu
http://up08.net/j7m9hd5uz6pt
http://up08.net/yuk3y1bibgrb
http://up08.net/8etxe2py2ito
http://up08.net/7wen7rebeo6b
http://up08.net/cotidwneymeh
http://up08.net/6uimbaererxq
http://up08.net/intt1jaf087l
http://up08.net/r0orjyz1efqb
http://up08.net/l3v716q3vvfg
http://up08.net/imofc2kmc5au
http://up08.net/tvdqhtzqpkcb
http://up08.net/c51a324ae46p
http://up08.net/c18m2epbe9sq
http://up08.net/apwofv71a1dh
http://up08.net/xet1ijuzb9sp
http://up08.net/ucfccntyetg2
http://up08.net/52a6l1l37bmn
http://up08.net/5768jkvci56x
http://up08.net/zviu05q59760
http://up08.net/e6k1liz1sgsr
http://up08.net/ays63fffuehb
http://up08.net/hmbi8t4ypwb8
http://up08.net/yeuwknart7qg
http://up08.net/2vvtghsnmgr5
http://up08.net/rq6s8do805z4
http://up08.net/g4qk1dpq6tuf
http://up08.net/6en22ppf15jm
http://up08.net/9vvs84svswnp
http://up08.net/66e3h6lcc7k2
http://up08.net/usphapvspl2u
http://up08.net/bm3vxs04w4di
http://up08.net/fudcyi90m1tj
http://up08.net/pvx4lpaj5mu0
http://up08.net/dyrqtfoo5quf
http://up08.net/kf4d0rtirygh
http://up08.net/3uey55sravdw
http://up08.net/t30kami542cy
http://up08.net/enj25vkpq3of
http://up08.net/bft35k1rrauw
http://up08.net/tyffnz7sv1cy
http://up08.net/xjnp24oxx85x
http://up08.net/s6a4y9qybhea
http://up08.net/mycuodwubd0i
http://up08.net/kefifro90jj9
http://up08.net/kjwbqdmpw2x7
http://up08.net/n3fpaail64sm
http://up08.net/grd9foa4jwbc
http://up08.net/2uy3ca3pb539
http://up08.net/5x8ce4f6dg1v
http://up08.net/at4pwoz2nbyf
http://up08.net/vn727jfh8g80
http://up08.net/n5dnh8ta03x3
http://up08.net/asd4xy854lyn
http://up08.net/b3v3qkw6oxjr
http://up08.net/ljky6n203ukp
http://up08.net/c4uu6grfkhni
http://up08.net/nvnxd0yxmr2z
http://up08.net/1oenqr2cas6e
http://up08.net/w8vf63n6lhx9
http://up08.net/7wuc6wabvbqy
http://up08.net/wvlaag0d17iq
http://up08.net/pyf81dn3r5y1
http://up08.net/at4jhhd0wwgt
http://up08.net/5cjaj7vqjxet
http://up08.net/hr3xr5v3w9gh
http://up08.net/nlc9o0ni66ga
http://up08.net/5r65y31p5ugu
http://up08.net/s1mdm8j9x9pi
http://up08.net/g1ompwet7m14
http://up08.net/l1f00g6wxytt
http://up08.net/wzetkcn9s17a
http://up08.net/eq5jqt0ds7dp
http://up08.net/yoo023htinnk
http://up08.net/a2lq311a5wfb
http://up08.net/1qawd86ov74l
http://up08.net/589mwx1gph3q
http://up08.net/z7erlprx9490
http://up08.net/jn1stufxlm89
http://up08.net/sym3532sboye
http://up08.net/8qn66n31ctsw
http://up08.net/675m7zm5u8on
http://up08.net/9m6tengzagtu
http://up08.net/r5a5rmflsdbs
http://up08.net/z1tbkth126zt
http://up08.net/pchjydd3j0qv
http://up08.net/av4ohrjuleq9
http://up08.net/h92bojyg2pq0
http://up08.net/3m73qjhv1wva
http://up08.net/yaqql45eczbu
http://up08.net/141e1zv2q0g3
http://up08.net/mt44v3ltx9gb
http://up08.net/emz3hxm7klxn
http://up08.net/rdesb3tqw554
http://up08.net/6h2q0slk7p85
http://up08.net/pvrqm6mk7cwe
http://up08.net/bahpgzslsioo
http://up08.net/spx0cnxvznht
http://up08.net/rjqeql9nk0rw
http://up08.net/dnjjz3ibltyz
http://up08.net/ahvzmlbu53ix
http://up08.net/16vydzgn31b9
http://up08.net/qtry5njp7g01
http://up08.net/v85378c2go7e
http://up08.net/k1th8mkv7jwn
http://up08.net/hneu9q48w4rt
http://up08.net/7zirh6ihcdri
http://up08.net/155v0lkr3a98
http://up08.net/1sq1xalemo1g
http://up08.net/tmjmqqwye4hl
http://up08.net/z2aq6uhhupsl
http://up08.net/ayim1vudf6xt
http://up08.net/l9qt03a1d7ks
http://up08.net/9x6ysb6uigo4
http://up08.net/lg1wwtz12sy3
http://up08.net/zl6peppmikdz
http://up08.net/ufzlfl7707jl
http://up08.net/xoqxk7qsinta
http://up08.net/jo23xd0tsp6n
http://up08.net/e8zo5gfwgtt3
http://up08.net/fct5hxeijfux
http://up08.net/hciwyan8a732
http://up08.net/6hn1u684jp4s
http://up08.net/jsurpzz48nz4
http://up08.net/godl9wkqomrm
http://up08.net/1xn5vxuy0nro
http://up08.net/dllx06jvd2wf
http://up08.net/3aikwss5v27m
http://up08.net/38o6b7mum7zg
http://up08.net/kk0fos2ktkga
http://up08.net/etnqrhobibvu
http://up08.net/c27u3o4865d6
http://up08.net/ayhhv3pikgw5
http://up08.net/r415a8bf03iq
http://up08.net/5i4ozwfmwqrn
http://up08.net/8ln4el7ssu4h
http://up08.net/vgv29zw60zvx
http://up08.net/dkandgn55m32
http://up08.net/l4smaslgrbbs
http://up08.net/vworckg0c9xs
http://up08.net/qwwufy77xai5
http://up08.net/ocl4x6fwfgdn
http://up08.net/dxqarfg55qdx
http://up08.net/c13r3hvuhflz
http://up08.net/jm6pwvjao3lx
http://up08.net/47dra4c447vo
http://up08.net/um77vfw8vfnk
http://up08.net/54w3enki437w
http://up08.net/3sxcetejypmk
http://up08.net/e7bt74i2ofyy
http://up08.net/ti01iwjp920u
http://up08.net/4pjpp8e3jlah
http://up08.net/rapt6yxlwtkp
http://up08.net/r7ako4e7egja
http://up08.net/7zfzkg3z46q2
http://up08.net/qa3s8j8i8c8a
http://up08.net/bgu8dk8i9ido
http://up08.net/4e6cqgoxk6hn
http://up08.net/t280lb8cphob
http://up08.net/gtzn1g6virmk
http://up08.net/bs67l1rn6dlh
http://up08.net/99dj0dqx2wf9
http://up08.net/qya13mmvi0cl
http://up08.net/yvtl3w6a37nw
http://up08.net/mnpthrldarq9
http://up08.net/js8v8ol7o0d8
http://up08.net/3ccman9amz2u
http://up08.net/1zamaaulyo88
http://up08.net/y2x2984g8x8k
http://up08.net/3k2p7zd5hbyu
http://up08.net/l572nzu0ay2e
http://up08.net/fmphpv078ab1
http://up08.net/4d72fp8wva66
http://up08.net/qse6unahsdzr
http://up08.net/i5y3poswpicq
http://up08.net/qnjgi8p2sxjm
http://up08.net/7v0c1uhbvk73
http://up08.net/byjh8o6n6rur
http://up08.net/ytunucvv2230
http://up08.net/3bpguf0cxrm0
http://up08.net/pwwcyvu7srk9
http://up08.net/e1pkb71toq8q
http://up08.net/97bulywu5uv4
http://up08.net/smg8f1imvve6
http://up08.net/1prckivxyx2f
http://up08.net/vvm1ajbj0rwf
http://up08.net/xpywguk04mqq
http://up08.net/5f8wyuayutrb
http://up08.net/92rj7jfd7305
http://up08.net/1lpz8aogl77f
http://up08.net/mc8ku2szw68y
http://up08.net/kr18sytjkawe
http://up08.net/4mm0pd8xvnnb
http://up08.net/1gwodazp3cv6
http://up08.net/sbtfhyf5em1v
http://up08.net/jab24pvl8q6h
http://up08.net/n53m5oz6tub4
http://up08.net/d3wk9drclh2s
http://up08.net/o8a4ktdzhrz0
http://up08.net/esvn72i1mbdq
http://up08.net/ch4iu2lpui08
http://up08.net/dw5g44wehkyz
http://up08.net/9futdkjll0c4
http://up08.net/ih7vymplcfv8
http://up08.net/zko7l2cgnuqs
http://up08.net/gg897r28jbo3
http://up08.net/r9qtmm78ls5v
http://up08.net/g8aa5si5x1m5
http://up08.net/ndv36k7py2t9
http://up08.net/215pdoapyss4
http://up08.net/rt9mm7x2xbh8
http://up08.net/ittwgnctxtuv
http://up08.net/cy00lxxc1vtw
http://up08.net/5x9yjgo4ppkg
http://up08.net/4wiakvykdx4c
http://up08.net/j2vw1de6xuyw
http://up08.net/jf1e4nn6qek9
http://up08.net/e4fhr175ga32
http://up08.net/7hi1g5q7156x
http://up08.net/3pltdo8ioqyv
http://up08.net/pgpugkxkkqnh
http://up08.net/4be2acx4519m
http://up08.net/sqlbw6ov3al1
http://up08.net/v4q7ezlxaxep
http://up08.net/gaz8qypjx9aw
http://up08.net/ug569lmcfkqi
http://up08.net/fmd0sx1g4tw4
http://up08.net/zqj51j52cbvx
http://up08.net/bgwitwo09kj6
http://up08.net/3ik4i69z9c2p
http://up08.net/vj3csu1zq2g9
http://up08.net/wt1xppmrfcf7
http://up08.net/77rcyfxu6294
http://up08.net/xr6t4brpdq2q
http://up08.net/odu8ufn17osb
http://up08.net/i5s3qu74j4a4
http://up08.net/yjvkim9ol3td
http://up08.net/7lach635ggag
http://up08.net/yek2jpzugt1o
http://up08.net/9ctzv9gem3yq
http://up08.net/vwielpo2c4ms
http://up08.net/8nj8irxo5qap
http://up08.net/tbmlcend9yjk
http://up08.net/uyaa90teqtgb
http://up08.net/evioqrv3ug32
http://up08.net/ob2lc0z3m5oi
http://up08.net/27fbydb4eos6
http://up08.net/ce1uz0dxamap
http://up08.net/yiooyuop1663
http://up08.net/j906tygnb8kw
http://up08.net/pzffjrmmqqpt
http://up08.net/boysys7ipdzr
http://up08.net/q5j0lr4x3rby
http://up08.net/3h52f66fhm2h
http://up08.net/rp2jxxdcmuc1
http://up08.net/ttcp2dolr2ir
http://up08.net/blym4l5ayrf9
http://up08.net/1ou9dsxl70dz
http://up08.net/se66bpn8scry
http://up08.net/ufwo6j2uuppt
http://up08.net/ve6az7l81z39
http://up08.net/gbvz57l46piq
http://up08.net/nrsxxi1mdcq4
http://up08.net/etr4xyumm0kn
http://up08.net/nrb6bw3z04xk
http://up08.net/o76cabjss3xt
http://up08.net/m7eyuiznffla
http://up08.net/wh4zugp18bcw
http://up08.net/bg1eh3x4wxnl
http://up08.net/srne6zdngpl7
http://up08.net/u40s3fptyzvv
http://up08.net/gjzrbrd64a0k
http://up08.net/t6blkjxsfiuw
http://up08.net/1c8ld717x9o3
http://up08.net/rwarxg9q6tex
http://up08.net/xrsn2szajmb2
http://up08.net/xh0uoxe5ng76
http://up08.net/05d03ddudd3v
http://up08.net/1untwjg1nryt
http://up08.net/yrgzxftjjety
http://up08.net/m8d7pgu1zbui
http://up08.net/w6po34bcb1sa
http://up08.net/ancj3lwn9sjy
http://up08.net/jxh803vehu0d
http://up08.net/0lae30tezrg8
http://up08.net/x82r6uxmittu
http://up08.net/asq6tfox7hor
http://up08.net/i2sa5rq7k8rs
http://up08.net/euchp2zixaqc
http://up08.net/vh0a4vooex45
http://up08.net/klnyxhfx97uu
http://up08.net/6vb9knriowrs
http://up08.net/s59x4qco4p51
http://up08.net/qe0vehstadup
http://up08.net/krh7cttsr6qy
http://up08.net/logp3q4t01ld
http://up08.net/tb3mafllhc1j
http://up08.net/rp3rdcbd0s8g
http://up08.net/jtxkxdsegtma
http://up08.net/ro8vf1kc6bs9
http://up08.net/d89lvon35oaq
http://up08.net/hllyvd3qfp73
http://up08.net/xnv9f286doq3
http://up08.net/p2iqpmwau8jw
http://up08.net/bjqopz5acb7h
http://up08.net/esf0y5fm5mxp
http://up08.net/6jdx1o9efq8i
http://up08.net/p3iw45ct3j4f
http://up08.net/zcaye476f2c4
http://up08.net/trl8jc7qvikt
http://up08.net/yscpexdjzscy
http://up08.net/siodokjcbuxy
http://up08.net/4joh6wx538d6
http://up08.net/9xtfpsqzstad
http://up08.net/nyea6sxgbwk6
http://up08.net/cr3wf3857uoo
http://up08.net/xn2hceeavksq
http://up08.net/e2ynpocurfl0
http://up08.net/jpd4az6t0a9p
http://up08.net/tzuqw2l2yzkp
http://up08.net/0mikupsx516h
http://up08.net/nohc00id39xw
http://up08.net/ep77f8i34dqg
http://up08.net/94m5ad7vl66m
http://up08.net/mvv08mz926xr
http://up08.net/ymg5f09qbdbc
http://up08.net/p79ax8fxgqga
http://up08.net/v9byyvq77mm5
http://up08.net/x58ne66mgvtz
http://up08.net/ur18g5oacqt5
http://up08.net/9j841xxdmn8m
http://up08.net/fblat4zl0d00
http://up08.net/x0vwl8gupshg
http://up08.net/8yyjq30hla09
http://up08.net/low4ehvby5ht
http://up08.net/8q4s12dd6i1i
http://up08.net/rr30b4i4ocvi
http://up08.net/nroj3l5klb96
http://up08.net/wfiogr8nuq7v
http://up08.net/ih25weov4k7f
http://up08.net/pvm2lczail3z
http://up08.net/yy35h00fqvmn
http://up08.net/szlek633znwv
http://up08.net/5m3ggy7ppkh3
http://up08.net/t949qw6huyx9
http://up08.net/ndfsuppjrajh
http://up08.net/d3c0g66rwgj0
http://up08.net/8m6858wyhg5n
http://up08.net/o2d84h8uspsf
http://up08.net/jj1xpghesmef
http://up08.net/ag8t9h103lwz
http://up08.net/hvtbulutp7ai
http://up08.net/x8xzfih3j8v1
http://up08.net/46iav44aclk8
http://up08.net/0caa1i12dxrs
http://up08.net/hsem6zpmvbqq
http://up08.net/kydxreaghkfk
http://up08.net/gx08nyr4yior
http://up08.net/vxtgi8fpzr8h
http://up08.net/2ebgq4lpxa0c
http://up08.net/n6723hdxagtb
http://up08.net/4fe3it3woqyr
http://up08.net/hntigrawu2mk
http://up08.net/gz18bd8eplrq
http://up08.net/tu2itaph61hy
http://up08.net/6q6b84p4r0sz
http://up08.net/g2heejkidbik
http://up08.net/e6rfu4zpsqe9
http://up08.net/ldy3qyork0v9
http://up08.net/lxtzv9wje09b
http://up08.net/z01ljuhc5hg9
http://up08.net/ncr39ztkgu4i
http://up08.net/96gquuf1e0df
http://up08.net/c87pzlmnz3ic
http://up08.net/pon5ka35oiqp
http://up08.net/0ar4wysm3y9r
http://up08.net/khpmn8lljuu5
http://up08.net/y8xmfok37aai
http://up08.net/iwnlayn5zi0m
http://up08.net/zqonljoe3btj
http://up08.net/nu1pbhu0v48h
http://up08.net/6r5dlccvjjww
http://up08.net/t64fu2nav2si
http://up08.net/8gip43ayi7up
http://up08.net/aq62aqc6jps4
http://up08.net/e0a4s2rxkcx3
http://up08.net/xs5dpo4bcp0u
http://up08.net/rpmht9duilag
http://up08.net/l0xsgnp2nbmy
http://up08.net/qwoks2jaeujc
http://up08.net/umvuzjcp7i54
http://up08.net/97j0cfjk1b5n
http://up08.net/68bt4rhaljpk
http://up08.net/hug6egfipggj
http://up08.net/ckpuwfrv203j
http://up08.net/j1z2j0e0fnfv
http://up08.net/ujo41lncrthp
http://up08.net/1k8xx7lukvr5
http://up08.net/klzhgwjoz1yj
http://up08.net/8m3kop9hgzxd
http://up08.net/d1613jmo1zxr
http://up08.net/ic2kcyb5f7hb
http://up08.net/ojx9xfi1567u
http://up08.net/p1ub52kht6mg
http://up08.net/rm2q3dtgl6z1
http://up08.net/cv5k8x1l6d24
http://up08.net/ps0ucnfl6mx8
http://up08.net/r8phpo8rp7z1
http://up08.net/m8qehieayf36
http://up08.net/tosv70jato0q
http://up08.net/0wqys90zhs3m
http://up08.net/yhqmhlfyu747
http://up08.net/55hsu0phnu8n
http://up08.net/wzvpznpj2fzw
http://up08.net/9aupdqn99goz
http://up08.net/4dgtb1tmdkj7
http://up08.net/neece0q7ycvq
http://up08.net/2gdbg2lqojyw
http://up08.net/c76zrfu4cz8h
http://up08.net/qitc19tp49i1
http://up08.net/gtqrnnuvj9if
http://up08.net/wumcv2v010wn
http://up08.net/59vxxrl5iuev
http://up08.net/watcjm6c7265
http://up08.net/dpuepo5cbd2k
http://up08.net/z1r0qyqfv8hp
http://up08.net/63fqpv14khon
http://up08.net/22eh2eip29ct
http://up08.net/aai9av2seoif
http://up08.net/sk6t4qyg7ucm
http://up08.net/abevsr97u5gr
http://up08.net/2y653xwzlumr
http://up08.net/t2lf40oyy9v6
http://up08.net/f7j1z6n0kaqw
http://up08.net/2f10q89qhe2z
http://up08.net/bceiiioyf3q1
http://up08.net/nw1kloozv6co
http://up08.net/lxe90vxwiart
http://up08.net/tt8do3yt845f
http://up08.net/dftvc3rg9b14
http://up08.net/29blv32g8nan
http://up08.net/q0ch2a2kr2rz
http://up08.net/x0gxb8of6akr
http://up08.net/qq4s7du2jjtl
http://up08.net/tud6hq3np29j
http://up08.net/217ykbz65d5l
http://up08.net/3iccza0lw1cg
http://up08.net/96yw2qp0dnwr
http://up08.net/h7zeiohoftha
http://up08.net/rse5rxptyumu
http://up08.net/mlzzn4zdi822
http://up08.net/wf35a4i2v5z1
http://up08.net/g64j3mwft59b
http://up08.net/0qr2rcpp0yk9
http://up08.net/wx1fe4jly73j
http://up08.net/sj4kqx48ag2q
http://up08.net/hu218jkzac0y
http://up08.net/vxgnrxn1qf4k
http://up08.net/i46kpq6v2jjm
http://up08.net/8nieoyp6abhd
http://up08.net/n1gpibbb6703
http://up08.net/b0ffyntv6rmr
http://up08.net/xgg41mvbnjzc
http://up08.net/zqdeqjsfaaor
http://up08.net/k68034wdrg8j
http://up08.net/oa2vd902gy9h
http://up08.net/w6ctvz40cuuw
http://up08.net/rwcxuklq8oce
http://up08.net/o5o2wo9l65gy
http://up08.net/gx33phl7jswh
http://up08.net/07zz10dis5fz
http://up08.net/uflbp7swzlhz
http://up08.net/ney7m5cj6o9d
http://up08.net/4ii7jo6j23eq
http://up08.net/w3o6o98p31n9
http://up08.net/9q32lafd5fcw
http://up08.net/x3e6pjbeb7pc
http://up08.net/23whd4dzbhob
http://up08.net/z4qh3lcom3vs
http://up08.net/xxewm3uj4mtg
http://up08.net/cm8qedmepjg0
http://up08.net/b71srfvu63th
http://up08.net/6rexnfgc5mq2
http://up08.net/wcr63pv1zalc
http://up08.net/d7y3hfo80d3t
http://up08.net/96t1sbmwcz9f
http://up08.net/zrjd2sb5r6vw
http://up08.net/u8as29y0dslh
http://up08.net/duenmsfaf6su
http://up08.net/yrl1ayvo3y04
http://up08.net/xwgis7cz1mfw
http://up08.net/q5bl22so4b0x
http://up08.net/moxfx5b2oarv
http://up08.net/8ephfpblryqj
http://up08.net/20jnl06seh5y
http://up08.net/gqv7zqfo99tk
http://up08.net/5cmwxx4248h7
http://up08.net/6memq47irifr
http://up08.net/us4yn0272fav
http://up08.net/ejyr7zy4jn46
http://up08.net/7rjfx5ceaxil
http://up08.net/s5khvkj1i082
http://up08.net/jnuio57j2yu4
http://up08.net/4oe24j2ojzbo
http://up08.net/ra179okrgi3k
http://up08.net/0epvii1x459w
http://up08.net/79as3o38fe3j
http://up08.net/2d3s6m78h3wg
http://up08.net/f8kz6s5to2bv
http://up08.net/ntpjbd2snmj7
http://up08.net/002w3sfjihff
http://up08.net/26knggwyxe2s
http://up08.net/qt91uxlu1df9
http://up08.net/kuypb3pm8y5b
http://up08.net/njbxki1wnj7v
http://up08.net/crve30xpvzrg
http://up08.net/tij8h3kx3ydv
http://up08.net/ta2wz9lps62b
http://up08.net/48pt9mjje04n
http://up08.net/hsm80ybf1q2r
http://up08.net/vombgpiwoa5f
http://up08.net/8tms6sdxo3f5
http://up08.net/1xnldox9judy
http://up08.net/srdq4d0kgdgf
http://up08.net/3181muzyx5v9
http://up08.net/ypdn6ujz7bqk
http://up08.net/ga6g2a0pnj3q
http://up08.net/zshj10ez4xcd
http://up08.net/46fyb7nssavd
http://up08.net/wuio4tftwi62
http://up08.net/by9sbq6amrpi
http://up08.net/7wbydgb1f0i5
http://up08.net/3z66ndvru4a6
http://up08.net/08aqeh4n53u9
http://up08.net/ltsxlexgks4d
http://up08.net/bymx7zf0c207
http://up08.net/9e9cfqk8wugb
http://up08.net/it19iqzqctli
http://up08.net/b5j6rqvs1951
http://up08.net/3s4sg7ng57br
http://up08.net/46qjk04qapr7
http://up08.net/s40s07o76lyc
http://up08.net/swgp29j2rdcq
http://up08.net/l67445hlc5g1
http://up08.net/rkrxvpmadeeu
http://up08.net/9bcjgeml6mo8
http://up08.net/i64ivocc9a05
http://up08.net/opesbaojpl2y
http://up08.net/bofrbjexxe09
http://up08.net/bn0lirii6hky
http://up08.net/9mmmr20vqh4z
http://up08.net/lgwqwwtcevsh
http://up08.net/ek1epfey8443
http://up08.net/eikbok7zsyfk
http://up08.net/evrtkqz82qcd
http://up08.net/d2z3rtysuuzj
http://up08.net/3ibp7391jwo3
http://up08.net/gwkfwjuz4xw8
http://up08.net/l4id0sq77sra
http://up08.net/wotjzhcvxnr5
http://up08.net/7268s96b18io
http://up08.net/c2w03lbz581v
http://up08.net/4aavm1p9zg1r
http://up08.net/eurg8zmbovva
http://up08.net/0dwv0osn684g
http://up08.net/sixwdx2li94a
http://up08.net/l60e36qvubp2
http://up08.net/fupt1szdb1hb
http://up08.net/6ngpj0bbu8ph
http://up08.net/wnpyb3wrr317
http://up08.net/4900mynoazc4
http://up08.net/pavsdbzzuu4l
http://up08.net/q30zytwu9opo
http://up08.net/lu8vlte9nyfw
http://up08.net/b3rmwtv8gmvd
http://up08.net/oevs84szc2qi
http://up08.net/q4tdg2slsbha
http://up08.net/qc3vr4pp1tfk
http://up08.net/i8gtmag0auw4
http://up08.net/kqmf3zkolhmh
http://up08.net/99i2olceuul8
http://up08.net/ocob2a4ah7z5
http://up08.net/wuj8hxi283z3
http://up08.net/0hssi3c6y4n1
http://up08.net/sq13umm6dqs0
http://up08.net/e7w77s407mlc
http://up08.net/68hj646mwrvf
http://up08.net/8w2zp1uxxeee
http://up08.net/u4w1eupvti6p
http://up08.net/i9n7pxxecu0w
http://up08.net/dbbyjqjfyyrq
http://up08.net/wnrocv0qoeyi
http://up08.net/5vvipjm37zab
http://up08.net/rnk6ck1nd2w9
http://up08.net/jb5am8bfh4u9
http://up08.net/pnpezzejwbkj
http://up08.net/emxww2mcjl3q
http://up08.net/0su1nmnm7e1l
http://up08.net/ce8hsbsmu5o8
http://up08.net/6a13qbh3r98c
http://up08.net/w445n2w8t3x2
http://up08.net/qqbqsnse9sx4
http://up08.net/tkfpk7xyhqmk
http://up08.net/y191r6b37z6m
http://up08.net/c9t2wm0q4job
http://up08.net/49dw2762ivr6
http://up08.net/tlrswertyryb
http://up08.net/wiiumb070p3z
http://up08.net/6ctw2it9mgqi
http://up08.net/zytr6s0xnp4w
http://up08.net/jt3she9l88xr
http://up08.net/fkwqc1skfw92
http://up08.net/f2m9g414cpad
http://up08.net/84526hdkpfxo
http://up08.net/rx20jngw3s5w
http://up08.net/yg67sj752l1j
http://up08.net/wyfvyglv34up
http://up08.net/dazt1snpwt53
http://up08.net/upk7ju5mowwo
http://up08.net/0mdi7u3qg950
http://up08.net/sj39vk9ke0om
http://up08.net/6c9unhjkpoad
http://up08.net/oo66kqrhme8d
http://up08.net/5n101eii3sev
http://up08.net/b2i2uq0a3efh
http://up08.net/raiu09aexmww
http://up08.net/z5mztj84lv28
http://up08.net/up2tyt64gc2p
http://up08.net/ra4znk2o0t4a
http://up08.net/f5eoqoz1hece
http://up08.net/jh639nx6g9ao
http://up08.net/csou4ektafrr
http://up08.net/fcl2eb690chp
http://up08.net/kjluc3kn66rq
http://up08.net/s7sormyw6s1e
http://up08.net/6qux7t67g3ls
http://up08.net/dox9tlray6zi
http://up08.net/pewlaqm3m4vo
http://up08.net/tj5a75mlsdyf
http://up08.net/0wa1s92iibtf
http://up08.net/fmi59mazmz12
http://up08.net/lvrv61aq5ebv
http://up08.net/t6jjgjcx12zz
http://up08.net/rx4n25ki0tj5
http://up08.net/hz572o7465on
http://up08.net/x8plz4pmku0s
http://up08.net/zmu89crxcnni
http://up08.net/0gkofe9kuy7p
http://up08.net/sqn0k398o2xt
http://up08.net/v4q057ilgvx9
http://up08.net/n5wayaaj7m79
http://up08.net/ew47mze6yiar
http://up08.net/nhdblxb9xhz0
http://up08.net/nxscwu4xm3th
http://up08.net/nvmhobxv8os7
http://up08.net/569g93yetesa
http://up08.net/llhddq3hs1ef
http://up08.net/s2x9c41g0zos
http://up08.net/bombl2e2wdmm
http://up08.net/h2itlrd4vg6b
http://up08.net/1ccuuv9uqfk9
http://up08.net/3x0hi1dlw085
http://up08.net/0saj1gg1fw97
http://up08.net/h9oyxxg287wy
http://up08.net/xp74hsklhm7k
http://up08.net/o0dlw6mxavbd
http://up08.net/s8bh6jpl2042
http://up08.net/v2u5lh0ivxlv
http://up08.net/gu0d904eic9j
http://up08.net/pccli0chdj68
http://up08.net/bd0zcqbrmcak
http://up08.net/i1sdl14je0nl
http://up08.net/tno7dupbi2qo
http://up08.net/at41dqskhrb8
http://up08.net/u2iw0lmhtktx
http://up08.net/a0mvw9xtcp9h
http://up08.net/znh24cocajrh
http://up08.net/gri2qwvzzbou
http://up08.net/gx37e6i03i17
http://up08.net/4lui8z8dvb4n
http://up08.net/d5yj6tk6h9q4
http://up08.net/2o9nm6gf4r27
http://up08.net/5ck2mqma36pm
http://up08.net/gmu1awn4g33a
http://up08.net/rvlcu9a6ohmf
http://up08.net/29fvlurnd444
http://up08.net/vcxfhjkb71mw
http://up08.net/is21z8092bf2
http://up08.net/p9tpwp2wtjar
http://up08.net/dt7w5prhanlk
http://up08.net/n67v3pg70eqg
http://up08.net/ppm2to4oigfj
http://up08.net/wkja0ecaqj0f
http://up08.net/304yi4g39ax7
http://up08.net/7yj6pt049ao2
http://up08.net/52450v2ujzzy
http://up08.net/26zd9gym0m3g
http://up08.net/i89r4rosrksi
http://up08.net/be8l9fug1tca
http://up08.net/gy7sbemc2wat
http://up08.net/vennz5q0ydd4
http://up08.net/tqad4xcfs8ff
http://up08.net/5uwcw0bcdfnc
http://up08.net/ftwuq2afkntd
http://up08.net/x7folos2via8
http://up08.net/6b3wb8p4pu98
http://up08.net/xpop4cb6cj7j
http://up08.net/3p4jmhdydjna
http://up08.net/flf1v3reat09
http://up08.net/g1ooxpbovjdo
http://up08.net/la8wfkv4tw4r
http://up08.net/cy2pcdyxb4lq
http://up08.net/smabj7hz8ip2
http://up08.net/j6abfw72kcal
http://up08.net/um79s4rdgaln
http://up08.net/51mv40ss8rrp
http://up08.net/xxv7p45wkhi7
http://up08.net/ppr8nsn2txac
http://up08.net/44mrnnq793xs
http://up08.net/c8dvs86vekzr
http://up08.net/aspfqwocms6l
http://up08.net/55ajm5fxajxl
http://up08.net/f5z5lsbhrdre
http://up08.net/tyjb3mqyikut
http://up08.net/lzmwl4j283kh
http://up08.net/xhggm46d22ez
http://up08.net/ja3znhwhjk90
http://up08.net/28ocdeae6rr9
http://up08.net/0jq5oxlg8n0d
http://up08.net/73wb6fh30a0i
http://up08.net/1e59z6518ieh
http://up08.net/ghtd2v1ep4bx
http://up08.net/4ob6dco2ahtt
http://up08.net/umsjbrga9mql
http://up08.net/wfv3r2zi8adj
http://up08.net/tb2rja934l2m
http://up08.net/lmbryor046c0
http://up08.net/iyv8qfonkpcr
http://up08.net/29eqz7fg1kkb
http://up08.net/b96tlyz17jlj
http://up08.net/lk0jaj8dorfs
http://up08.net/zhiks0wfhmok
http://up08.net/n7alslp3ab6d
http://up08.net/dciztdgcxz3q
http://up08.net/q8zfhh2ni6ix
http://up08.net/bhtqrcz2p52d
http://up08.net/dg8tcuy9qoge
http://up08.net/diyn6zj3u3zs
http://up08.net/15wim4a4f8ck
http://up08.net/sjhg9jgqvynq
http://up08.net/p3ohap29w9e6
http://up08.net/gxz7kubuysm7